{"timestamp":"2026-10-08T14:52:31.289349Z","level":"info","event":"DAG bundles loaded: dags-folder","logger":"airflow.dag_processing.bundles.manager.DagBundlesManager","filename":"manager.py","lineno":179}
{"timestamp":"2026-10-08T14:52:31.294331Z","level":"info","event":"Filling up the DagBag from /opt/airflow/dags/reliable_music_pipeline.py","logger":"airflow.models.dagbag.BundleDagBag","filename":"dagbag.py","lineno":593}
{"timestamp":"2026-10-08T14:52:31.366168Z","level":"info","event":"Stats instance was created in PID 7 but accessed in PID 734. Re-initializing.","logger":"airflow.stats","filename":"stats.py","lineno":57}
{"timestamp":"2026-10-08T14:52:33.051061Z","level":"info","event":"Skipping registering function get_context because it does not have a class","logger":"great_expectations._docs_decorators","filename":"_docs_decorators.py","lineno":115}
{"timestamp":"2026-10-08T14:52:39.327179Z","level":"warning","event":"/home/airflow/.local/lib/python3.12/site-packages/requests/__init__.py:113: RequestsDependencyWarning: urllib3 (2.6.3) or chardet (6.0.0.post1)/charset_normalizer (3.4.5) doesn't match a supported version!\n  warnings.warn(\n","logger":"py.warnings","filename":"warnings.py","lineno":112}
{"timestamp":"2026-10-08T14:52:45.266298Z","level":"warning","event":"/home/airflow/.local/lib/python3.12/site-packages/snowflake/connector/vendored/requests/__init__.py:113: RequestsDependencyWarning: urllib3 (2.5.0) or chardet (6.0.0.post1)/charset_normalizer (3.4.5) doesn't match a supported version!\n  warnings.warn(\n","logger":"py.warnings","filename":"warnings.py","lineno":112}
{"timestamp":"2026-10-08T14:52:46.653921Z","level":"info","event":"Skipping registering function DataSourceManager._register_add_datasource.<locals>.crud_method_info because it is a closure","logger":"great_expectations._docs_decorators","filename":"_docs_decorators.py","lineno":109}
{"timestamp":"2026-10-08T14:52:46.655386Z","level":"info","event":"Skipping registering function DataSourceManager._register_update_datasource.<locals>.crud_method_info because it is a closure","logger":"great_expectations._docs_decorators","filename":"_docs_decorators.py","lineno":109}
{"timestamp":"2026-10-08T14:52:46.655993Z","level":"info","event":"Skipping registering function DataSourceManager._register_add_or_update_datasource.<locals>.crud_method_info because it is a closure","logger":"great_expectations._docs_decorators","filename":"_docs_decorators.py","lineno":109}
{"timestamp":"2026-10-08T14:52:46.656751Z","level":"info","event":"Skipping registering function DataSourceManager._register_delete_datasource.<locals>.crud_method_info because it is a closure","logger":"great_expectations._docs_decorators","filename":"_docs_decorators.py","lineno":109}
{"timestamp":"2026-10-08T14:52:46.686020Z","level":"info","event":"Skipping registering function DataSourceManager._register_add_datasource.<locals>.crud_method_info because it is a closure","logger":"great_expectations._docs_decorators","filename":"_docs_decorators.py","lineno":109}
{"timestamp":"2026-10-08T14:52:46.687411Z","level":"info","event":"Skipping registering function DataSourceManager._register_update_datasource.<locals>.crud_method_info because it is a closure","logger":"great_expectations._docs_decorators","filename":"_docs_decorators.py","lineno":109}
{"timestamp":"2026-10-08T14:52:46.688801Z","level":"info","event":"Skipping registering function DataSourceManager._register_add_or_update_datasource.<locals>.crud_method_info because it is a closure","logger":"great_expectations._docs_decorators","filename":"_docs_decorators.py","lineno":109}
{"timestamp":"2026-10-08T14:52:46.689369Z","level":"info","event":"Skipping registering function DataSourceManager._register_delete_datasource.<locals>.crud_method_info because it is a closure","logger":"great_expectations._docs_decorators","filename":"_docs_decorators.py","lineno":109}
{"timestamp":"2026-10-08T14:52:46.728216Z","level":"info","event":"Skipping registering function DataSourceManager._register_add_datasource.<locals>.crud_method_info because it is a closure","logger":"great_expectations._docs_decorators","filename":"_docs_decorators.py","lineno":109}
{"timestamp":"2026-10-08T14:52:46.729099Z","level":"info","event":"Skipping registering function DataSourceManager._register_update_datasource.<locals>.crud_method_info because it is a closure","logger":"great_expectations._docs_decorators","filename":"_docs_decorators.py","lineno":109}
{"timestamp":"2026-10-08T14:52:46.729642Z","level":"info","event":"Skipping registering function DataSourceManager._register_add_or_update_datasource.<locals>.crud_method_info because it is a closure","logger":"great_expectations._docs_decorators","filename":"_docs_decorators.py","lineno":109}
{"timestamp":"2026-10-08T14:52:46.730017Z","level":"info","event":"Skipping registering function DataSourceManager._register_delete_datasource.<locals>.crud_method_info because it is a closure","logger":"great_expectations._docs_decorators","filename":"_docs_decorators.py","lineno":109}
{"timestamp":"2026-10-08T14:52:46.750115Z","level":"info","event":"Skipping registering function DataSourceManager._register_add_datasource.<locals>.crud_method_info because it is a closure","logger":"great_expectations._docs_decorators","filename":"_docs_decorators.py","lineno":109}
{"timestamp":"2026-10-08T14:52:46.751074Z","level":"info","event":"Skipping registering function DataSourceManager._register_update_datasource.<locals>.crud_method_info because it is a closure","logger":"great_expectations._docs_decorators","filename":"_docs_decorators.py","lineno":109}
{"timestamp":"2026-10-08T14:52:46.757656Z","level":"info","event":"Skipping registering function DataSourceManager._register_add_or_update_datasource.<locals>.crud_method_info because it is a closure","logger":"great_expectations._docs_decorators","filename":"_docs_decorators.py","lineno":109}
{"timestamp":"2026-10-08T14:52:46.758607Z","level":"info","event":"Skipping registering function DataSourceManager._register_delete_datasource.<locals>.crud_method_info because it is a closure","logger":"great_expectations._docs_decorators","filename":"_docs_decorators.py","lineno":109}
{"timestamp":"2026-10-08T14:52:46.784007Z","level":"info","event":"Skipping registering function DataSourceManager._register_add_datasource.<locals>.crud_method_info because it is a closure","logger":"great_expectations._docs_decorators","filename":"_docs_decorators.py","lineno":109}
{"timestamp":"2026-10-08T14:52:46.786841Z","level":"info","event":"Skipping registering function DataSourceManager._register_update_datasource.<locals>.crud_method_info because it is a closure","logger":"great_expectations._docs_decorators","filename":"_docs_decorators.py","lineno":109}
{"timestamp":"2026-10-08T14:52:46.788890Z","level":"info","event":"Skipping registering function DataSourceManager._register_add_or_update_datasource.<locals>.crud_method_info because it is a closure","logger":"great_expectations._docs_decorators","filename":"_docs_decorators.py","lineno":109}
{"timestamp":"2026-10-08T14:52:46.790491Z","level":"info","event":"Skipping registering function DataSourceManager._register_delete_datasource.<locals>.crud_method_info because it is a closure","logger":"great_expectations._docs_decorators","filename":"_docs_decorators.py","lineno":109}
{"timestamp":"2026-10-08T14:52:47.551170Z","level":"info","event":"Skipping registering function DataSourceManager._register_add_datasource.<locals>.crud_method_info because it is a closure","logger":"great_expectations._docs_decorators","filename":"_docs_decorators.py","lineno":109}
{"timestamp":"2026-10-08T14:52:47.552205Z","level":"info","event":"Skipping registering function DataSourceManager._register_update_datasource.<locals>.crud_method_info because it is a closure","logger":"great_expectations._docs_decorators","filename":"_docs_decorators.py","lineno":109}
{"timestamp":"2026-10-08T14:52:47.552726Z","level":"info","event":"Skipping registering function DataSourceManager._register_add_or_update_datasource.<locals>.crud_method_info because it is a closure","logger":"great_expectations._docs_decorators","filename":"_docs_decorators.py","lineno":109}
{"timestamp":"2026-10-08T14:52:47.553134Z","level":"info","event":"Skipping registering function DataSourceManager._register_delete_datasource.<locals>.crud_method_info because it is a closure","logger":"great_expectations._docs_decorators","filename":"_docs_decorators.py","lineno":109}
{"timestamp":"2026-10-08T14:52:48.109952Z","level":"info","event":"Skipping registering function DataSourceManager._bind_asset_factory_method_if_not_present.<locals>._add_asset_factory because it is a closure","logger":"great_expectations._docs_decorators","filename":"_docs_decorators.py","lineno":109}
{"timestamp":"2026-10-08T14:52:48.111481Z","level":"info","event":"Skipping registering function DataSourceManager._bind_asset_factory_method_if_not_present.<locals>._add_asset_factory because it is a closure","logger":"great_expectations._docs_decorators","filename":"_docs_decorators.py","lineno":109}
{"timestamp":"2026-10-08T14:52:48.112839Z","level":"info","event":"Skipping registering function DataSourceManager._bind_asset_factory_method_if_not_present.<locals>._add_asset_factory because it is a closure","logger":"great_expectations._docs_decorators","filename":"_docs_decorators.py","lineno":109}
{"timestamp":"2026-10-08T14:52:48.118925Z","level":"info","event":"Skipping registering function DataSourceManager._bind_asset_factory_method_if_not_present.<locals>._add_asset_factory because it is a closure","logger":"great_expectations._docs_decorators","filename":"_docs_decorators.py","lineno":109}
{"timestamp":"2026-10-08T14:52:48.122024Z","level":"info","event":"Skipping registering function DataSourceManager._bind_asset_factory_method_if_not_present.<locals>._add_asset_factory because it is a closure","logger":"great_expectations._docs_decorators","filename":"_docs_decorators.py","lineno":109}
{"timestamp":"2026-10-08T14:52:48.123347Z","level":"info","event":"Skipping registering function DataSourceManager._bind_asset_factory_method_if_not_present.<locals>._add_asset_factory because it is a closure","logger":"great_expectations._docs_decorators","filename":"_docs_decorators.py","lineno":109}
{"timestamp":"2026-10-08T14:52:48.124770Z","level":"info","event":"Skipping registering function DataSourceManager._bind_asset_factory_method_if_not_present.<locals>._add_asset_factory because it is a closure","logger":"great_expectations._docs_decorators","filename":"_docs_decorators.py","lineno":109}
{"timestamp":"2026-10-08T14:52:48.125673Z","level":"info","event":"Skipping registering function DataSourceManager._bind_asset_factory_method_if_not_present.<locals>._add_asset_factory because it is a closure","logger":"great_expectations._docs_decorators","filename":"_docs_decorators.py","lineno":109}
{"timestamp":"2026-10-08T14:52:48.127266Z","level":"info","event":"Skipping registering function DataSourceManager._bind_asset_factory_method_if_not_present.<locals>._add_asset_factory because it is a closure","logger":"great_expectations._docs_decorators","filename":"_docs_decorators.py","lineno":109}
{"timestamp":"2026-10-08T14:52:48.128679Z","level":"info","event":"Skipping registering function DataSourceManager._bind_asset_factory_method_if_not_present.<locals>._add_asset_factory because it is a closure","logger":"great_expectations._docs_decorators","filename":"_docs_decorators.py","lineno":109}
{"timestamp":"2026-10-08T14:52:48.129956Z","level":"info","event":"Skipping registering function DataSourceManager._bind_asset_factory_method_if_not_present.<locals>._add_asset_factory because it is a closure","logger":"great_expectations._docs_decorators","filename":"_docs_decorators.py","lineno":109}
{"timestamp":"2026-10-08T14:52:48.131245Z","level":"info","event":"Skipping registering function DataSourceManager._bind_asset_factory_method_if_not_present.<locals>._add_asset_factory because it is a closure","logger":"great_expectations._docs_decorators","filename":"_docs_decorators.py","lineno":109}
{"timestamp":"2026-10-08T14:52:48.135182Z","level":"info","event":"Skipping registering function DataSourceManager._bind_asset_factory_method_if_not_present.<locals>._add_asset_factory because it is a closure","logger":"great_expectations._docs_decorators","filename":"_docs_decorators.py","lineno":109}
{"timestamp":"2026-10-08T14:52:48.137142Z","level":"info","event":"Skipping registering function DataSourceManager._bind_asset_factory_method_if_not_present.<locals>._add_asset_factory because it is a closure","logger":"great_expectations._docs_decorators","filename":"_docs_decorators.py","lineno":109}
{"timestamp":"2026-10-08T14:52:48.139524Z","level":"info","event":"Skipping registering function DataSourceManager._register_add_datasource.<locals>.crud_method_info because it is a closure","logger":"great_expectations._docs_decorators","filename":"_docs_decorators.py","lineno":109}
{"timestamp":"2026-10-08T14:52:48.140832Z","level":"info","event":"Skipping registering function DataSourceManager._register_update_datasource.<locals>.crud_method_info because it is a closure","logger":"great_expectations._docs_decorators","filename":"_docs_decorators.py","lineno":109}
{"timestamp":"2026-10-08T14:52:48.141438Z","level":"info","event":"Skipping registering function DataSourceManager._register_add_or_update_datasource.<locals>.crud_method_info because it is a closure","logger":"great_expectations._docs_decorators","filename":"_docs_decorators.py","lineno":109}
{"timestamp":"2026-10-08T14:52:48.141799Z","level":"info","event":"Skipping registering function DataSourceManager._register_delete_datasource.<locals>.crud_method_info because it is a closure","logger":"great_expectations._docs_decorators","filename":"_docs_decorators.py","lineno":109}
{"timestamp":"2026-10-08T14:52:48.163213Z","level":"info","event":"Skipping registering function DataSourceManager._register_add_datasource.<locals>.crud_method_info because it is a closure","logger":"great_expectations._docs_decorators","filename":"_docs_decorators.py","lineno":109}
{"timestamp":"2026-10-08T14:52:48.164361Z","level":"info","event":"Skipping registering function DataSourceManager._register_update_datasource.<locals>.crud_method_info because it is a closure","logger":"great_expectations._docs_decorators","filename":"_docs_decorators.py","lineno":109}
{"timestamp":"2026-10-08T14:52:48.165014Z","level":"info","event":"Skipping registering function DataSourceManager._register_add_or_update_datasource.<locals>.crud_method_info because it is a closure","logger":"great_expectations._docs_decorators","filename":"_docs_decorators.py","lineno":109}
{"timestamp":"2026-10-08T14:52:48.165816Z","level":"info","event":"Skipping registering function DataSourceManager._register_delete_datasource.<locals>.crud_method_info because it is a closure","logger":"great_expectations._docs_decorators","filename":"_docs_decorators.py","lineno":109}
{"timestamp":"2026-10-08T14:52:48.206368Z","level":"info","event":"Skipping registering function DataSourceManager._bind_asset_factory_method_if_not_present.<locals>._add_asset_factory because it is a closure","logger":"great_expectations._docs_decorators","filename":"_docs_decorators.py","lineno":109}
{"timestamp":"2026-10-08T14:52:48.208049Z","level":"info","event":"Skipping registering function DataSourceManager._bind_asset_factory_method_if_not_present.<locals>._add_asset_factory because it is a closure","logger":"great_expectations._docs_decorators","filename":"_docs_decorators.py","lineno":109}
{"timestamp":"2026-10-08T14:52:48.210452Z","level":"info","event":"Skipping registering function DataSourceManager._bind_asset_factory_method_if_not_present.<locals>._add_asset_factory because it is a closure","logger":"great_expectations._docs_decorators","filename":"_docs_decorators.py","lineno":109}
{"timestamp":"2026-10-08T14:52:48.211967Z","level":"info","event":"Skipping registering function DataSourceManager._bind_asset_factory_method_if_not_present.<locals>._add_asset_factory because it is a closure","logger":"great_expectations._docs_decorators","filename":"_docs_decorators.py","lineno":109}
{"timestamp":"2026-10-08T14:52:48.213368Z","level":"info","event":"Skipping registering function DataSourceManager._bind_asset_factory_method_if_not_present.<locals>._add_asset_factory because it is a closure","logger":"great_expectations._docs_decorators","filename":"_docs_decorators.py","lineno":109}
{"timestamp":"2026-10-08T14:52:48.223130Z","level":"info","event":"Skipping registering function DataSourceManager._bind_asset_factory_method_if_not_present.<locals>._add_asset_factory because it is a closure","logger":"great_expectations._docs_decorators","filename":"_docs_decorators.py","lineno":109}
{"timestamp":"2026-10-08T14:52:48.225311Z","level":"info","event":"Skipping registering function DataSourceManager._bind_asset_factory_method_if_not_present.<locals>._add_asset_factory because it is a closure","logger":"great_expectations._docs_decorators","filename":"_docs_decorators.py","lineno":109}
{"timestamp":"2026-10-08T14:52:48.226404Z","level":"info","event":"Skipping registering function DataSourceManager._bind_asset_factory_method_if_not_present.<locals>._add_asset_factory because it is a closure","logger":"great_expectations._docs_decorators","filename":"_docs_decorators.py","lineno":109}
{"timestamp":"2026-10-08T14:52:48.228054Z","level":"info","event":"Skipping registering function DataSourceManager._bind_asset_factory_method_if_not_present.<locals>._add_asset_factory because it is a closure","logger":"great_expectations._docs_decorators","filename":"_docs_decorators.py","lineno":109}
{"timestamp":"2026-10-08T14:52:48.229180Z","level":"info","event":"Skipping registering function DataSourceManager._bind_asset_factory_method_if_not_present.<locals>._add_asset_factory because it is a closure","logger":"great_expectations._docs_decorators","filename":"_docs_decorators.py","lineno":109}
{"timestamp":"2026-10-08T14:52:48.229991Z","level":"info","event":"Skipping registering function DataSourceManager._bind_asset_factory_method_if_not_present.<locals>._add_asset_factory because it is a closure","logger":"great_expectations._docs_decorators","filename":"_docs_decorators.py","lineno":109}
{"timestamp":"2026-10-08T14:52:48.230873Z","level":"info","event":"Skipping registering function DataSourceManager._bind_asset_factory_method_if_not_present.<locals>._add_asset_factory because it is a closure","logger":"great_expectations._docs_decorators","filename":"_docs_decorators.py","lineno":109}
{"timestamp":"2026-10-08T14:52:48.231842Z","level":"info","event":"Skipping registering function DataSourceManager._bind_asset_factory_method_if_not_present.<locals>._add_asset_factory because it is a closure","logger":"great_expectations._docs_decorators","filename":"_docs_decorators.py","lineno":109}
{"timestamp":"2026-10-08T14:52:48.232757Z","level":"info","event":"Skipping registering function DataSourceManager._bind_asset_factory_method_if_not_present.<locals>._add_asset_factory because it is a closure","logger":"great_expectations._docs_decorators","filename":"_docs_decorators.py","lineno":109}
{"timestamp":"2026-10-08T14:52:48.233291Z","level":"info","event":"Skipping registering function DataSourceManager._register_add_datasource.<locals>.crud_method_info because it is a closure","logger":"great_expectations._docs_decorators","filename":"_docs_decorators.py","lineno":109}
{"timestamp":"2026-10-08T14:52:48.233687Z","level":"info","event":"Skipping registering function DataSourceManager._register_update_datasource.<locals>.crud_method_info because it is a closure","logger":"great_expectations._docs_decorators","filename":"_docs_decorators.py","lineno":109}
{"timestamp":"2026-10-08T14:52:48.234996Z","level":"info","event":"Skipping registering function DataSourceManager._register_add_or_update_datasource.<locals>.crud_method_info because it is a closure","logger":"great_expectations._docs_decorators","filename":"_docs_decorators.py","lineno":109}
{"timestamp":"2026-10-08T14:52:48.236073Z","level":"info","event":"Skipping registering function DataSourceManager._register_delete_datasource.<locals>.crud_method_info because it is a closure","logger":"great_expectations._docs_decorators","filename":"_docs_decorators.py","lineno":109}
{"timestamp":"2026-10-08T14:52:48.268640Z","level":"info","event":"Skipping registering function DataSourceManager._bind_asset_factory_method_if_not_present.<locals>._add_asset_factory because it is a closure","logger":"great_expectations._docs_decorators","filename":"_docs_decorators.py","lineno":109}
{"timestamp":"2026-10-08T14:52:48.269927Z","level":"info","event":"Skipping registering function DataSourceManager._bind_asset_factory_method_if_not_present.<locals>._add_asset_factory because it is a closure","logger":"great_expectations._docs_decorators","filename":"_docs_decorators.py","lineno":109}
{"timestamp":"2026-10-08T14:52:48.271142Z","level":"info","event":"Skipping registering function DataSourceManager._bind_asset_factory_method_if_not_present.<locals>._add_asset_factory because it is a closure","logger":"great_expectations._docs_decorators","filename":"_docs_decorators.py","lineno":109}
{"timestamp":"2026-10-08T14:52:48.272713Z","level":"info","event":"Skipping registering function DataSourceManager._bind_asset_factory_method_if_not_present.<locals>._add_asset_factory because it is a closure","logger":"great_expectations._docs_decorators","filename":"_docs_decorators.py","lineno":109}
{"timestamp":"2026-10-08T14:52:48.274112Z","level":"info","event":"Skipping registering function DataSourceManager._bind_asset_factory_method_if_not_present.<locals>._add_asset_factory because it is a closure","logger":"great_expectations._docs_decorators","filename":"_docs_decorators.py","lineno":109}
{"timestamp":"2026-10-08T14:52:48.276137Z","level":"info","event":"Skipping registering function DataSourceManager._bind_asset_factory_method_if_not_present.<locals>._add_asset_factory because it is a closure","logger":"great_expectations._docs_decorators","filename":"_docs_decorators.py","lineno":109}
{"timestamp":"2026-10-08T14:52:48.282243Z","level":"info","event":"Skipping registering function DataSourceManager._bind_asset_factory_method_if_not_present.<locals>._add_asset_factory because it is a closure","logger":"great_expectations._docs_decorators","filename":"_docs_decorators.py","lineno":109}
{"timestamp":"2026-10-08T14:52:48.283537Z","level":"info","event":"Skipping registering function DataSourceManager._bind_asset_factory_method_if_not_present.<locals>._add_asset_factory because it is a closure","logger":"great_expectations._docs_decorators","filename":"_docs_decorators.py","lineno":109}
{"timestamp":"2026-10-08T14:52:48.284790Z","level":"info","event":"Skipping registering function DataSourceManager._bind_asset_factory_method_if_not_present.<locals>._add_asset_factory because it is a closure","logger":"great_expectations._docs_decorators","filename":"_docs_decorators.py","lineno":109}
{"timestamp":"2026-10-08T14:52:48.285583Z","level":"info","event":"Skipping registering function DataSourceManager._bind_asset_factory_method_if_not_present.<locals>._add_asset_factory because it is a closure","logger":"great_expectations._docs_decorators","filename":"_docs_decorators.py","lineno":109}
{"timestamp":"2026-10-08T14:52:48.286332Z","level":"info","event":"Skipping registering function DataSourceManager._bind_asset_factory_method_if_not_present.<locals>._add_asset_factory because it is a closure","logger":"great_expectations._docs_decorators","filename":"_docs_decorators.py","lineno":109}
{"timestamp":"2026-10-08T14:52:48.287764Z","level":"info","event":"Skipping registering function DataSourceManager._bind_asset_factory_method_if_not_present.<locals>._add_asset_factory because it is a closure","logger":"great_expectations._docs_decorators","filename":"_docs_decorators.py","lineno":109}
{"timestamp":"2026-10-08T14:52:48.298603Z","level":"info","event":"Skipping registering function DataSourceManager._bind_asset_factory_method_if_not_present.<locals>._add_asset_factory because it is a closure","logger":"great_expectations._docs_decorators","filename":"_docs_decorators.py","lineno":109}
{"timestamp":"2026-10-08T14:52:48.300281Z","level":"info","event":"Skipping registering function DataSourceManager._bind_asset_factory_method_if_not_present.<locals>._add_asset_factory because it is a closure","logger":"great_expectations._docs_decorators","filename":"_docs_decorators.py","lineno":109}
{"timestamp":"2026-10-08T14:52:48.301204Z","level":"info","event":"Skipping registering function DataSourceManager._register_add_datasource.<locals>.crud_method_info because it is a closure","logger":"great_expectations._docs_decorators","filename":"_docs_decorators.py","lineno":109}
{"timestamp":"2026-10-08T14:52:48.301748Z","level":"info","event":"Skipping registering function DataSourceManager._register_update_datasource.<locals>.crud_method_info because it is a closure","logger":"great_expectations._docs_decorators","filename":"_docs_decorators.py","lineno":109}
{"timestamp":"2026-10-08T14:52:48.302323Z","level":"info","event":"Skipping registering function DataSourceManager._register_add_or_update_datasource.<locals>.crud_method_info because it is a closure","logger":"great_expectations._docs_decorators","filename":"_docs_decorators.py","lineno":109}
{"timestamp":"2026-10-08T14:52:48.302783Z","level":"info","event":"Skipping registering function DataSourceManager._register_delete_datasource.<locals>.crud_method_info because it is a closure","logger":"great_expectations._docs_decorators","filename":"_docs_decorators.py","lineno":109}
{"timestamp":"2026-10-08T14:52:48.325559Z","level":"info","event":"Skipping registering function DataSourceManager._bind_asset_factory_method_if_not_present.<locals>._add_asset_factory because it is a closure","logger":"great_expectations._docs_decorators","filename":"_docs_decorators.py","lineno":109}
{"timestamp":"2026-10-08T14:52:48.327242Z","level":"info","event":"Skipping registering function DataSourceManager._bind_asset_factory_method_if_not_present.<locals>._add_asset_factory because it is a closure","logger":"great_expectations._docs_decorators","filename":"_docs_decorators.py","lineno":109}
{"timestamp":"2026-10-08T14:52:48.328542Z","level":"info","event":"Skipping registering function DataSourceManager._bind_asset_factory_method_if_not_present.<locals>._add_asset_factory because it is a closure","logger":"great_expectations._docs_decorators","filename":"_docs_decorators.py","lineno":109}
{"timestamp":"2026-10-08T14:52:48.329866Z","level":"info","event":"Skipping registering function DataSourceManager._bind_asset_factory_method_if_not_present.<locals>._add_asset_factory because it is a closure","logger":"great_expectations._docs_decorators","filename":"_docs_decorators.py","lineno":109}
{"timestamp":"2026-10-08T14:52:48.331094Z","level":"info","event":"Skipping registering function DataSourceManager._bind_asset_factory_method_if_not_present.<locals>._add_asset_factory because it is a closure","logger":"great_expectations._docs_decorators","filename":"_docs_decorators.py","lineno":109}
{"timestamp":"2026-10-08T14:52:48.332527Z","level":"info","event":"Skipping registering function DataSourceManager._bind_asset_factory_method_if_not_present.<locals>._add_asset_factory because it is a closure","logger":"great_expectations._docs_decorators","filename":"_docs_decorators.py","lineno":109}
{"timestamp":"2026-10-08T14:52:48.334720Z","level":"info","event":"Skipping registering function DataSourceManager._bind_asset_factory_method_if_not_present.<locals>._add_asset_factory because it is a closure","logger":"great_expectations._docs_decorators","filename":"_docs_decorators.py","lineno":109}
{"timestamp":"2026-10-08T14:52:48.337216Z","level":"info","event":"Skipping registering function DataSourceManager._bind_asset_factory_method_if_not_present.<locals>._add_asset_factory because it is a closure","logger":"great_expectations._docs_decorators","filename":"_docs_decorators.py","lineno":109}
{"timestamp":"2026-10-08T14:52:48.339572Z","level":"info","event":"Skipping registering function DataSourceManager._bind_asset_factory_method_if_not_present.<locals>._add_asset_factory because it is a closure","logger":"great_expectations._docs_decorators","filename":"_docs_decorators.py","lineno":109}
{"timestamp":"2026-10-08T14:52:48.342436Z","level":"info","event":"Skipping registering function DataSourceManager._bind_asset_factory_method_if_not_present.<locals>._add_asset_factory because it is a closure","logger":"great_expectations._docs_decorators","filename":"_docs_decorators.py","lineno":109}
{"timestamp":"2026-10-08T14:52:48.343622Z","level":"info","event":"Skipping registering function DataSourceManager._bind_asset_factory_method_if_not_present.<locals>._add_asset_factory because it is a closure","logger":"great_expectations._docs_decorators","filename":"_docs_decorators.py","lineno":109}
{"timestamp":"2026-10-08T14:52:48.345025Z","level":"info","event":"Skipping registering function DataSourceManager._bind_asset_factory_method_if_not_present.<locals>._add_asset_factory because it is a closure","logger":"great_expectations._docs_decorators","filename":"_docs_decorators.py","lineno":109}
{"timestamp":"2026-10-08T14:52:48.346315Z","level":"info","event":"Skipping registering function DataSourceManager._bind_asset_factory_method_if_not_present.<locals>._add_asset_factory because it is a closure","logger":"great_expectations._docs_decorators","filename":"_docs_decorators.py","lineno":109}
{"timestamp":"2026-10-08T14:52:48.347315Z","level":"info","event":"Skipping registering function DataSourceManager._bind_asset_factory_method_if_not_present.<locals>._add_asset_factory because it is a closure","logger":"great_expectations._docs_decorators","filename":"_docs_decorators.py","lineno":109}
{"timestamp":"2026-10-08T14:52:48.348374Z","level":"info","event":"Skipping registering function DataSourceManager._register_add_datasource.<locals>.crud_method_info because it is a closure","logger":"great_expectations._docs_decorators","filename":"_docs_decorators.py","lineno":109}
{"timestamp":"2026-10-08T14:52:48.348782Z","level":"info","event":"Skipping registering function DataSourceManager._register_update_datasource.<locals>.crud_method_info because it is a closure","logger":"great_expectations._docs_decorators","filename":"_docs_decorators.py","lineno":109}
{"timestamp":"2026-10-08T14:52:48.349262Z","level":"info","event":"Skipping registering function DataSourceManager._register_add_or_update_datasource.<locals>.crud_method_info because it is a closure","logger":"great_expectations._docs_decorators","filename":"_docs_decorators.py","lineno":109}
{"timestamp":"2026-10-08T14:52:48.349673Z","level":"info","event":"Skipping registering function DataSourceManager._register_delete_datasource.<locals>.crud_method_info because it is a closure","logger":"great_expectations._docs_decorators","filename":"_docs_decorators.py","lineno":109}
{"timestamp":"2026-10-08T14:52:48.467572Z","level":"info","event":"Skipping registering function DataSourceManager._register_add_datasource.<locals>.crud_method_info because it is a closure","logger":"great_expectations._docs_decorators","filename":"_docs_decorators.py","lineno":109}
{"timestamp":"2026-10-08T14:52:48.468426Z","level":"info","event":"Skipping registering function DataSourceManager._register_update_datasource.<locals>.crud_method_info because it is a closure","logger":"great_expectations._docs_decorators","filename":"_docs_decorators.py","lineno":109}
{"timestamp":"2026-10-08T14:52:48.468987Z","level":"info","event":"Skipping registering function DataSourceManager._register_add_or_update_datasource.<locals>.crud_method_info because it is a closure","logger":"great_expectations._docs_decorators","filename":"_docs_decorators.py","lineno":109}
{"timestamp":"2026-10-08T14:52:48.469642Z","level":"info","event":"Skipping registering function DataSourceManager._register_delete_datasource.<locals>.crud_method_info because it is a closure","logger":"great_expectations._docs_decorators","filename":"_docs_decorators.py","lineno":109}
{"timestamp":"2026-10-08T14:52:48.529996Z","level":"info","event":"Skipping registering function DataSourceManager._register_add_datasource.<locals>.crud_method_info because it is a closure","logger":"great_expectations._docs_decorators","filename":"_docs_decorators.py","lineno":109}
{"timestamp":"2026-10-08T14:52:48.531578Z","level":"info","event":"Skipping registering function DataSourceManager._register_update_datasource.<locals>.crud_method_info because it is a closure","logger":"great_expectations._docs_decorators","filename":"_docs_decorators.py","lineno":109}
{"timestamp":"2026-10-08T14:52:48.535341Z","level":"info","event":"Skipping registering function DataSourceManager._register_add_or_update_datasource.<locals>.crud_method_info because it is a closure","logger":"great_expectations._docs_decorators","filename":"_docs_decorators.py","lineno":109}
{"timestamp":"2026-10-08T14:52:48.538309Z","level":"info","event":"Skipping registering function DataSourceManager._register_delete_datasource.<locals>.crud_method_info because it is a closure","logger":"great_expectations._docs_decorators","filename":"_docs_decorators.py","lineno":109}
{"timestamp":"2026-10-08T14:52:48.572923Z","level":"info","event":"Skipping registering function DataSourceManager._register_add_datasource.<locals>.crud_method_info because it is a closure","logger":"great_expectations._docs_decorators","filename":"_docs_decorators.py","lineno":109}
{"timestamp":"2026-10-08T14:52:48.576296Z","level":"info","event":"Skipping registering function DataSourceManager._register_update_datasource.<locals>.crud_method_info because it is a closure","logger":"great_expectations._docs_decorators","filename":"_docs_decorators.py","lineno":109}
{"timestamp":"2026-10-08T14:52:48.577724Z","level":"info","event":"Skipping registering function DataSourceManager._register_add_or_update_datasource.<locals>.crud_method_info because it is a closure","logger":"great_expectations._docs_decorators","filename":"_docs_decorators.py","lineno":109}
{"timestamp":"2026-10-08T14:52:48.578419Z","level":"info","event":"Skipping registering function DataSourceManager._register_delete_datasource.<locals>.crud_method_info because it is a closure","logger":"great_expectations._docs_decorators","filename":"_docs_decorators.py","lineno":109}
{"timestamp":"2026-10-08T14:52:49.002572Z","level":"info","event":"Multiple declarations of metric table.column_types for engine PandasExecutionEngine.","logger":"great_expectations.expectations.registry","filename":"registry.py","lineno":290}
{"timestamp":"2026-10-08T14:52:49.004165Z","level":"info","event":"Multiple declarations of metric table.column_types for engine SparkDFExecutionEngine.","logger":"great_expectations.expectations.registry","filename":"registry.py","lineno":290}
{"timestamp":"2026-10-08T14:52:49.044609Z","level":"info","event":"Skipping registering function DataSourceManager._register_add_datasource.<locals>.crud_method_info because it is a closure","logger":"great_expectations._docs_decorators","filename":"_docs_decorators.py","lineno":109}
{"timestamp":"2026-10-08T14:52:49.045583Z","level":"info","event":"Skipping registering function DataSourceManager._register_update_datasource.<locals>.crud_method_info because it is a closure","logger":"great_expectations._docs_decorators","filename":"_docs_decorators.py","lineno":109}
{"timestamp":"2026-10-08T14:52:49.046460Z","level":"info","event":"Skipping registering function DataSourceManager._register_add_or_update_datasource.<locals>.crud_method_info because it is a closure","logger":"great_expectations._docs_decorators","filename":"_docs_decorators.py","lineno":109}
{"timestamp":"2026-10-08T14:52:49.046949Z","level":"info","event":"Skipping registering function DataSourceManager._register_delete_datasource.<locals>.crud_method_info because it is a closure","logger":"great_expectations._docs_decorators","filename":"_docs_decorators.py","lineno":109}
{"timestamp":"2026-10-08T14:52:49.097180Z","level":"info","event":"Skipping registering function DataSourceManager._register_add_datasource.<locals>.crud_method_info because it is a closure","logger":"great_expectations._docs_decorators","filename":"_docs_decorators.py","lineno":109}
{"timestamp":"2026-10-08T14:52:49.098226Z","level":"info","event":"Skipping registering function DataSourceManager._register_update_datasource.<locals>.crud_method_info because it is a closure","logger":"great_expectations._docs_decorators","filename":"_docs_decorators.py","lineno":109}
{"timestamp":"2026-10-08T14:52:49.098791Z","level":"info","event":"Skipping registering function DataSourceManager._register_add_or_update_datasource.<locals>.crud_method_info because it is a closure","logger":"great_expectations._docs_decorators","filename":"_docs_decorators.py","lineno":109}
{"timestamp":"2026-10-08T14:52:49.099220Z","level":"info","event":"Skipping registering function DataSourceManager._register_delete_datasource.<locals>.crud_method_info because it is a closure","logger":"great_expectations._docs_decorators","filename":"_docs_decorators.py","lineno":109}
{"timestamp":"2026-10-08T14:52:50.232371Z","level":"info","event":"Skipping registering function DataSourceManager._bind_asset_factory_method_if_not_present.<locals>._add_asset_factory because it is a closure","logger":"great_expectations._docs_decorators","filename":"_docs_decorators.py","lineno":109}
{"timestamp":"2026-10-08T14:52:50.234003Z","level":"info","event":"Skipping registering function DataSourceManager._bind_asset_factory_method_if_not_present.<locals>._add_asset_factory because it is a closure","logger":"great_expectations._docs_decorators","filename":"_docs_decorators.py","lineno":109}
{"timestamp":"2026-10-08T14:52:50.235216Z","level":"info","event":"Skipping registering function DataSourceManager._bind_asset_factory_method_if_not_present.<locals>._add_asset_factory because it is a closure","logger":"great_expectations._docs_decorators","filename":"_docs_decorators.py","lineno":109}
{"timestamp":"2026-10-08T14:52:50.236383Z","level":"info","event":"Skipping registering function DataSourceManager._bind_asset_factory_method_if_not_present.<locals>._add_asset_factory because it is a closure","logger":"great_expectations._docs_decorators","filename":"_docs_decorators.py","lineno":109}
{"timestamp":"2026-10-08T14:52:50.237406Z","level":"info","event":"Skipping registering function DataSourceManager._bind_asset_factory_method_if_not_present.<locals>._add_asset_factory because it is a closure","logger":"great_expectations._docs_decorators","filename":"_docs_decorators.py","lineno":109}
{"timestamp":"2026-10-08T14:52:50.238694Z","level":"info","event":"Skipping registering function DataSourceManager._bind_asset_factory_method_if_not_present.<locals>._add_asset_factory because it is a closure","logger":"great_expectations._docs_decorators","filename":"_docs_decorators.py","lineno":109}
{"timestamp":"2026-10-08T14:52:50.240564Z","level":"info","event":"Skipping registering function DataSourceManager._bind_asset_factory_method_if_not_present.<locals>._add_asset_factory because it is a closure","logger":"great_expectations._docs_decorators","filename":"_docs_decorators.py","lineno":109}
{"timestamp":"2026-10-08T14:52:50.241541Z","level":"info","event":"Skipping registering function DataSourceManager._bind_asset_factory_method_if_not_present.<locals>._add_asset_factory because it is a closure","logger":"great_expectations._docs_decorators","filename":"_docs_decorators.py","lineno":109}
{"timestamp":"2026-10-08T14:52:50.242388Z","level":"info","event":"Skipping registering function DataSourceManager._bind_asset_factory_method_if_not_present.<locals>._add_asset_factory because it is a closure","logger":"great_expectations._docs_decorators","filename":"_docs_decorators.py","lineno":109}
{"timestamp":"2026-10-08T14:52:50.244305Z","level":"info","event":"Skipping registering function DataSourceManager._bind_asset_factory_method_if_not_present.<locals>._add_asset_factory because it is a closure","logger":"great_expectations._docs_decorators","filename":"_docs_decorators.py","lineno":109}
{"timestamp":"2026-10-08T14:52:50.245455Z","level":"info","event":"Skipping registering function DataSourceManager._bind_asset_factory_method_if_not_present.<locals>._add_asset_factory because it is a closure","logger":"great_expectations._docs_decorators","filename":"_docs_decorators.py","lineno":109}
{"timestamp":"2026-10-08T14:52:50.246415Z","level":"info","event":"Skipping registering function DataSourceManager._bind_asset_factory_method_if_not_present.<locals>._add_asset_factory because it is a closure","logger":"great_expectations._docs_decorators","filename":"_docs_decorators.py","lineno":109}
{"timestamp":"2026-10-08T14:52:50.246860Z","level":"info","event":"Skipping registering function DataSourceManager._register_add_datasource.<locals>.crud_method_info because it is a closure","logger":"great_expectations._docs_decorators","filename":"_docs_decorators.py","lineno":109}
{"timestamp":"2026-10-08T14:52:50.247292Z","level":"info","event":"Skipping registering function DataSourceManager._register_update_datasource.<locals>.crud_method_info because it is a closure","logger":"great_expectations._docs_decorators","filename":"_docs_decorators.py","lineno":109}
{"timestamp":"2026-10-08T14:52:50.248069Z","level":"info","event":"Skipping registering function DataSourceManager._register_add_or_update_datasource.<locals>.crud_method_info because it is a closure","logger":"great_expectations._docs_decorators","filename":"_docs_decorators.py","lineno":109}
{"timestamp":"2026-10-08T14:52:50.248653Z","level":"info","event":"Skipping registering function DataSourceManager._register_delete_datasource.<locals>.crud_method_info because it is a closure","logger":"great_expectations._docs_decorators","filename":"_docs_decorators.py","lineno":109}
{"timestamp":"2026-10-08T14:52:50.268508Z","level":"info","event":"Skipping registering function DataSourceManager._register_add_datasource.<locals>.crud_method_info because it is a closure","logger":"great_expectations._docs_decorators","filename":"_docs_decorators.py","lineno":109}
{"timestamp":"2026-10-08T14:52:50.269124Z","level":"info","event":"Skipping registering function DataSourceManager._register_update_datasource.<locals>.crud_method_info because it is a closure","logger":"great_expectations._docs_decorators","filename":"_docs_decorators.py","lineno":109}
{"timestamp":"2026-10-08T14:52:50.269724Z","level":"info","event":"Skipping registering function DataSourceManager._register_add_or_update_datasource.<locals>.crud_method_info because it is a closure","logger":"great_expectations._docs_decorators","filename":"_docs_decorators.py","lineno":109}
{"timestamp":"2026-10-08T14:52:50.270226Z","level":"info","event":"Skipping registering function DataSourceManager._register_delete_datasource.<locals>.crud_method_info because it is a closure","logger":"great_expectations._docs_decorators","filename":"_docs_decorators.py","lineno":109}
{"timestamp":"2026-10-08T14:52:50.296860Z","level":"info","event":"Skipping registering function DataSourceManager._bind_asset_factory_method_if_not_present.<locals>._add_asset_factory because it is a closure","logger":"great_expectations._docs_decorators","filename":"_docs_decorators.py","lineno":109}
{"timestamp":"2026-10-08T14:52:50.297716Z","level":"info","event":"Skipping registering function DataSourceManager._bind_asset_factory_method_if_not_present.<locals>._add_asset_factory because it is a closure","logger":"great_expectations._docs_decorators","filename":"_docs_decorators.py","lineno":109}
{"timestamp":"2026-10-08T14:52:50.298209Z","level":"info","event":"Skipping registering function DataSourceManager._bind_asset_factory_method_if_not_present.<locals>._add_asset_factory because it is a closure","logger":"great_expectations._docs_decorators","filename":"_docs_decorators.py","lineno":109}
{"timestamp":"2026-10-08T14:52:50.298609Z","level":"info","event":"Skipping registering function DataSourceManager._bind_asset_factory_method_if_not_present.<locals>._add_asset_factory because it is a closure","logger":"great_expectations._docs_decorators","filename":"_docs_decorators.py","lineno":109}
{"timestamp":"2026-10-08T14:52:50.299131Z","level":"info","event":"Skipping registering function DataSourceManager._bind_asset_factory_method_if_not_present.<locals>._add_asset_factory because it is a closure","logger":"great_expectations._docs_decorators","filename":"_docs_decorators.py","lineno":109}
{"timestamp":"2026-10-08T14:52:50.300689Z","level":"info","event":"Skipping registering function DataSourceManager._bind_asset_factory_method_if_not_present.<locals>._add_asset_factory because it is a closure","logger":"great_expectations._docs_decorators","filename":"_docs_decorators.py","lineno":109}
{"timestamp":"2026-10-08T14:52:50.302382Z","level":"info","event":"Skipping registering function DataSourceManager._bind_asset_factory_method_if_not_present.<locals>._add_asset_factory because it is a closure","logger":"great_expectations._docs_decorators","filename":"_docs_decorators.py","lineno":109}
{"timestamp":"2026-10-08T14:52:50.303863Z","level":"info","event":"Skipping registering function DataSourceManager._bind_asset_factory_method_if_not_present.<locals>._add_asset_factory because it is a closure","logger":"great_expectations._docs_decorators","filename":"_docs_decorators.py","lineno":109}
{"timestamp":"2026-10-08T14:52:50.305058Z","level":"info","event":"Skipping registering function DataSourceManager._bind_asset_factory_method_if_not_present.<locals>._add_asset_factory because it is a closure","logger":"great_expectations._docs_decorators","filename":"_docs_decorators.py","lineno":109}
{"timestamp":"2026-10-08T14:52:50.306090Z","level":"info","event":"Skipping registering function DataSourceManager._bind_asset_factory_method_if_not_present.<locals>._add_asset_factory because it is a closure","logger":"great_expectations._docs_decorators","filename":"_docs_decorators.py","lineno":109}
{"timestamp":"2026-10-08T14:52:50.307104Z","level":"info","event":"Skipping registering function DataSourceManager._bind_asset_factory_method_if_not_present.<locals>._add_asset_factory because it is a closure","logger":"great_expectations._docs_decorators","filename":"_docs_decorators.py","lineno":109}
{"timestamp":"2026-10-08T14:52:50.308347Z","level":"info","event":"Skipping registering function DataSourceManager._bind_asset_factory_method_if_not_present.<locals>._add_asset_factory because it is a closure","logger":"great_expectations._docs_decorators","filename":"_docs_decorators.py","lineno":109}
{"timestamp":"2026-10-08T14:52:50.309135Z","level":"info","event":"Skipping registering function DataSourceManager._register_add_datasource.<locals>.crud_method_info because it is a closure","logger":"great_expectations._docs_decorators","filename":"_docs_decorators.py","lineno":109}
{"timestamp":"2026-10-08T14:52:50.309858Z","level":"info","event":"Skipping registering function DataSourceManager._register_update_datasource.<locals>.crud_method_info because it is a closure","logger":"great_expectations._docs_decorators","filename":"_docs_decorators.py","lineno":109}
{"timestamp":"2026-10-08T14:52:50.310250Z","level":"info","event":"Skipping registering function DataSourceManager._register_add_or_update_datasource.<locals>.crud_method_info because it is a closure","logger":"great_expectations._docs_decorators","filename":"_docs_decorators.py","lineno":109}
{"timestamp":"2026-10-08T14:52:50.310653Z","level":"info","event":"Skipping registering function DataSourceManager._register_delete_datasource.<locals>.crud_method_info because it is a closure","logger":"great_expectations._docs_decorators","filename":"_docs_decorators.py","lineno":109}
{"timestamp":"2026-10-08T14:52:50.345115Z","level":"info","event":"Skipping registering function DataSourceManager._bind_asset_factory_method_if_not_present.<locals>._add_asset_factory because it is a closure","logger":"great_expectations._docs_decorators","filename":"_docs_decorators.py","lineno":109}
{"timestamp":"2026-10-08T14:52:50.345947Z","level":"info","event":"Skipping registering function DataSourceManager._bind_asset_factory_method_if_not_present.<locals>._add_asset_factory because it is a closure","logger":"great_expectations._docs_decorators","filename":"_docs_decorators.py","lineno":109}
{"timestamp":"2026-10-08T14:52:50.346469Z","level":"info","event":"Skipping registering function DataSourceManager._bind_asset_factory_method_if_not_present.<locals>._add_asset_factory because it is a closure","logger":"great_expectations._docs_decorators","filename":"_docs_decorators.py","lineno":109}
{"timestamp":"2026-10-08T14:52:50.347146Z","level":"info","event":"Skipping registering function DataSourceManager._bind_asset_factory_method_if_not_present.<locals>._add_asset_factory because it is a closure","logger":"great_expectations._docs_decorators","filename":"_docs_decorators.py","lineno":109}
{"timestamp":"2026-10-08T14:52:50.348158Z","level":"info","event":"Skipping registering function DataSourceManager._bind_asset_factory_method_if_not_present.<locals>._add_asset_factory because it is a closure","logger":"great_expectations._docs_decorators","filename":"_docs_decorators.py","lineno":109}
{"timestamp":"2026-10-08T14:52:50.349709Z","level":"info","event":"Skipping registering function DataSourceManager._bind_asset_factory_method_if_not_present.<locals>._add_asset_factory because it is a closure","logger":"great_expectations._docs_decorators","filename":"_docs_decorators.py","lineno":109}
{"timestamp":"2026-10-08T14:52:50.350812Z","level":"info","event":"Skipping registering function DataSourceManager._bind_asset_factory_method_if_not_present.<locals>._add_asset_factory because it is a closure","logger":"great_expectations._docs_decorators","filename":"_docs_decorators.py","lineno":109}
{"timestamp":"2026-10-08T14:52:50.352314Z","level":"info","event":"Skipping registering function DataSourceManager._bind_asset_factory_method_if_not_present.<locals>._add_asset_factory because it is a closure","logger":"great_expectations._docs_decorators","filename":"_docs_decorators.py","lineno":109}
{"timestamp":"2026-10-08T14:52:50.353342Z","level":"info","event":"Skipping registering function DataSourceManager._bind_asset_factory_method_if_not_present.<locals>._add_asset_factory because it is a closure","logger":"great_expectations._docs_decorators","filename":"_docs_decorators.py","lineno":109}
{"timestamp":"2026-10-08T14:52:50.354299Z","level":"info","event":"Skipping registering function DataSourceManager._bind_asset_factory_method_if_not_present.<locals>._add_asset_factory because it is a closure","logger":"great_expectations._docs_decorators","filename":"_docs_decorators.py","lineno":109}
{"timestamp":"2026-10-08T14:52:50.355117Z","level":"info","event":"Skipping registering function DataSourceManager._bind_asset_factory_method_if_not_present.<locals>._add_asset_factory because it is a closure","logger":"great_expectations._docs_decorators","filename":"_docs_decorators.py","lineno":109}
{"timestamp":"2026-10-08T14:52:50.356494Z","level":"info","event":"Skipping registering function DataSourceManager._bind_asset_factory_method_if_not_present.<locals>._add_asset_factory because it is a closure","logger":"great_expectations._docs_decorators","filename":"_docs_decorators.py","lineno":109}
{"timestamp":"2026-10-08T14:52:50.357124Z","level":"info","event":"Skipping registering function DataSourceManager._register_add_datasource.<locals>.crud_method_info because it is a closure","logger":"great_expectations._docs_decorators","filename":"_docs_decorators.py","lineno":109}
{"timestamp":"2026-10-08T14:52:50.358619Z","level":"info","event":"Skipping registering function DataSourceManager._register_update_datasource.<locals>.crud_method_info because it is a closure","logger":"great_expectations._docs_decorators","filename":"_docs_decorators.py","lineno":109}
{"timestamp":"2026-10-08T14:52:50.359120Z","level":"info","event":"Skipping registering function DataSourceManager._register_add_or_update_datasource.<locals>.crud_method_info because it is a closure","logger":"great_expectations._docs_decorators","filename":"_docs_decorators.py","lineno":109}
{"timestamp":"2026-10-08T14:52:50.359749Z","level":"info","event":"Skipping registering function DataSourceManager._register_delete_datasource.<locals>.crud_method_info because it is a closure","logger":"great_expectations._docs_decorators","filename":"_docs_decorators.py","lineno":109}
{"timestamp":"2026-10-08T14:52:50.397598Z","level":"info","event":"Skipping registering function DataSourceManager._bind_asset_factory_method_if_not_present.<locals>._add_asset_factory because it is a closure","logger":"great_expectations._docs_decorators","filename":"_docs_decorators.py","lineno":109}
{"timestamp":"2026-10-08T14:52:50.399065Z","level":"info","event":"Skipping registering function DataSourceManager._bind_asset_factory_method_if_not_present.<locals>._add_asset_factory because it is a closure","logger":"great_expectations._docs_decorators","filename":"_docs_decorators.py","lineno":109}
{"timestamp":"2026-10-08T14:52:50.402363Z","level":"info","event":"Skipping registering function DataSourceManager._bind_asset_factory_method_if_not_present.<locals>._add_asset_factory because it is a closure","logger":"great_expectations._docs_decorators","filename":"_docs_decorators.py","lineno":109}
{"timestamp":"2026-10-08T14:52:50.404850Z","level":"info","event":"Skipping registering function DataSourceManager._bind_asset_factory_method_if_not_present.<locals>._add_asset_factory because it is a closure","logger":"great_expectations._docs_decorators","filename":"_docs_decorators.py","lineno":109}
{"timestamp":"2026-10-08T14:52:50.407395Z","level":"info","event":"Skipping registering function DataSourceManager._bind_asset_factory_method_if_not_present.<locals>._add_asset_factory because it is a closure","logger":"great_expectations._docs_decorators","filename":"_docs_decorators.py","lineno":109}
{"timestamp":"2026-10-08T14:52:50.408947Z","level":"info","event":"Skipping registering function DataSourceManager._bind_asset_factory_method_if_not_present.<locals>._add_asset_factory because it is a closure","logger":"great_expectations._docs_decorators","filename":"_docs_decorators.py","lineno":109}
{"timestamp":"2026-10-08T14:52:50.410592Z","level":"info","event":"Skipping registering function DataSourceManager._bind_asset_factory_method_if_not_present.<locals>._add_asset_factory because it is a closure","logger":"great_expectations._docs_decorators","filename":"_docs_decorators.py","lineno":109}
{"timestamp":"2026-10-08T14:52:50.411877Z","level":"info","event":"Skipping registering function DataSourceManager._bind_asset_factory_method_if_not_present.<locals>._add_asset_factory because it is a closure","logger":"great_expectations._docs_decorators","filename":"_docs_decorators.py","lineno":109}
{"timestamp":"2026-10-08T14:52:50.413088Z","level":"info","event":"Skipping registering function DataSourceManager._bind_asset_factory_method_if_not_present.<locals>._add_asset_factory because it is a closure","logger":"great_expectations._docs_decorators","filename":"_docs_decorators.py","lineno":109}
{"timestamp":"2026-10-08T14:52:50.414027Z","level":"info","event":"Skipping registering function DataSourceManager._bind_asset_factory_method_if_not_present.<locals>._add_asset_factory because it is a closure","logger":"great_expectations._docs_decorators","filename":"_docs_decorators.py","lineno":109}
{"timestamp":"2026-10-08T14:52:50.415027Z","level":"info","event":"Skipping registering function DataSourceManager._bind_asset_factory_method_if_not_present.<locals>._add_asset_factory because it is a closure","logger":"great_expectations._docs_decorators","filename":"_docs_decorators.py","lineno":109}
{"timestamp":"2026-10-08T14:52:50.418371Z","level":"info","event":"Skipping registering function DataSourceManager._bind_asset_factory_method_if_not_present.<locals>._add_asset_factory because it is a closure","logger":"great_expectations._docs_decorators","filename":"_docs_decorators.py","lineno":109}
{"timestamp":"2026-10-08T14:52:50.419499Z","level":"info","event":"Skipping registering function DataSourceManager._register_add_datasource.<locals>.crud_method_info because it is a closure","logger":"great_expectations._docs_decorators","filename":"_docs_decorators.py","lineno":109}
{"timestamp":"2026-10-08T14:52:50.420631Z","level":"info","event":"Skipping registering function DataSourceManager._register_update_datasource.<locals>.crud_method_info because it is a closure","logger":"great_expectations._docs_decorators","filename":"_docs_decorators.py","lineno":109}
{"timestamp":"2026-10-08T14:52:50.421038Z","level":"info","event":"Skipping registering function DataSourceManager._register_add_or_update_datasource.<locals>.crud_method_info because it is a closure","logger":"great_expectations._docs_decorators","filename":"_docs_decorators.py","lineno":109}
{"timestamp":"2026-10-08T14:52:50.421815Z","level":"info","event":"Skipping registering function DataSourceManager._register_delete_datasource.<locals>.crud_method_info because it is a closure","logger":"great_expectations._docs_decorators","filename":"_docs_decorators.py","lineno":109}
{"timestamp":"2026-10-08T14:52:50.428379Z","level":"info","event":"Multiple declarations of metric column.standard_deviation for engine PandasExecutionEngine.","logger":"great_expectations.expectations.registry","filename":"registry.py","lineno":290}
{"timestamp":"2026-10-08T14:52:50.429276Z","level":"info","event":"Multiple declarations of metric column.standard_deviation.aggregate_fn for engine SparkDFExecutionEngine.","logger":"great_expectations.expectations.registry","filename":"registry.py","lineno":290}
{"timestamp":"2026-10-08T14:52:50.429828Z","level":"info","event":"Multiple declarations of metric column.standard_deviation for engine SparkDFExecutionEngine.","logger":"great_expectations.expectations.registry","filename":"registry.py","lineno":290}
{"timestamp":"2026-10-08T14:52:50.501731Z","level":"info","event":"Skipping registering function DataSourceManager._register_add_datasource.<locals>.crud_method_info because it is a closure","logger":"great_expectations._docs_decorators","filename":"_docs_decorators.py","lineno":109}
{"timestamp":"2026-10-08T14:52:50.505001Z","level":"info","event":"Skipping registering function DataSourceManager._register_update_datasource.<locals>.crud_method_info because it is a closure","logger":"great_expectations._docs_decorators","filename":"_docs_decorators.py","lineno":109}
{"timestamp":"2026-10-08T14:52:50.506485Z","level":"info","event":"Skipping registering function DataSourceManager._register_add_or_update_datasource.<locals>.crud_method_info because it is a closure","logger":"great_expectations._docs_decorators","filename":"_docs_decorators.py","lineno":109}
{"timestamp":"2026-10-08T14:52:50.509042Z","level":"info","event":"Skipping registering function DataSourceManager._register_delete_datasource.<locals>.crud_method_info because it is a closure","logger":"great_expectations._docs_decorators","filename":"_docs_decorators.py","lineno":109}
{"timestamp":"2026-10-08T14:52:50.568246Z","level":"info","event":"Skipping registering function DataSourceManager._register_add_datasource.<locals>.crud_method_info because it is a closure","logger":"great_expectations._docs_decorators","filename":"_docs_decorators.py","lineno":109}
{"timestamp":"2026-10-08T14:52:50.569227Z","level":"info","event":"Skipping registering function DataSourceManager._register_update_datasource.<locals>.crud_method_info because it is a closure","logger":"great_expectations._docs_decorators","filename":"_docs_decorators.py","lineno":109}
{"timestamp":"2026-10-08T14:52:50.569772Z","level":"info","event":"Skipping registering function DataSourceManager._register_add_or_update_datasource.<locals>.crud_method_info because it is a closure","logger":"great_expectations._docs_decorators","filename":"_docs_decorators.py","lineno":109}
{"timestamp":"2026-10-08T14:52:50.570173Z","level":"info","event":"Skipping registering function DataSourceManager._register_delete_datasource.<locals>.crud_method_info because it is a closure","logger":"great_expectations._docs_decorators","filename":"_docs_decorators.py","lineno":109}
{"timestamp":"2026-10-08T14:52:50.666183Z","level":"info","event":"Skipping registering function DataSourceManager._register_add_datasource.<locals>.crud_method_info because it is a closure","logger":"great_expectations._docs_decorators","filename":"_docs_decorators.py","lineno":109}
{"timestamp":"2026-10-08T14:52:50.667110Z","level":"info","event":"Skipping registering function DataSourceManager._register_update_datasource.<locals>.crud_method_info because it is a closure","logger":"great_expectations._docs_decorators","filename":"_docs_decorators.py","lineno":109}
{"timestamp":"2026-10-08T14:52:50.667739Z","level":"info","event":"Skipping registering function DataSourceManager._register_add_or_update_datasource.<locals>.crud_method_info because it is a closure","logger":"great_expectations._docs_decorators","filename":"_docs_decorators.py","lineno":109}
{"timestamp":"2026-10-08T14:52:50.668303Z","level":"info","event":"Skipping registering function DataSourceManager._register_delete_datasource.<locals>.crud_method_info because it is a closure","logger":"great_expectations._docs_decorators","filename":"_docs_decorators.py","lineno":109}
{"timestamp":"2026-10-08T14:52:51.647870Z","level":"info","event":"Created temporary directory '/tmp/tmpsm9ma9jh' for ephemeral docs site","logger":"great_expectations.data_context.types.base","filename":"base.py","lineno":1510}
{"timestamp":"2026-10-08T14:52:51.651282Z","level":"info","event":"Loading 'datasources' ->\n[]","logger":"great_expectations.datasource.fluent.config","filename":"config.py","lineno":191}
{"timestamp":"2026-10-08T14:52:53.319891Z","level":"error","event":"\rCalculating Metrics:   0%|          | 0/95 [00:00<?, ?it/s]\rCalculating Metrics:   0%|          | 0/95 [00:00<?, ?it/s]\rCalculating Metrics:   4%|▍         | 4/95 [00:00<00:00, 1132.75it/s]\rCalculating Metrics:   4%|▍         | 4/95 [00:00<00:00, 543.90it/s] \rCalculating Metrics:   6%|▋         | 6/95 [00:00<00:00, 608.02it/s]\rCalculating Metrics:   6%|▋         | 6/95 [00:00<00:00, 412.89it/s]\rCalculating Metrics:  28%|██▊       | 27/95 [00:00<00:00, 289.81it/s]\rCalculating Metrics:  28%|██▊       | 27/95 [00:00<00:00, 283.76it/s]\rCalculating Metrics: 100%|██████████| 95/95 [00:00<00:00, 237.19it/s]\rCalculating Metrics: 100%|██████████| 95/95 [00:00<00:00, 237.19it/s]\rCalculating Metrics: 100%|██████████| 95/95 [00:00<00:00, 237.19it/s]\rCalculating Metrics: 100%|██████████| 95/95 [00:00<00:00, 237.19it/s]\rCalculating Metrics: 100%|██████████| 95/95 [00:00<00:00, 235.05it/s]","logger":"task.stderr"}
{"timestamp":"2026-10-08T14:52:54.219627Z","level":"warning","event":"GX layer=prepared rule=P10 severity=Warning result={'element_count': 82, 'unexpected_count': 70, 'unexpected_percent': np.float64(85.36585365853658), 'partial_unexpected_list': ['ambiguous', 'unmatched', 'unmatched', 'unmatched', 'unmatched', 'ambiguous', 'unmatched', 'ambiguous', 'unmatched', 'ambiguous', 'unmatched', 'unmatched', 'unmatched', 'unmatched', 'ambiguous', 'ambiguous', 'unmatched', 'unmatched', 'unmatched', 'unmatched'], 'missing_count': 0, 'missing_percent': np.float64(0.0), 'unexpected_percent_total': np.float64(85.36585365853658), 'unexpected_percent_nonmissing': np.float64(85.36585365853658), 'partial_unexpected_counts': [{'value': 'unmatched', 'count': 14}, {'value': 'ambiguous', 'count': 6}], 'partial_unexpected_index_list': [0, 1, 3, 4, 5, 6, 7, 8, 9, 10, 12, 13, 14, 15, 17, 18, 19, 20, 21, 22]}","logger":"music_pipeline","filename":"validation.py","lineno":104}
{"timestamp":"2026-10-08T14:52:54.366463Z","level":"info","event":"GX layer=prepared accepted rows=82 report=/opt/airflow/project/data/runs/df7e06230ef91855618587c6/gx_prepared.json","logger":"music_pipeline","filename":"validation.py","lineno":113}
{"timestamp":"2026-10-08T14:52:55.416074Z","level":"info","event":"DW committed {\"run_id\": \"rerun_20261008T144933Z\", \"before\": {\"fact_count\": 82, \"matched_count\": 12, \"popularity_sum\": 838.0, \"energy_sum\": 5.748}, \"after\": {\"fact_count\": 82, \"matched_count\": 12, \"popularity_sum\": 838.0, \"energy_sum\": 5.748}, \"strategy\": \"transactional_full_snapshot\"}","logger":"music_pipeline","filename":"load.py","lineno":51}
{"timestamp":"2026-10-08T14:52:55.417953Z","level":"info","event":"Done. Returned value was: {'run_id': 'rerun_20261008T144933Z', 'before': {'fact_count': 82, 'matched_count': 12, 'popularity_sum': 838.0, 'energy_sum': 5.748}, 'after': {'fact_count': 82, 'matched_count': 12, 'popularity_sum': 838.0, 'energy_sum': 5.748}, 'strategy': 'transactional_full_snapshot'}","logger":"airflow.task.operators.airflow.providers.standard.decorators.python._PythonDecoratedOperator","filename":"python.py","lineno":230}
{"timestamp":"2026-10-08T14:52:55.420618Z","level":"info","event":"Pushing xcom","ti":"RuntimeTaskInstance(id=UUID('01a11bff-bda3-77cd-a151-0a2be8205006'), task_id='load_dw', dag_id='reliable_music_pipeline', run_id='rerun_20261008T144933Z', try_number=1, dag_version_id=UUID('01a11bfc-accf-79ed-b0b0-374f17a95112'), map_index=-1, hostname='2ce0a0264a34', context_carrier={}, task=<Task(_PythonDecoratedOperator): load_dw>, bundle_instance=LocalDagBundle(name=dags-folder), max_tries=2, start_date=datetime.datetime(2026, 10, 8, 14, 52, 31, 204257, tzinfo=datetime.timezone.utc), end_date=None, state=<TaskInstanceState.RUNNING: 'running'>, is_mapped=False, rendered_map_index=None)","logger":"task","filename":"task_runner.py","lineno":1573}
