{"timestamp":"2026-10-08T16:00:06.641000Z","level":"info","event":"DAG bundles loaded: dags-folder","logger":"airflow.dag_processing.bundles.manager.DagBundlesManager","filename":"manager.py","lineno":179}
{"timestamp":"2026-10-08T16:00:06.646098Z","level":"info","event":"Filling up the DagBag from /opt/airflow/dags/reliable_music_pipeline.py","logger":"airflow.models.dagbag.BundleDagBag","filename":"dagbag.py","lineno":593}
{"timestamp":"2026-10-08T16:00:06.755199Z","level":"info","event":"Stats instance was created in PID 7 but accessed in PID 737. Re-initializing.","logger":"airflow.stats","filename":"stats.py","lineno":57}
{"timestamp":"2026-10-08T16:00:08.116214Z","level":"info","event":"Skipping registering function get_context because it does not have a class","logger":"great_expectations._docs_decorators","filename":"_docs_decorators.py","lineno":115}
{"timestamp":"2026-10-08T16:00:11.698701Z","level":"warning","event":"/home/airflow/.local/lib/python3.12/site-packages/requests/__init__.py:113: RequestsDependencyWarning: urllib3 (2.6.3) or chardet (6.0.0.post1)/charset_normalizer (3.4.5) doesn't match a supported version!\n  warnings.warn(\n","logger":"py.warnings","filename":"warnings.py","lineno":112}
{"timestamp":"2026-10-08T16:00:16.071547Z","level":"warning","event":"/home/airflow/.local/lib/python3.12/site-packages/snowflake/connector/vendored/requests/__init__.py:113: RequestsDependencyWarning: urllib3 (2.5.0) or chardet (6.0.0.post1)/charset_normalizer (3.4.5) doesn't match a supported version!\n  warnings.warn(\n","logger":"py.warnings","filename":"warnings.py","lineno":112}
{"timestamp":"2026-10-08T16:00:16.615093Z","level":"info","event":"Skipping registering function DataSourceManager._register_add_datasource.<locals>.crud_method_info because it is a closure","logger":"great_expectations._docs_decorators","filename":"_docs_decorators.py","lineno":109}
{"timestamp":"2026-10-08T16:00:16.615556Z","level":"info","event":"Skipping registering function DataSourceManager._register_update_datasource.<locals>.crud_method_info because it is a closure","logger":"great_expectations._docs_decorators","filename":"_docs_decorators.py","lineno":109}
{"timestamp":"2026-10-08T16:00:16.615773Z","level":"info","event":"Skipping registering function DataSourceManager._register_add_or_update_datasource.<locals>.crud_method_info because it is a closure","logger":"great_expectations._docs_decorators","filename":"_docs_decorators.py","lineno":109}
{"timestamp":"2026-10-08T16:00:16.615948Z","level":"info","event":"Skipping registering function DataSourceManager._register_delete_datasource.<locals>.crud_method_info because it is a closure","logger":"great_expectations._docs_decorators","filename":"_docs_decorators.py","lineno":109}
{"timestamp":"2026-10-08T16:00:16.623157Z","level":"info","event":"Skipping registering function DataSourceManager._register_add_datasource.<locals>.crud_method_info because it is a closure","logger":"great_expectations._docs_decorators","filename":"_docs_decorators.py","lineno":109}
{"timestamp":"2026-10-08T16:00:16.623598Z","level":"info","event":"Skipping registering function DataSourceManager._register_update_datasource.<locals>.crud_method_info because it is a closure","logger":"great_expectations._docs_decorators","filename":"_docs_decorators.py","lineno":109}
{"timestamp":"2026-10-08T16:00:16.624043Z","level":"info","event":"Skipping registering function DataSourceManager._register_add_or_update_datasource.<locals>.crud_method_info because it is a closure","logger":"great_expectations._docs_decorators","filename":"_docs_decorators.py","lineno":109}
{"timestamp":"2026-10-08T16:00:16.624436Z","level":"info","event":"Skipping registering function DataSourceManager._register_delete_datasource.<locals>.crud_method_info because it is a closure","logger":"great_expectations._docs_decorators","filename":"_docs_decorators.py","lineno":109}
{"timestamp":"2026-10-08T16:00:16.633867Z","level":"info","event":"Skipping registering function DataSourceManager._register_add_datasource.<locals>.crud_method_info because it is a closure","logger":"great_expectations._docs_decorators","filename":"_docs_decorators.py","lineno":109}
{"timestamp":"2026-10-08T16:00:16.634253Z","level":"info","event":"Skipping registering function DataSourceManager._register_update_datasource.<locals>.crud_method_info because it is a closure","logger":"great_expectations._docs_decorators","filename":"_docs_decorators.py","lineno":109}
{"timestamp":"2026-10-08T16:00:16.634459Z","level":"info","event":"Skipping registering function DataSourceManager._register_add_or_update_datasource.<locals>.crud_method_info because it is a closure","logger":"great_expectations._docs_decorators","filename":"_docs_decorators.py","lineno":109}
{"timestamp":"2026-10-08T16:00:16.634622Z","level":"info","event":"Skipping registering function DataSourceManager._register_delete_datasource.<locals>.crud_method_info because it is a closure","logger":"great_expectations._docs_decorators","filename":"_docs_decorators.py","lineno":109}
{"timestamp":"2026-10-08T16:00:16.643343Z","level":"info","event":"Skipping registering function DataSourceManager._register_add_datasource.<locals>.crud_method_info because it is a closure","logger":"great_expectations._docs_decorators","filename":"_docs_decorators.py","lineno":109}
{"timestamp":"2026-10-08T16:00:16.643919Z","level":"info","event":"Skipping registering function DataSourceManager._register_update_datasource.<locals>.crud_method_info because it is a closure","logger":"great_expectations._docs_decorators","filename":"_docs_decorators.py","lineno":109}
{"timestamp":"2026-10-08T16:00:16.644429Z","level":"info","event":"Skipping registering function DataSourceManager._register_add_or_update_datasource.<locals>.crud_method_info because it is a closure","logger":"great_expectations._docs_decorators","filename":"_docs_decorators.py","lineno":109}
{"timestamp":"2026-10-08T16:00:16.644764Z","level":"info","event":"Skipping registering function DataSourceManager._register_delete_datasource.<locals>.crud_method_info because it is a closure","logger":"great_expectations._docs_decorators","filename":"_docs_decorators.py","lineno":109}
{"timestamp":"2026-10-08T16:00:16.653303Z","level":"info","event":"Skipping registering function DataSourceManager._register_add_datasource.<locals>.crud_method_info because it is a closure","logger":"great_expectations._docs_decorators","filename":"_docs_decorators.py","lineno":109}
{"timestamp":"2026-10-08T16:00:16.653737Z","level":"info","event":"Skipping registering function DataSourceManager._register_update_datasource.<locals>.crud_method_info because it is a closure","logger":"great_expectations._docs_decorators","filename":"_docs_decorators.py","lineno":109}
{"timestamp":"2026-10-08T16:00:16.654013Z","level":"info","event":"Skipping registering function DataSourceManager._register_add_or_update_datasource.<locals>.crud_method_info because it is a closure","logger":"great_expectations._docs_decorators","filename":"_docs_decorators.py","lineno":109}
{"timestamp":"2026-10-08T16:00:16.654394Z","level":"info","event":"Skipping registering function DataSourceManager._register_delete_datasource.<locals>.crud_method_info because it is a closure","logger":"great_expectations._docs_decorators","filename":"_docs_decorators.py","lineno":109}
{"timestamp":"2026-10-08T16:00:16.835411Z","level":"info","event":"Skipping registering function DataSourceManager._register_add_datasource.<locals>.crud_method_info because it is a closure","logger":"great_expectations._docs_decorators","filename":"_docs_decorators.py","lineno":109}
{"timestamp":"2026-10-08T16:00:16.835810Z","level":"info","event":"Skipping registering function DataSourceManager._register_update_datasource.<locals>.crud_method_info because it is a closure","logger":"great_expectations._docs_decorators","filename":"_docs_decorators.py","lineno":109}
{"timestamp":"2026-10-08T16:00:16.836000Z","level":"info","event":"Skipping registering function DataSourceManager._register_add_or_update_datasource.<locals>.crud_method_info because it is a closure","logger":"great_expectations._docs_decorators","filename":"_docs_decorators.py","lineno":109}
{"timestamp":"2026-10-08T16:00:16.836147Z","level":"info","event":"Skipping registering function DataSourceManager._register_delete_datasource.<locals>.crud_method_info because it is a closure","logger":"great_expectations._docs_decorators","filename":"_docs_decorators.py","lineno":109}
{"timestamp":"2026-10-08T16:00:16.977378Z","level":"info","event":"Skipping registering function DataSourceManager._bind_asset_factory_method_if_not_present.<locals>._add_asset_factory because it is a closure","logger":"great_expectations._docs_decorators","filename":"_docs_decorators.py","lineno":109}
{"timestamp":"2026-10-08T16:00:16.978194Z","level":"info","event":"Skipping registering function DataSourceManager._bind_asset_factory_method_if_not_present.<locals>._add_asset_factory because it is a closure","logger":"great_expectations._docs_decorators","filename":"_docs_decorators.py","lineno":109}
{"timestamp":"2026-10-08T16:00:16.978554Z","level":"info","event":"Skipping registering function DataSourceManager._bind_asset_factory_method_if_not_present.<locals>._add_asset_factory because it is a closure","logger":"great_expectations._docs_decorators","filename":"_docs_decorators.py","lineno":109}
{"timestamp":"2026-10-08T16:00:16.978995Z","level":"info","event":"Skipping registering function DataSourceManager._bind_asset_factory_method_if_not_present.<locals>._add_asset_factory because it is a closure","logger":"great_expectations._docs_decorators","filename":"_docs_decorators.py","lineno":109}
{"timestamp":"2026-10-08T16:00:16.979396Z","level":"info","event":"Skipping registering function DataSourceManager._bind_asset_factory_method_if_not_present.<locals>._add_asset_factory because it is a closure","logger":"great_expectations._docs_decorators","filename":"_docs_decorators.py","lineno":109}
{"timestamp":"2026-10-08T16:00:16.979704Z","level":"info","event":"Skipping registering function DataSourceManager._bind_asset_factory_method_if_not_present.<locals>._add_asset_factory because it is a closure","logger":"great_expectations._docs_decorators","filename":"_docs_decorators.py","lineno":109}
{"timestamp":"2026-10-08T16:00:16.979952Z","level":"info","event":"Skipping registering function DataSourceManager._bind_asset_factory_method_if_not_present.<locals>._add_asset_factory because it is a closure","logger":"great_expectations._docs_decorators","filename":"_docs_decorators.py","lineno":109}
{"timestamp":"2026-10-08T16:00:16.980172Z","level":"info","event":"Skipping registering function DataSourceManager._bind_asset_factory_method_if_not_present.<locals>._add_asset_factory because it is a closure","logger":"great_expectations._docs_decorators","filename":"_docs_decorators.py","lineno":109}
{"timestamp":"2026-10-08T16:00:16.980427Z","level":"info","event":"Skipping registering function DataSourceManager._bind_asset_factory_method_if_not_present.<locals>._add_asset_factory because it is a closure","logger":"great_expectations._docs_decorators","filename":"_docs_decorators.py","lineno":109}
{"timestamp":"2026-10-08T16:00:16.980878Z","level":"info","event":"Skipping registering function DataSourceManager._bind_asset_factory_method_if_not_present.<locals>._add_asset_factory because it is a closure","logger":"great_expectations._docs_decorators","filename":"_docs_decorators.py","lineno":109}
{"timestamp":"2026-10-08T16:00:16.981257Z","level":"info","event":"Skipping registering function DataSourceManager._bind_asset_factory_method_if_not_present.<locals>._add_asset_factory because it is a closure","logger":"great_expectations._docs_decorators","filename":"_docs_decorators.py","lineno":109}
{"timestamp":"2026-10-08T16:00:16.981514Z","level":"info","event":"Skipping registering function DataSourceManager._bind_asset_factory_method_if_not_present.<locals>._add_asset_factory because it is a closure","logger":"great_expectations._docs_decorators","filename":"_docs_decorators.py","lineno":109}
{"timestamp":"2026-10-08T16:00:16.981766Z","level":"info","event":"Skipping registering function DataSourceManager._bind_asset_factory_method_if_not_present.<locals>._add_asset_factory because it is a closure","logger":"great_expectations._docs_decorators","filename":"_docs_decorators.py","lineno":109}
{"timestamp":"2026-10-08T16:00:16.982049Z","level":"info","event":"Skipping registering function DataSourceManager._bind_asset_factory_method_if_not_present.<locals>._add_asset_factory because it is a closure","logger":"great_expectations._docs_decorators","filename":"_docs_decorators.py","lineno":109}
{"timestamp":"2026-10-08T16:00:16.982225Z","level":"info","event":"Skipping registering function DataSourceManager._register_add_datasource.<locals>.crud_method_info because it is a closure","logger":"great_expectations._docs_decorators","filename":"_docs_decorators.py","lineno":109}
{"timestamp":"2026-10-08T16:00:16.982383Z","level":"info","event":"Skipping registering function DataSourceManager._register_update_datasource.<locals>.crud_method_info because it is a closure","logger":"great_expectations._docs_decorators","filename":"_docs_decorators.py","lineno":109}
{"timestamp":"2026-10-08T16:00:16.982567Z","level":"info","event":"Skipping registering function DataSourceManager._register_add_or_update_datasource.<locals>.crud_method_info because it is a closure","logger":"great_expectations._docs_decorators","filename":"_docs_decorators.py","lineno":109}
{"timestamp":"2026-10-08T16:00:16.982768Z","level":"info","event":"Skipping registering function DataSourceManager._register_delete_datasource.<locals>.crud_method_info because it is a closure","logger":"great_expectations._docs_decorators","filename":"_docs_decorators.py","lineno":109}
{"timestamp":"2026-10-08T16:00:16.987334Z","level":"info","event":"Skipping registering function DataSourceManager._register_add_datasource.<locals>.crud_method_info because it is a closure","logger":"great_expectations._docs_decorators","filename":"_docs_decorators.py","lineno":109}
{"timestamp":"2026-10-08T16:00:16.987559Z","level":"info","event":"Skipping registering function DataSourceManager._register_update_datasource.<locals>.crud_method_info because it is a closure","logger":"great_expectations._docs_decorators","filename":"_docs_decorators.py","lineno":109}
{"timestamp":"2026-10-08T16:00:16.987709Z","level":"info","event":"Skipping registering function DataSourceManager._register_add_or_update_datasource.<locals>.crud_method_info because it is a closure","logger":"great_expectations._docs_decorators","filename":"_docs_decorators.py","lineno":109}
{"timestamp":"2026-10-08T16:00:16.987838Z","level":"info","event":"Skipping registering function DataSourceManager._register_delete_datasource.<locals>.crud_method_info because it is a closure","logger":"great_expectations._docs_decorators","filename":"_docs_decorators.py","lineno":109}
{"timestamp":"2026-10-08T16:00:16.994327Z","level":"info","event":"Skipping registering function DataSourceManager._bind_asset_factory_method_if_not_present.<locals>._add_asset_factory because it is a closure","logger":"great_expectations._docs_decorators","filename":"_docs_decorators.py","lineno":109}
{"timestamp":"2026-10-08T16:00:16.994848Z","level":"info","event":"Skipping registering function DataSourceManager._bind_asset_factory_method_if_not_present.<locals>._add_asset_factory because it is a closure","logger":"great_expectations._docs_decorators","filename":"_docs_decorators.py","lineno":109}
{"timestamp":"2026-10-08T16:00:16.995231Z","level":"info","event":"Skipping registering function DataSourceManager._bind_asset_factory_method_if_not_present.<locals>._add_asset_factory because it is a closure","logger":"great_expectations._docs_decorators","filename":"_docs_decorators.py","lineno":109}
{"timestamp":"2026-10-08T16:00:16.995533Z","level":"info","event":"Skipping registering function DataSourceManager._bind_asset_factory_method_if_not_present.<locals>._add_asset_factory because it is a closure","logger":"great_expectations._docs_decorators","filename":"_docs_decorators.py","lineno":109}
{"timestamp":"2026-10-08T16:00:16.995862Z","level":"info","event":"Skipping registering function DataSourceManager._bind_asset_factory_method_if_not_present.<locals>._add_asset_factory because it is a closure","logger":"great_expectations._docs_decorators","filename":"_docs_decorators.py","lineno":109}
{"timestamp":"2026-10-08T16:00:16.996207Z","level":"info","event":"Skipping registering function DataSourceManager._bind_asset_factory_method_if_not_present.<locals>._add_asset_factory because it is a closure","logger":"great_expectations._docs_decorators","filename":"_docs_decorators.py","lineno":109}
{"timestamp":"2026-10-08T16:00:16.996493Z","level":"info","event":"Skipping registering function DataSourceManager._bind_asset_factory_method_if_not_present.<locals>._add_asset_factory because it is a closure","logger":"great_expectations._docs_decorators","filename":"_docs_decorators.py","lineno":109}
{"timestamp":"2026-10-08T16:00:16.996719Z","level":"info","event":"Skipping registering function DataSourceManager._bind_asset_factory_method_if_not_present.<locals>._add_asset_factory because it is a closure","logger":"great_expectations._docs_decorators","filename":"_docs_decorators.py","lineno":109}
{"timestamp":"2026-10-08T16:00:16.997056Z","level":"info","event":"Skipping registering function DataSourceManager._bind_asset_factory_method_if_not_present.<locals>._add_asset_factory because it is a closure","logger":"great_expectations._docs_decorators","filename":"_docs_decorators.py","lineno":109}
{"timestamp":"2026-10-08T16:00:16.997324Z","level":"info","event":"Skipping registering function DataSourceManager._bind_asset_factory_method_if_not_present.<locals>._add_asset_factory because it is a closure","logger":"great_expectations._docs_decorators","filename":"_docs_decorators.py","lineno":109}
{"timestamp":"2026-10-08T16:00:16.997557Z","level":"info","event":"Skipping registering function DataSourceManager._bind_asset_factory_method_if_not_present.<locals>._add_asset_factory because it is a closure","logger":"great_expectations._docs_decorators","filename":"_docs_decorators.py","lineno":109}
{"timestamp":"2026-10-08T16:00:16.997874Z","level":"info","event":"Skipping registering function DataSourceManager._bind_asset_factory_method_if_not_present.<locals>._add_asset_factory because it is a closure","logger":"great_expectations._docs_decorators","filename":"_docs_decorators.py","lineno":109}
{"timestamp":"2026-10-08T16:00:16.998150Z","level":"info","event":"Skipping registering function DataSourceManager._bind_asset_factory_method_if_not_present.<locals>._add_asset_factory because it is a closure","logger":"great_expectations._docs_decorators","filename":"_docs_decorators.py","lineno":109}
{"timestamp":"2026-10-08T16:00:16.998397Z","level":"info","event":"Skipping registering function DataSourceManager._bind_asset_factory_method_if_not_present.<locals>._add_asset_factory because it is a closure","logger":"great_expectations._docs_decorators","filename":"_docs_decorators.py","lineno":109}
{"timestamp":"2026-10-08T16:00:16.998538Z","level":"info","event":"Skipping registering function DataSourceManager._register_add_datasource.<locals>.crud_method_info because it is a closure","logger":"great_expectations._docs_decorators","filename":"_docs_decorators.py","lineno":109}
{"timestamp":"2026-10-08T16:00:16.998660Z","level":"info","event":"Skipping registering function DataSourceManager._register_update_datasource.<locals>.crud_method_info because it is a closure","logger":"great_expectations._docs_decorators","filename":"_docs_decorators.py","lineno":109}
{"timestamp":"2026-10-08T16:00:16.998776Z","level":"info","event":"Skipping registering function DataSourceManager._register_add_or_update_datasource.<locals>.crud_method_info because it is a closure","logger":"great_expectations._docs_decorators","filename":"_docs_decorators.py","lineno":109}
{"timestamp":"2026-10-08T16:00:16.998893Z","level":"info","event":"Skipping registering function DataSourceManager._register_delete_datasource.<locals>.crud_method_info because it is a closure","logger":"great_expectations._docs_decorators","filename":"_docs_decorators.py","lineno":109}
{"timestamp":"2026-10-08T16:00:17.004216Z","level":"info","event":"Skipping registering function DataSourceManager._bind_asset_factory_method_if_not_present.<locals>._add_asset_factory because it is a closure","logger":"great_expectations._docs_decorators","filename":"_docs_decorators.py","lineno":109}
{"timestamp":"2026-10-08T16:00:17.004545Z","level":"info","event":"Skipping registering function DataSourceManager._bind_asset_factory_method_if_not_present.<locals>._add_asset_factory because it is a closure","logger":"great_expectations._docs_decorators","filename":"_docs_decorators.py","lineno":109}
{"timestamp":"2026-10-08T16:00:17.004762Z","level":"info","event":"Skipping registering function DataSourceManager._bind_asset_factory_method_if_not_present.<locals>._add_asset_factory because it is a closure","logger":"great_expectations._docs_decorators","filename":"_docs_decorators.py","lineno":109}
{"timestamp":"2026-10-08T16:00:17.005069Z","level":"info","event":"Skipping registering function DataSourceManager._bind_asset_factory_method_if_not_present.<locals>._add_asset_factory because it is a closure","logger":"great_expectations._docs_decorators","filename":"_docs_decorators.py","lineno":109}
{"timestamp":"2026-10-08T16:00:17.005338Z","level":"info","event":"Skipping registering function DataSourceManager._bind_asset_factory_method_if_not_present.<locals>._add_asset_factory because it is a closure","logger":"great_expectations._docs_decorators","filename":"_docs_decorators.py","lineno":109}
{"timestamp":"2026-10-08T16:00:17.005634Z","level":"info","event":"Skipping registering function DataSourceManager._bind_asset_factory_method_if_not_present.<locals>._add_asset_factory because it is a closure","logger":"great_expectations._docs_decorators","filename":"_docs_decorators.py","lineno":109}
{"timestamp":"2026-10-08T16:00:17.005883Z","level":"info","event":"Skipping registering function DataSourceManager._bind_asset_factory_method_if_not_present.<locals>._add_asset_factory because it is a closure","logger":"great_expectations._docs_decorators","filename":"_docs_decorators.py","lineno":109}
{"timestamp":"2026-10-08T16:00:17.006111Z","level":"info","event":"Skipping registering function DataSourceManager._bind_asset_factory_method_if_not_present.<locals>._add_asset_factory because it is a closure","logger":"great_expectations._docs_decorators","filename":"_docs_decorators.py","lineno":109}
{"timestamp":"2026-10-08T16:00:17.006321Z","level":"info","event":"Skipping registering function DataSourceManager._bind_asset_factory_method_if_not_present.<locals>._add_asset_factory because it is a closure","logger":"great_expectations._docs_decorators","filename":"_docs_decorators.py","lineno":109}
{"timestamp":"2026-10-08T16:00:17.006556Z","level":"info","event":"Skipping registering function DataSourceManager._bind_asset_factory_method_if_not_present.<locals>._add_asset_factory because it is a closure","logger":"great_expectations._docs_decorators","filename":"_docs_decorators.py","lineno":109}
{"timestamp":"2026-10-08T16:00:17.006885Z","level":"info","event":"Skipping registering function DataSourceManager._bind_asset_factory_method_if_not_present.<locals>._add_asset_factory because it is a closure","logger":"great_expectations._docs_decorators","filename":"_docs_decorators.py","lineno":109}
{"timestamp":"2026-10-08T16:00:17.007474Z","level":"info","event":"Skipping registering function DataSourceManager._bind_asset_factory_method_if_not_present.<locals>._add_asset_factory because it is a closure","logger":"great_expectations._docs_decorators","filename":"_docs_decorators.py","lineno":109}
{"timestamp":"2026-10-08T16:00:17.008081Z","level":"info","event":"Skipping registering function DataSourceManager._bind_asset_factory_method_if_not_present.<locals>._add_asset_factory because it is a closure","logger":"great_expectations._docs_decorators","filename":"_docs_decorators.py","lineno":109}
{"timestamp":"2026-10-08T16:00:17.008690Z","level":"info","event":"Skipping registering function DataSourceManager._bind_asset_factory_method_if_not_present.<locals>._add_asset_factory because it is a closure","logger":"great_expectations._docs_decorators","filename":"_docs_decorators.py","lineno":109}
{"timestamp":"2026-10-08T16:00:17.009096Z","level":"info","event":"Skipping registering function DataSourceManager._register_add_datasource.<locals>.crud_method_info because it is a closure","logger":"great_expectations._docs_decorators","filename":"_docs_decorators.py","lineno":109}
{"timestamp":"2026-10-08T16:00:17.009308Z","level":"info","event":"Skipping registering function DataSourceManager._register_update_datasource.<locals>.crud_method_info because it is a closure","logger":"great_expectations._docs_decorators","filename":"_docs_decorators.py","lineno":109}
{"timestamp":"2026-10-08T16:00:17.009465Z","level":"info","event":"Skipping registering function DataSourceManager._register_add_or_update_datasource.<locals>.crud_method_info because it is a closure","logger":"great_expectations._docs_decorators","filename":"_docs_decorators.py","lineno":109}
{"timestamp":"2026-10-08T16:00:17.009695Z","level":"info","event":"Skipping registering function DataSourceManager._register_delete_datasource.<locals>.crud_method_info because it is a closure","logger":"great_expectations._docs_decorators","filename":"_docs_decorators.py","lineno":109}
{"timestamp":"2026-10-08T16:00:17.016058Z","level":"info","event":"Skipping registering function DataSourceManager._bind_asset_factory_method_if_not_present.<locals>._add_asset_factory because it is a closure","logger":"great_expectations._docs_decorators","filename":"_docs_decorators.py","lineno":109}
{"timestamp":"2026-10-08T16:00:17.016421Z","level":"info","event":"Skipping registering function DataSourceManager._bind_asset_factory_method_if_not_present.<locals>._add_asset_factory because it is a closure","logger":"great_expectations._docs_decorators","filename":"_docs_decorators.py","lineno":109}
{"timestamp":"2026-10-08T16:00:17.016677Z","level":"info","event":"Skipping registering function DataSourceManager._bind_asset_factory_method_if_not_present.<locals>._add_asset_factory because it is a closure","logger":"great_expectations._docs_decorators","filename":"_docs_decorators.py","lineno":109}
{"timestamp":"2026-10-08T16:00:17.017225Z","level":"info","event":"Skipping registering function DataSourceManager._bind_asset_factory_method_if_not_present.<locals>._add_asset_factory because it is a closure","logger":"great_expectations._docs_decorators","filename":"_docs_decorators.py","lineno":109}
{"timestamp":"2026-10-08T16:00:17.017504Z","level":"info","event":"Skipping registering function DataSourceManager._bind_asset_factory_method_if_not_present.<locals>._add_asset_factory because it is a closure","logger":"great_expectations._docs_decorators","filename":"_docs_decorators.py","lineno":109}
{"timestamp":"2026-10-08T16:00:17.017942Z","level":"info","event":"Skipping registering function DataSourceManager._bind_asset_factory_method_if_not_present.<locals>._add_asset_factory because it is a closure","logger":"great_expectations._docs_decorators","filename":"_docs_decorators.py","lineno":109}
{"timestamp":"2026-10-08T16:00:17.018394Z","level":"info","event":"Skipping registering function DataSourceManager._bind_asset_factory_method_if_not_present.<locals>._add_asset_factory because it is a closure","logger":"great_expectations._docs_decorators","filename":"_docs_decorators.py","lineno":109}
{"timestamp":"2026-10-08T16:00:17.018651Z","level":"info","event":"Skipping registering function DataSourceManager._bind_asset_factory_method_if_not_present.<locals>._add_asset_factory because it is a closure","logger":"great_expectations._docs_decorators","filename":"_docs_decorators.py","lineno":109}
{"timestamp":"2026-10-08T16:00:17.019062Z","level":"info","event":"Skipping registering function DataSourceManager._bind_asset_factory_method_if_not_present.<locals>._add_asset_factory because it is a closure","logger":"great_expectations._docs_decorators","filename":"_docs_decorators.py","lineno":109}
{"timestamp":"2026-10-08T16:00:17.019466Z","level":"info","event":"Skipping registering function DataSourceManager._bind_asset_factory_method_if_not_present.<locals>._add_asset_factory because it is a closure","logger":"great_expectations._docs_decorators","filename":"_docs_decorators.py","lineno":109}
{"timestamp":"2026-10-08T16:00:17.019785Z","level":"info","event":"Skipping registering function DataSourceManager._bind_asset_factory_method_if_not_present.<locals>._add_asset_factory because it is a closure","logger":"great_expectations._docs_decorators","filename":"_docs_decorators.py","lineno":109}
{"timestamp":"2026-10-08T16:00:17.020078Z","level":"info","event":"Skipping registering function DataSourceManager._bind_asset_factory_method_if_not_present.<locals>._add_asset_factory because it is a closure","logger":"great_expectations._docs_decorators","filename":"_docs_decorators.py","lineno":109}
{"timestamp":"2026-10-08T16:00:17.020487Z","level":"info","event":"Skipping registering function DataSourceManager._bind_asset_factory_method_if_not_present.<locals>._add_asset_factory because it is a closure","logger":"great_expectations._docs_decorators","filename":"_docs_decorators.py","lineno":109}
{"timestamp":"2026-10-08T16:00:17.020737Z","level":"info","event":"Skipping registering function DataSourceManager._bind_asset_factory_method_if_not_present.<locals>._add_asset_factory because it is a closure","logger":"great_expectations._docs_decorators","filename":"_docs_decorators.py","lineno":109}
{"timestamp":"2026-10-08T16:00:17.020981Z","level":"info","event":"Skipping registering function DataSourceManager._register_add_datasource.<locals>.crud_method_info because it is a closure","logger":"great_expectations._docs_decorators","filename":"_docs_decorators.py","lineno":109}
{"timestamp":"2026-10-08T16:00:17.021152Z","level":"info","event":"Skipping registering function DataSourceManager._register_update_datasource.<locals>.crud_method_info because it is a closure","logger":"great_expectations._docs_decorators","filename":"_docs_decorators.py","lineno":109}
{"timestamp":"2026-10-08T16:00:17.021292Z","level":"info","event":"Skipping registering function DataSourceManager._register_add_or_update_datasource.<locals>.crud_method_info because it is a closure","logger":"great_expectations._docs_decorators","filename":"_docs_decorators.py","lineno":109}
{"timestamp":"2026-10-08T16:00:17.021416Z","level":"info","event":"Skipping registering function DataSourceManager._register_delete_datasource.<locals>.crud_method_info because it is a closure","logger":"great_expectations._docs_decorators","filename":"_docs_decorators.py","lineno":109}
{"timestamp":"2026-10-08T16:00:17.048998Z","level":"info","event":"Skipping registering function DataSourceManager._register_add_datasource.<locals>.crud_method_info because it is a closure","logger":"great_expectations._docs_decorators","filename":"_docs_decorators.py","lineno":109}
{"timestamp":"2026-10-08T16:00:17.049413Z","level":"info","event":"Skipping registering function DataSourceManager._register_update_datasource.<locals>.crud_method_info because it is a closure","logger":"great_expectations._docs_decorators","filename":"_docs_decorators.py","lineno":109}
{"timestamp":"2026-10-08T16:00:17.049623Z","level":"info","event":"Skipping registering function DataSourceManager._register_add_or_update_datasource.<locals>.crud_method_info because it is a closure","logger":"great_expectations._docs_decorators","filename":"_docs_decorators.py","lineno":109}
{"timestamp":"2026-10-08T16:00:17.049794Z","level":"info","event":"Skipping registering function DataSourceManager._register_delete_datasource.<locals>.crud_method_info because it is a closure","logger":"great_expectations._docs_decorators","filename":"_docs_decorators.py","lineno":109}
{"timestamp":"2026-10-08T16:00:17.058234Z","level":"info","event":"Skipping registering function DataSourceManager._register_add_datasource.<locals>.crud_method_info because it is a closure","logger":"great_expectations._docs_decorators","filename":"_docs_decorators.py","lineno":109}
{"timestamp":"2026-10-08T16:00:17.058705Z","level":"info","event":"Skipping registering function DataSourceManager._register_update_datasource.<locals>.crud_method_info because it is a closure","logger":"great_expectations._docs_decorators","filename":"_docs_decorators.py","lineno":109}
{"timestamp":"2026-10-08T16:00:17.059098Z","level":"info","event":"Skipping registering function DataSourceManager._register_add_or_update_datasource.<locals>.crud_method_info because it is a closure","logger":"great_expectations._docs_decorators","filename":"_docs_decorators.py","lineno":109}
{"timestamp":"2026-10-08T16:00:17.059453Z","level":"info","event":"Skipping registering function DataSourceManager._register_delete_datasource.<locals>.crud_method_info because it is a closure","logger":"great_expectations._docs_decorators","filename":"_docs_decorators.py","lineno":109}
{"timestamp":"2026-10-08T16:00:17.068002Z","level":"info","event":"Skipping registering function DataSourceManager._register_add_datasource.<locals>.crud_method_info because it is a closure","logger":"great_expectations._docs_decorators","filename":"_docs_decorators.py","lineno":109}
{"timestamp":"2026-10-08T16:00:17.068329Z","level":"info","event":"Skipping registering function DataSourceManager._register_update_datasource.<locals>.crud_method_info because it is a closure","logger":"great_expectations._docs_decorators","filename":"_docs_decorators.py","lineno":109}
{"timestamp":"2026-10-08T16:00:17.068521Z","level":"info","event":"Skipping registering function DataSourceManager._register_add_or_update_datasource.<locals>.crud_method_info because it is a closure","logger":"great_expectations._docs_decorators","filename":"_docs_decorators.py","lineno":109}
{"timestamp":"2026-10-08T16:00:17.068672Z","level":"info","event":"Skipping registering function DataSourceManager._register_delete_datasource.<locals>.crud_method_info because it is a closure","logger":"great_expectations._docs_decorators","filename":"_docs_decorators.py","lineno":109}
{"timestamp":"2026-10-08T16:00:17.510734Z","level":"info","event":"Multiple declarations of metric table.column_types for engine PandasExecutionEngine.","logger":"great_expectations.expectations.registry","filename":"registry.py","lineno":290}
{"timestamp":"2026-10-08T16:00:17.511412Z","level":"info","event":"Multiple declarations of metric table.column_types for engine SparkDFExecutionEngine.","logger":"great_expectations.expectations.registry","filename":"registry.py","lineno":290}
{"timestamp":"2026-10-08T16:00:17.540794Z","level":"info","event":"Skipping registering function DataSourceManager._register_add_datasource.<locals>.crud_method_info because it is a closure","logger":"great_expectations._docs_decorators","filename":"_docs_decorators.py","lineno":109}
{"timestamp":"2026-10-08T16:00:17.541556Z","level":"info","event":"Skipping registering function DataSourceManager._register_update_datasource.<locals>.crud_method_info because it is a closure","logger":"great_expectations._docs_decorators","filename":"_docs_decorators.py","lineno":109}
{"timestamp":"2026-10-08T16:00:17.542156Z","level":"info","event":"Skipping registering function DataSourceManager._register_add_or_update_datasource.<locals>.crud_method_info because it is a closure","logger":"great_expectations._docs_decorators","filename":"_docs_decorators.py","lineno":109}
{"timestamp":"2026-10-08T16:00:17.542737Z","level":"info","event":"Skipping registering function DataSourceManager._register_delete_datasource.<locals>.crud_method_info because it is a closure","logger":"great_expectations._docs_decorators","filename":"_docs_decorators.py","lineno":109}
{"timestamp":"2026-10-08T16:00:17.574937Z","level":"info","event":"Skipping registering function DataSourceManager._register_add_datasource.<locals>.crud_method_info because it is a closure","logger":"great_expectations._docs_decorators","filename":"_docs_decorators.py","lineno":109}
{"timestamp":"2026-10-08T16:00:17.575407Z","level":"info","event":"Skipping registering function DataSourceManager._register_update_datasource.<locals>.crud_method_info because it is a closure","logger":"great_expectations._docs_decorators","filename":"_docs_decorators.py","lineno":109}
{"timestamp":"2026-10-08T16:00:17.575602Z","level":"info","event":"Skipping registering function DataSourceManager._register_add_or_update_datasource.<locals>.crud_method_info because it is a closure","logger":"great_expectations._docs_decorators","filename":"_docs_decorators.py","lineno":109}
{"timestamp":"2026-10-08T16:00:17.575739Z","level":"info","event":"Skipping registering function DataSourceManager._register_delete_datasource.<locals>.crud_method_info because it is a closure","logger":"great_expectations._docs_decorators","filename":"_docs_decorators.py","lineno":109}
{"timestamp":"2026-10-08T16:00:17.804185Z","level":"info","event":"Skipping registering function DataSourceManager._bind_asset_factory_method_if_not_present.<locals>._add_asset_factory because it is a closure","logger":"great_expectations._docs_decorators","filename":"_docs_decorators.py","lineno":109}
{"timestamp":"2026-10-08T16:00:17.804665Z","level":"info","event":"Skipping registering function DataSourceManager._bind_asset_factory_method_if_not_present.<locals>._add_asset_factory because it is a closure","logger":"great_expectations._docs_decorators","filename":"_docs_decorators.py","lineno":109}
{"timestamp":"2026-10-08T16:00:17.805022Z","level":"info","event":"Skipping registering function DataSourceManager._bind_asset_factory_method_if_not_present.<locals>._add_asset_factory because it is a closure","logger":"great_expectations._docs_decorators","filename":"_docs_decorators.py","lineno":109}
{"timestamp":"2026-10-08T16:00:17.805254Z","level":"info","event":"Skipping registering function DataSourceManager._bind_asset_factory_method_if_not_present.<locals>._add_asset_factory because it is a closure","logger":"great_expectations._docs_decorators","filename":"_docs_decorators.py","lineno":109}
{"timestamp":"2026-10-08T16:00:17.805470Z","level":"info","event":"Skipping registering function DataSourceManager._bind_asset_factory_method_if_not_present.<locals>._add_asset_factory because it is a closure","logger":"great_expectations._docs_decorators","filename":"_docs_decorators.py","lineno":109}
{"timestamp":"2026-10-08T16:00:17.805717Z","level":"info","event":"Skipping registering function DataSourceManager._bind_asset_factory_method_if_not_present.<locals>._add_asset_factory because it is a closure","logger":"great_expectations._docs_decorators","filename":"_docs_decorators.py","lineno":109}
{"timestamp":"2026-10-08T16:00:17.805950Z","level":"info","event":"Skipping registering function DataSourceManager._bind_asset_factory_method_if_not_present.<locals>._add_asset_factory because it is a closure","logger":"great_expectations._docs_decorators","filename":"_docs_decorators.py","lineno":109}
{"timestamp":"2026-10-08T16:00:17.806154Z","level":"info","event":"Skipping registering function DataSourceManager._bind_asset_factory_method_if_not_present.<locals>._add_asset_factory because it is a closure","logger":"great_expectations._docs_decorators","filename":"_docs_decorators.py","lineno":109}
{"timestamp":"2026-10-08T16:00:17.806381Z","level":"info","event":"Skipping registering function DataSourceManager._bind_asset_factory_method_if_not_present.<locals>._add_asset_factory because it is a closure","logger":"great_expectations._docs_decorators","filename":"_docs_decorators.py","lineno":109}
{"timestamp":"2026-10-08T16:00:17.806570Z","level":"info","event":"Skipping registering function DataSourceManager._bind_asset_factory_method_if_not_present.<locals>._add_asset_factory because it is a closure","logger":"great_expectations._docs_decorators","filename":"_docs_decorators.py","lineno":109}
{"timestamp":"2026-10-08T16:00:17.806747Z","level":"info","event":"Skipping registering function DataSourceManager._bind_asset_factory_method_if_not_present.<locals>._add_asset_factory because it is a closure","logger":"great_expectations._docs_decorators","filename":"_docs_decorators.py","lineno":109}
{"timestamp":"2026-10-08T16:00:17.807065Z","level":"info","event":"Skipping registering function DataSourceManager._bind_asset_factory_method_if_not_present.<locals>._add_asset_factory because it is a closure","logger":"great_expectations._docs_decorators","filename":"_docs_decorators.py","lineno":109}
{"timestamp":"2026-10-08T16:00:17.807248Z","level":"info","event":"Skipping registering function DataSourceManager._register_add_datasource.<locals>.crud_method_info because it is a closure","logger":"great_expectations._docs_decorators","filename":"_docs_decorators.py","lineno":109}
{"timestamp":"2026-10-08T16:00:17.807369Z","level":"info","event":"Skipping registering function DataSourceManager._register_update_datasource.<locals>.crud_method_info because it is a closure","logger":"great_expectations._docs_decorators","filename":"_docs_decorators.py","lineno":109}
{"timestamp":"2026-10-08T16:00:17.807508Z","level":"info","event":"Skipping registering function DataSourceManager._register_add_or_update_datasource.<locals>.crud_method_info because it is a closure","logger":"great_expectations._docs_decorators","filename":"_docs_decorators.py","lineno":109}
{"timestamp":"2026-10-08T16:00:17.807619Z","level":"info","event":"Skipping registering function DataSourceManager._register_delete_datasource.<locals>.crud_method_info because it is a closure","logger":"great_expectations._docs_decorators","filename":"_docs_decorators.py","lineno":109}
{"timestamp":"2026-10-08T16:00:17.818193Z","level":"info","event":"Skipping registering function DataSourceManager._register_add_datasource.<locals>.crud_method_info because it is a closure","logger":"great_expectations._docs_decorators","filename":"_docs_decorators.py","lineno":109}
{"timestamp":"2026-10-08T16:00:17.818541Z","level":"info","event":"Skipping registering function DataSourceManager._register_update_datasource.<locals>.crud_method_info because it is a closure","logger":"great_expectations._docs_decorators","filename":"_docs_decorators.py","lineno":109}
{"timestamp":"2026-10-08T16:00:17.818744Z","level":"info","event":"Skipping registering function DataSourceManager._register_add_or_update_datasource.<locals>.crud_method_info because it is a closure","logger":"great_expectations._docs_decorators","filename":"_docs_decorators.py","lineno":109}
{"timestamp":"2026-10-08T16:00:17.818900Z","level":"info","event":"Skipping registering function DataSourceManager._register_delete_datasource.<locals>.crud_method_info because it is a closure","logger":"great_expectations._docs_decorators","filename":"_docs_decorators.py","lineno":109}
{"timestamp":"2026-10-08T16:00:17.828631Z","level":"info","event":"Skipping registering function DataSourceManager._bind_asset_factory_method_if_not_present.<locals>._add_asset_factory because it is a closure","logger":"great_expectations._docs_decorators","filename":"_docs_decorators.py","lineno":109}
{"timestamp":"2026-10-08T16:00:17.829357Z","level":"info","event":"Skipping registering function DataSourceManager._bind_asset_factory_method_if_not_present.<locals>._add_asset_factory because it is a closure","logger":"great_expectations._docs_decorators","filename":"_docs_decorators.py","lineno":109}
{"timestamp":"2026-10-08T16:00:17.829818Z","level":"info","event":"Skipping registering function DataSourceManager._bind_asset_factory_method_if_not_present.<locals>._add_asset_factory because it is a closure","logger":"great_expectations._docs_decorators","filename":"_docs_decorators.py","lineno":109}
{"timestamp":"2026-10-08T16:00:17.830177Z","level":"info","event":"Skipping registering function DataSourceManager._bind_asset_factory_method_if_not_present.<locals>._add_asset_factory because it is a closure","logger":"great_expectations._docs_decorators","filename":"_docs_decorators.py","lineno":109}
{"timestamp":"2026-10-08T16:00:17.830641Z","level":"info","event":"Skipping registering function DataSourceManager._bind_asset_factory_method_if_not_present.<locals>._add_asset_factory because it is a closure","logger":"great_expectations._docs_decorators","filename":"_docs_decorators.py","lineno":109}
{"timestamp":"2026-10-08T16:00:17.831115Z","level":"info","event":"Skipping registering function DataSourceManager._bind_asset_factory_method_if_not_present.<locals>._add_asset_factory because it is a closure","logger":"great_expectations._docs_decorators","filename":"_docs_decorators.py","lineno":109}
{"timestamp":"2026-10-08T16:00:17.831824Z","level":"info","event":"Skipping registering function DataSourceManager._bind_asset_factory_method_if_not_present.<locals>._add_asset_factory because it is a closure","logger":"great_expectations._docs_decorators","filename":"_docs_decorators.py","lineno":109}
{"timestamp":"2026-10-08T16:00:17.832401Z","level":"info","event":"Skipping registering function DataSourceManager._bind_asset_factory_method_if_not_present.<locals>._add_asset_factory because it is a closure","logger":"great_expectations._docs_decorators","filename":"_docs_decorators.py","lineno":109}
{"timestamp":"2026-10-08T16:00:17.833189Z","level":"info","event":"Skipping registering function DataSourceManager._bind_asset_factory_method_if_not_present.<locals>._add_asset_factory because it is a closure","logger":"great_expectations._docs_decorators","filename":"_docs_decorators.py","lineno":109}
{"timestamp":"2026-10-08T16:00:17.833645Z","level":"info","event":"Skipping registering function DataSourceManager._bind_asset_factory_method_if_not_present.<locals>._add_asset_factory because it is a closure","logger":"great_expectations._docs_decorators","filename":"_docs_decorators.py","lineno":109}
{"timestamp":"2026-10-08T16:00:17.833972Z","level":"info","event":"Skipping registering function DataSourceManager._bind_asset_factory_method_if_not_present.<locals>._add_asset_factory because it is a closure","logger":"great_expectations._docs_decorators","filename":"_docs_decorators.py","lineno":109}
{"timestamp":"2026-10-08T16:00:17.834308Z","level":"info","event":"Skipping registering function DataSourceManager._bind_asset_factory_method_if_not_present.<locals>._add_asset_factory because it is a closure","logger":"great_expectations._docs_decorators","filename":"_docs_decorators.py","lineno":109}
{"timestamp":"2026-10-08T16:00:17.834626Z","level":"info","event":"Skipping registering function DataSourceManager._register_add_datasource.<locals>.crud_method_info because it is a closure","logger":"great_expectations._docs_decorators","filename":"_docs_decorators.py","lineno":109}
{"timestamp":"2026-10-08T16:00:17.834838Z","level":"info","event":"Skipping registering function DataSourceManager._register_update_datasource.<locals>.crud_method_info because it is a closure","logger":"great_expectations._docs_decorators","filename":"_docs_decorators.py","lineno":109}
{"timestamp":"2026-10-08T16:00:17.834996Z","level":"info","event":"Skipping registering function DataSourceManager._register_add_or_update_datasource.<locals>.crud_method_info because it is a closure","logger":"great_expectations._docs_decorators","filename":"_docs_decorators.py","lineno":109}
{"timestamp":"2026-10-08T16:00:17.835141Z","level":"info","event":"Skipping registering function DataSourceManager._register_delete_datasource.<locals>.crud_method_info because it is a closure","logger":"great_expectations._docs_decorators","filename":"_docs_decorators.py","lineno":109}
{"timestamp":"2026-10-08T16:00:17.848673Z","level":"info","event":"Skipping registering function DataSourceManager._bind_asset_factory_method_if_not_present.<locals>._add_asset_factory because it is a closure","logger":"great_expectations._docs_decorators","filename":"_docs_decorators.py","lineno":109}
{"timestamp":"2026-10-08T16:00:17.849298Z","level":"info","event":"Skipping registering function DataSourceManager._bind_asset_factory_method_if_not_present.<locals>._add_asset_factory because it is a closure","logger":"great_expectations._docs_decorators","filename":"_docs_decorators.py","lineno":109}
{"timestamp":"2026-10-08T16:00:17.849830Z","level":"info","event":"Skipping registering function DataSourceManager._bind_asset_factory_method_if_not_present.<locals>._add_asset_factory because it is a closure","logger":"great_expectations._docs_decorators","filename":"_docs_decorators.py","lineno":109}
{"timestamp":"2026-10-08T16:00:17.850406Z","level":"info","event":"Skipping registering function DataSourceManager._bind_asset_factory_method_if_not_present.<locals>._add_asset_factory because it is a closure","logger":"great_expectations._docs_decorators","filename":"_docs_decorators.py","lineno":109}
{"timestamp":"2026-10-08T16:00:17.850798Z","level":"info","event":"Skipping registering function DataSourceManager._bind_asset_factory_method_if_not_present.<locals>._add_asset_factory because it is a closure","logger":"great_expectations._docs_decorators","filename":"_docs_decorators.py","lineno":109}
{"timestamp":"2026-10-08T16:00:17.851173Z","level":"info","event":"Skipping registering function DataSourceManager._bind_asset_factory_method_if_not_present.<locals>._add_asset_factory because it is a closure","logger":"great_expectations._docs_decorators","filename":"_docs_decorators.py","lineno":109}
{"timestamp":"2026-10-08T16:00:17.851588Z","level":"info","event":"Skipping registering function DataSourceManager._bind_asset_factory_method_if_not_present.<locals>._add_asset_factory because it is a closure","logger":"great_expectations._docs_decorators","filename":"_docs_decorators.py","lineno":109}
{"timestamp":"2026-10-08T16:00:17.852053Z","level":"info","event":"Skipping registering function DataSourceManager._bind_asset_factory_method_if_not_present.<locals>._add_asset_factory because it is a closure","logger":"great_expectations._docs_decorators","filename":"_docs_decorators.py","lineno":109}
{"timestamp":"2026-10-08T16:00:17.852588Z","level":"info","event":"Skipping registering function DataSourceManager._bind_asset_factory_method_if_not_present.<locals>._add_asset_factory because it is a closure","logger":"great_expectations._docs_decorators","filename":"_docs_decorators.py","lineno":109}
{"timestamp":"2026-10-08T16:00:17.853282Z","level":"info","event":"Skipping registering function DataSourceManager._bind_asset_factory_method_if_not_present.<locals>._add_asset_factory because it is a closure","logger":"great_expectations._docs_decorators","filename":"_docs_decorators.py","lineno":109}
{"timestamp":"2026-10-08T16:00:17.853832Z","level":"info","event":"Skipping registering function DataSourceManager._bind_asset_factory_method_if_not_present.<locals>._add_asset_factory because it is a closure","logger":"great_expectations._docs_decorators","filename":"_docs_decorators.py","lineno":109}
{"timestamp":"2026-10-08T16:00:17.854233Z","level":"info","event":"Skipping registering function DataSourceManager._bind_asset_factory_method_if_not_present.<locals>._add_asset_factory because it is a closure","logger":"great_expectations._docs_decorators","filename":"_docs_decorators.py","lineno":109}
{"timestamp":"2026-10-08T16:00:17.854455Z","level":"info","event":"Skipping registering function DataSourceManager._register_add_datasource.<locals>.crud_method_info because it is a closure","logger":"great_expectations._docs_decorators","filename":"_docs_decorators.py","lineno":109}
{"timestamp":"2026-10-08T16:00:17.854633Z","level":"info","event":"Skipping registering function DataSourceManager._register_update_datasource.<locals>.crud_method_info because it is a closure","logger":"great_expectations._docs_decorators","filename":"_docs_decorators.py","lineno":109}
{"timestamp":"2026-10-08T16:00:17.854792Z","level":"info","event":"Skipping registering function DataSourceManager._register_add_or_update_datasource.<locals>.crud_method_info because it is a closure","logger":"great_expectations._docs_decorators","filename":"_docs_decorators.py","lineno":109}
{"timestamp":"2026-10-08T16:00:17.854942Z","level":"info","event":"Skipping registering function DataSourceManager._register_delete_datasource.<locals>.crud_method_info because it is a closure","logger":"great_expectations._docs_decorators","filename":"_docs_decorators.py","lineno":109}
{"timestamp":"2026-10-08T16:00:17.866906Z","level":"info","event":"Skipping registering function DataSourceManager._bind_asset_factory_method_if_not_present.<locals>._add_asset_factory because it is a closure","logger":"great_expectations._docs_decorators","filename":"_docs_decorators.py","lineno":109}
{"timestamp":"2026-10-08T16:00:17.867431Z","level":"info","event":"Skipping registering function DataSourceManager._bind_asset_factory_method_if_not_present.<locals>._add_asset_factory because it is a closure","logger":"great_expectations._docs_decorators","filename":"_docs_decorators.py","lineno":109}
{"timestamp":"2026-10-08T16:00:17.867778Z","level":"info","event":"Skipping registering function DataSourceManager._bind_asset_factory_method_if_not_present.<locals>._add_asset_factory because it is a closure","logger":"great_expectations._docs_decorators","filename":"_docs_decorators.py","lineno":109}
{"timestamp":"2026-10-08T16:00:17.868089Z","level":"info","event":"Skipping registering function DataSourceManager._bind_asset_factory_method_if_not_present.<locals>._add_asset_factory because it is a closure","logger":"great_expectations._docs_decorators","filename":"_docs_decorators.py","lineno":109}
{"timestamp":"2026-10-08T16:00:17.868460Z","level":"info","event":"Skipping registering function DataSourceManager._bind_asset_factory_method_if_not_present.<locals>._add_asset_factory because it is a closure","logger":"great_expectations._docs_decorators","filename":"_docs_decorators.py","lineno":109}
{"timestamp":"2026-10-08T16:00:17.868820Z","level":"info","event":"Skipping registering function DataSourceManager._bind_asset_factory_method_if_not_present.<locals>._add_asset_factory because it is a closure","logger":"great_expectations._docs_decorators","filename":"_docs_decorators.py","lineno":109}
{"timestamp":"2026-10-08T16:00:17.869316Z","level":"info","event":"Skipping registering function DataSourceManager._bind_asset_factory_method_if_not_present.<locals>._add_asset_factory because it is a closure","logger":"great_expectations._docs_decorators","filename":"_docs_decorators.py","lineno":109}
{"timestamp":"2026-10-08T16:00:17.869680Z","level":"info","event":"Skipping registering function DataSourceManager._bind_asset_factory_method_if_not_present.<locals>._add_asset_factory because it is a closure","logger":"great_expectations._docs_decorators","filename":"_docs_decorators.py","lineno":109}
{"timestamp":"2026-10-08T16:00:17.869959Z","level":"info","event":"Skipping registering function DataSourceManager._bind_asset_factory_method_if_not_present.<locals>._add_asset_factory because it is a closure","logger":"great_expectations._docs_decorators","filename":"_docs_decorators.py","lineno":109}
{"timestamp":"2026-10-08T16:00:17.870216Z","level":"info","event":"Skipping registering function DataSourceManager._bind_asset_factory_method_if_not_present.<locals>._add_asset_factory because it is a closure","logger":"great_expectations._docs_decorators","filename":"_docs_decorators.py","lineno":109}
{"timestamp":"2026-10-08T16:00:17.870604Z","level":"info","event":"Skipping registering function DataSourceManager._bind_asset_factory_method_if_not_present.<locals>._add_asset_factory because it is a closure","logger":"great_expectations._docs_decorators","filename":"_docs_decorators.py","lineno":109}
{"timestamp":"2026-10-08T16:00:17.870918Z","level":"info","event":"Skipping registering function DataSourceManager._bind_asset_factory_method_if_not_present.<locals>._add_asset_factory because it is a closure","logger":"great_expectations._docs_decorators","filename":"_docs_decorators.py","lineno":109}
{"timestamp":"2026-10-08T16:00:17.871091Z","level":"info","event":"Skipping registering function DataSourceManager._register_add_datasource.<locals>.crud_method_info because it is a closure","logger":"great_expectations._docs_decorators","filename":"_docs_decorators.py","lineno":109}
{"timestamp":"2026-10-08T16:00:17.871233Z","level":"info","event":"Skipping registering function DataSourceManager._register_update_datasource.<locals>.crud_method_info because it is a closure","logger":"great_expectations._docs_decorators","filename":"_docs_decorators.py","lineno":109}
{"timestamp":"2026-10-08T16:00:17.871367Z","level":"info","event":"Skipping registering function DataSourceManager._register_add_or_update_datasource.<locals>.crud_method_info because it is a closure","logger":"great_expectations._docs_decorators","filename":"_docs_decorators.py","lineno":109}
{"timestamp":"2026-10-08T16:00:17.871497Z","level":"info","event":"Skipping registering function DataSourceManager._register_delete_datasource.<locals>.crud_method_info because it is a closure","logger":"great_expectations._docs_decorators","filename":"_docs_decorators.py","lineno":109}
{"timestamp":"2026-10-08T16:00:17.873471Z","level":"info","event":"Multiple declarations of metric column.standard_deviation for engine PandasExecutionEngine.","logger":"great_expectations.expectations.registry","filename":"registry.py","lineno":290}
{"timestamp":"2026-10-08T16:00:17.873709Z","level":"info","event":"Multiple declarations of metric column.standard_deviation.aggregate_fn for engine SparkDFExecutionEngine.","logger":"great_expectations.expectations.registry","filename":"registry.py","lineno":290}
{"timestamp":"2026-10-08T16:00:17.873853Z","level":"info","event":"Multiple declarations of metric column.standard_deviation for engine SparkDFExecutionEngine.","logger":"great_expectations.expectations.registry","filename":"registry.py","lineno":290}
{"timestamp":"2026-10-08T16:00:17.894068Z","level":"info","event":"Skipping registering function DataSourceManager._register_add_datasource.<locals>.crud_method_info because it is a closure","logger":"great_expectations._docs_decorators","filename":"_docs_decorators.py","lineno":109}
{"timestamp":"2026-10-08T16:00:17.894623Z","level":"info","event":"Skipping registering function DataSourceManager._register_update_datasource.<locals>.crud_method_info because it is a closure","logger":"great_expectations._docs_decorators","filename":"_docs_decorators.py","lineno":109}
{"timestamp":"2026-10-08T16:00:17.895019Z","level":"info","event":"Skipping registering function DataSourceManager._register_add_or_update_datasource.<locals>.crud_method_info because it is a closure","logger":"great_expectations._docs_decorators","filename":"_docs_decorators.py","lineno":109}
{"timestamp":"2026-10-08T16:00:17.895301Z","level":"info","event":"Skipping registering function DataSourceManager._register_delete_datasource.<locals>.crud_method_info because it is a closure","logger":"great_expectations._docs_decorators","filename":"_docs_decorators.py","lineno":109}
{"timestamp":"2026-10-08T16:00:17.909756Z","level":"info","event":"Skipping registering function DataSourceManager._register_add_datasource.<locals>.crud_method_info because it is a closure","logger":"great_expectations._docs_decorators","filename":"_docs_decorators.py","lineno":109}
{"timestamp":"2026-10-08T16:00:17.910248Z","level":"info","event":"Skipping registering function DataSourceManager._register_update_datasource.<locals>.crud_method_info because it is a closure","logger":"great_expectations._docs_decorators","filename":"_docs_decorators.py","lineno":109}
{"timestamp":"2026-10-08T16:00:17.910615Z","level":"info","event":"Skipping registering function DataSourceManager._register_add_or_update_datasource.<locals>.crud_method_info because it is a closure","logger":"great_expectations._docs_decorators","filename":"_docs_decorators.py","lineno":109}
{"timestamp":"2026-10-08T16:00:17.910893Z","level":"info","event":"Skipping registering function DataSourceManager._register_delete_datasource.<locals>.crud_method_info because it is a closure","logger":"great_expectations._docs_decorators","filename":"_docs_decorators.py","lineno":109}
{"timestamp":"2026-10-08T16:00:17.931463Z","level":"info","event":"Skipping registering function DataSourceManager._register_add_datasource.<locals>.crud_method_info because it is a closure","logger":"great_expectations._docs_decorators","filename":"_docs_decorators.py","lineno":109}
{"timestamp":"2026-10-08T16:00:17.931902Z","level":"info","event":"Skipping registering function DataSourceManager._register_update_datasource.<locals>.crud_method_info because it is a closure","logger":"great_expectations._docs_decorators","filename":"_docs_decorators.py","lineno":109}
{"timestamp":"2026-10-08T16:00:17.932117Z","level":"info","event":"Skipping registering function DataSourceManager._register_add_or_update_datasource.<locals>.crud_method_info because it is a closure","logger":"great_expectations._docs_decorators","filename":"_docs_decorators.py","lineno":109}
{"timestamp":"2026-10-08T16:00:17.932272Z","level":"info","event":"Skipping registering function DataSourceManager._register_delete_datasource.<locals>.crud_method_info because it is a closure","logger":"great_expectations._docs_decorators","filename":"_docs_decorators.py","lineno":109}
{"timestamp":"2026-10-08T16:00:18.116823Z","level":"info","event":"Created temporary directory '/tmp/tmp02oqmnsw' for ephemeral docs site","logger":"great_expectations.data_context.types.base","filename":"base.py","lineno":1510}
{"timestamp":"2026-10-08T16:00:18.118417Z","level":"info","event":"Loading 'datasources' ->\n[]","logger":"great_expectations.datasource.fluent.config","filename":"config.py","lineno":191}
{"timestamp":"2026-10-08T16:00:18.421771Z","level":"error","event":"\rCalculating Metrics:   0%|          | 0/95 [00:00<?, ?it/s]\rCalculating Metrics:   0%|          | 0/95 [00:00<?, ?it/s]\rCalculating Metrics:   4%|▍         | 4/95 [00:00<00:00, 4874.26it/s]\rCalculating Metrics:   4%|▍         | 4/95 [00:00<00:00, 2436.78it/s]\rCalculating Metrics:   6%|▋         | 6/95 [00:00<00:00, 3180.72it/s]\rCalculating Metrics:   6%|▋         | 6/95 [00:00<00:00, 2538.92it/s]\rCalculating Metrics:  28%|██▊       | 27/95 [00:00<00:00, 1709.51it/s]\rCalculating Metrics:  28%|██▊       | 27/95 [00:00<00:00, 1653.13it/s]\rCalculating Metrics: 100%|██████████| 95/95 [00:00<00:00, 1929.43it/s]\rCalculating Metrics: 100%|██████████| 95/95 [00:00<00:00, 1914.26it/s]\rCalculating Metrics: 100%|██████████| 95/95 [00:00<00:00, 1908.15it/s]\rCalculating Metrics: 100%|██████████| 95/95 [00:00<00:00, 1900.83it/s]","logger":"task.stderr"}
{"timestamp":"2026-10-08T16:00:18.554512Z","level":"warning","event":"GX layer=prepared rule=P10 severity=Warning result={'element_count': 82, 'unexpected_count': 70, 'unexpected_percent': np.float64(85.36585365853658), 'partial_unexpected_list': ['ambiguous', 'unmatched', 'unmatched', 'unmatched', 'unmatched', 'ambiguous', 'unmatched', 'ambiguous', 'unmatched', 'ambiguous', 'unmatched', 'unmatched', 'unmatched', 'unmatched', 'ambiguous', 'ambiguous', 'unmatched', 'unmatched', 'unmatched', 'unmatched'], 'missing_count': 0, 'missing_percent': np.float64(0.0), 'unexpected_percent_total': np.float64(85.36585365853658), 'unexpected_percent_nonmissing': np.float64(85.36585365853658), 'partial_unexpected_counts': [{'value': 'unmatched', 'count': 14}, {'value': 'ambiguous', 'count': 6}], 'partial_unexpected_index_list': [0, 1, 3, 4, 5, 6, 7, 8, 9, 10, 12, 13, 14, 15, 17, 18, 19, 20, 21, 22]}","logger":"music_pipeline","filename":"validation.py","lineno":104}
{"timestamp":"2026-10-08T16:00:18.581064Z","level":"info","event":"GX layer=prepared accepted rows=82 report=/opt/airflow/project/data/runs/5ca4bde9f9b6383cc5eb7434/gx_prepared.json","logger":"music_pipeline","filename":"validation.py","lineno":113}
{"timestamp":"2026-10-08T16:00:18.868890Z","level":"info","event":"DW committed {\"run_id\": \"rerun_20261008T155343Z\", \"before\": {\"fact_count\": 82, \"matched_count\": 12, \"popularity_sum\": 838.0, \"energy_sum\": 5.748}, \"after\": {\"fact_count\": 82, \"matched_count\": 12, \"popularity_sum\": 838.0, \"energy_sum\": 5.748}, \"strategy\": \"transactional_full_snapshot\"}","logger":"music_pipeline","filename":"load.py","lineno":51}
{"timestamp":"2026-10-08T16:00:18.869539Z","level":"info","event":"Done. Returned value was: {'run_id': 'rerun_20261008T155343Z', 'before': {'fact_count': 82, 'matched_count': 12, 'popularity_sum': 838.0, 'energy_sum': 5.748}, 'after': {'fact_count': 82, 'matched_count': 12, 'popularity_sum': 838.0, 'energy_sum': 5.748}, 'strategy': 'transactional_full_snapshot'}","logger":"airflow.task.operators.airflow.providers.standard.decorators.python._PythonDecoratedOperator","filename":"python.py","lineno":230}
{"timestamp":"2026-10-08T16:00:18.869980Z","level":"info","event":"Pushing xcom","ti":"RuntimeTaskInstance(id=UUID('01a11c3d-42ed-73a3-a943-8ac3f1e660e9'), task_id='load_dw', dag_id='reliable_music_pipeline', run_id='rerun_20261008T155343Z', try_number=1, dag_version_id=UUID('01a11bfc-accf-79ed-b0b0-374f17a95112'), map_index=-1, hostname='15475303eb1a', context_carrier={}, task=<Task(_PythonDecoratedOperator): load_dw>, bundle_instance=LocalDagBundle(name=dags-folder), max_tries=2, start_date=datetime.datetime(2026, 10, 8, 16, 0, 6, 568693, tzinfo=datetime.timezone.utc), end_date=None, state=<TaskInstanceState.RUNNING: 'running'>, is_mapped=False, rendered_map_index=None)","logger":"task","filename":"task_runner.py","lineno":1573}
