{"timestamp":"2026-10-08T14:51:04.848372Z","level":"info","event":"DAG bundles loaded: dags-folder","logger":"airflow.dag_processing.bundles.manager.DagBundlesManager","filename":"manager.py","lineno":179}
{"timestamp":"2026-10-08T14:51:04.853072Z","level":"info","event":"Filling up the DagBag from /opt/airflow/dags/reliable_music_pipeline.py","logger":"airflow.models.dagbag.BundleDagBag","filename":"dagbag.py","lineno":593}
{"timestamp":"2026-10-08T14:51:04.916395Z","level":"info","event":"Stats instance was created in PID 7 but accessed in PID 309. Re-initializing.","logger":"airflow.stats","filename":"stats.py","lineno":57}
{"timestamp":"2026-10-08T14:51:05.932728Z","level":"info","event":"Skipping registering function get_context because it does not have a class","logger":"great_expectations._docs_decorators","filename":"_docs_decorators.py","lineno":115}
{"timestamp":"2026-10-08T14:51:09.313467Z","level":"warning","event":"/home/airflow/.local/lib/python3.12/site-packages/requests/__init__.py:113: RequestsDependencyWarning: urllib3 (2.6.3) or chardet (6.0.0.post1)/charset_normalizer (3.4.5) doesn't match a supported version!\n  warnings.warn(\n","logger":"py.warnings","filename":"warnings.py","lineno":112}
{"timestamp":"2026-10-08T14:51:12.595930Z","level":"warning","event":"/home/airflow/.local/lib/python3.12/site-packages/snowflake/connector/vendored/requests/__init__.py:113: RequestsDependencyWarning: urllib3 (2.5.0) or chardet (6.0.0.post1)/charset_normalizer (3.4.5) doesn't match a supported version!\n  warnings.warn(\n","logger":"py.warnings","filename":"warnings.py","lineno":112}
{"timestamp":"2026-10-08T14:51:12.879354Z","level":"info","event":"Skipping registering function DataSourceManager._register_add_datasource.<locals>.crud_method_info because it is a closure","logger":"great_expectations._docs_decorators","filename":"_docs_decorators.py","lineno":109}
{"timestamp":"2026-10-08T14:51:12.879671Z","level":"info","event":"Skipping registering function DataSourceManager._register_update_datasource.<locals>.crud_method_info because it is a closure","logger":"great_expectations._docs_decorators","filename":"_docs_decorators.py","lineno":109}
{"timestamp":"2026-10-08T14:51:12.879866Z","level":"info","event":"Skipping registering function DataSourceManager._register_add_or_update_datasource.<locals>.crud_method_info because it is a closure","logger":"great_expectations._docs_decorators","filename":"_docs_decorators.py","lineno":109}
{"timestamp":"2026-10-08T14:51:12.880027Z","level":"info","event":"Skipping registering function DataSourceManager._register_delete_datasource.<locals>.crud_method_info because it is a closure","logger":"great_expectations._docs_decorators","filename":"_docs_decorators.py","lineno":109}
{"timestamp":"2026-10-08T14:51:12.886030Z","level":"info","event":"Skipping registering function DataSourceManager._register_add_datasource.<locals>.crud_method_info because it is a closure","logger":"great_expectations._docs_decorators","filename":"_docs_decorators.py","lineno":109}
{"timestamp":"2026-10-08T14:51:12.886343Z","level":"info","event":"Skipping registering function DataSourceManager._register_update_datasource.<locals>.crud_method_info because it is a closure","logger":"great_expectations._docs_decorators","filename":"_docs_decorators.py","lineno":109}
{"timestamp":"2026-10-08T14:51:12.886594Z","level":"info","event":"Skipping registering function DataSourceManager._register_add_or_update_datasource.<locals>.crud_method_info because it is a closure","logger":"great_expectations._docs_decorators","filename":"_docs_decorators.py","lineno":109}
{"timestamp":"2026-10-08T14:51:12.886738Z","level":"info","event":"Skipping registering function DataSourceManager._register_delete_datasource.<locals>.crud_method_info because it is a closure","logger":"great_expectations._docs_decorators","filename":"_docs_decorators.py","lineno":109}
{"timestamp":"2026-10-08T14:51:12.892730Z","level":"info","event":"Skipping registering function DataSourceManager._register_add_datasource.<locals>.crud_method_info because it is a closure","logger":"great_expectations._docs_decorators","filename":"_docs_decorators.py","lineno":109}
{"timestamp":"2026-10-08T14:51:12.893053Z","level":"info","event":"Skipping registering function DataSourceManager._register_update_datasource.<locals>.crud_method_info because it is a closure","logger":"great_expectations._docs_decorators","filename":"_docs_decorators.py","lineno":109}
{"timestamp":"2026-10-08T14:51:12.893206Z","level":"info","event":"Skipping registering function DataSourceManager._register_add_or_update_datasource.<locals>.crud_method_info because it is a closure","logger":"great_expectations._docs_decorators","filename":"_docs_decorators.py","lineno":109}
{"timestamp":"2026-10-08T14:51:12.893329Z","level":"info","event":"Skipping registering function DataSourceManager._register_delete_datasource.<locals>.crud_method_info because it is a closure","logger":"great_expectations._docs_decorators","filename":"_docs_decorators.py","lineno":109}
{"timestamp":"2026-10-08T14:51:12.897880Z","level":"info","event":"Skipping registering function DataSourceManager._register_add_datasource.<locals>.crud_method_info because it is a closure","logger":"great_expectations._docs_decorators","filename":"_docs_decorators.py","lineno":109}
{"timestamp":"2026-10-08T14:51:12.898137Z","level":"info","event":"Skipping registering function DataSourceManager._register_update_datasource.<locals>.crud_method_info because it is a closure","logger":"great_expectations._docs_decorators","filename":"_docs_decorators.py","lineno":109}
{"timestamp":"2026-10-08T14:51:12.898269Z","level":"info","event":"Skipping registering function DataSourceManager._register_add_or_update_datasource.<locals>.crud_method_info because it is a closure","logger":"great_expectations._docs_decorators","filename":"_docs_decorators.py","lineno":109}
{"timestamp":"2026-10-08T14:51:12.898364Z","level":"info","event":"Skipping registering function DataSourceManager._register_delete_datasource.<locals>.crud_method_info because it is a closure","logger":"great_expectations._docs_decorators","filename":"_docs_decorators.py","lineno":109}
{"timestamp":"2026-10-08T14:51:12.902737Z","level":"info","event":"Skipping registering function DataSourceManager._register_add_datasource.<locals>.crud_method_info because it is a closure","logger":"great_expectations._docs_decorators","filename":"_docs_decorators.py","lineno":109}
{"timestamp":"2026-10-08T14:51:12.902910Z","level":"info","event":"Skipping registering function DataSourceManager._register_update_datasource.<locals>.crud_method_info because it is a closure","logger":"great_expectations._docs_decorators","filename":"_docs_decorators.py","lineno":109}
{"timestamp":"2026-10-08T14:51:12.903006Z","level":"info","event":"Skipping registering function DataSourceManager._register_add_or_update_datasource.<locals>.crud_method_info because it is a closure","logger":"great_expectations._docs_decorators","filename":"_docs_decorators.py","lineno":109}
{"timestamp":"2026-10-08T14:51:12.903088Z","level":"info","event":"Skipping registering function DataSourceManager._register_delete_datasource.<locals>.crud_method_info because it is a closure","logger":"great_expectations._docs_decorators","filename":"_docs_decorators.py","lineno":109}
{"timestamp":"2026-10-08T14:51:13.049890Z","level":"info","event":"Skipping registering function DataSourceManager._register_add_datasource.<locals>.crud_method_info because it is a closure","logger":"great_expectations._docs_decorators","filename":"_docs_decorators.py","lineno":109}
{"timestamp":"2026-10-08T14:51:13.050139Z","level":"info","event":"Skipping registering function DataSourceManager._register_update_datasource.<locals>.crud_method_info because it is a closure","logger":"great_expectations._docs_decorators","filename":"_docs_decorators.py","lineno":109}
{"timestamp":"2026-10-08T14:51:13.050246Z","level":"info","event":"Skipping registering function DataSourceManager._register_add_or_update_datasource.<locals>.crud_method_info because it is a closure","logger":"great_expectations._docs_decorators","filename":"_docs_decorators.py","lineno":109}
{"timestamp":"2026-10-08T14:51:13.050330Z","level":"info","event":"Skipping registering function DataSourceManager._register_delete_datasource.<locals>.crud_method_info because it is a closure","logger":"great_expectations._docs_decorators","filename":"_docs_decorators.py","lineno":109}
{"timestamp":"2026-10-08T14:51:13.161562Z","level":"info","event":"Skipping registering function DataSourceManager._bind_asset_factory_method_if_not_present.<locals>._add_asset_factory because it is a closure","logger":"great_expectations._docs_decorators","filename":"_docs_decorators.py","lineno":109}
{"timestamp":"2026-10-08T14:51:13.162135Z","level":"info","event":"Skipping registering function DataSourceManager._bind_asset_factory_method_if_not_present.<locals>._add_asset_factory because it is a closure","logger":"great_expectations._docs_decorators","filename":"_docs_decorators.py","lineno":109}
{"timestamp":"2026-10-08T14:51:13.162613Z","level":"info","event":"Skipping registering function DataSourceManager._bind_asset_factory_method_if_not_present.<locals>._add_asset_factory because it is a closure","logger":"great_expectations._docs_decorators","filename":"_docs_decorators.py","lineno":109}
{"timestamp":"2026-10-08T14:51:13.163040Z","level":"info","event":"Skipping registering function DataSourceManager._bind_asset_factory_method_if_not_present.<locals>._add_asset_factory because it is a closure","logger":"great_expectations._docs_decorators","filename":"_docs_decorators.py","lineno":109}
{"timestamp":"2026-10-08T14:51:13.163428Z","level":"info","event":"Skipping registering function DataSourceManager._bind_asset_factory_method_if_not_present.<locals>._add_asset_factory because it is a closure","logger":"great_expectations._docs_decorators","filename":"_docs_decorators.py","lineno":109}
{"timestamp":"2026-10-08T14:51:13.163812Z","level":"info","event":"Skipping registering function DataSourceManager._bind_asset_factory_method_if_not_present.<locals>._add_asset_factory because it is a closure","logger":"great_expectations._docs_decorators","filename":"_docs_decorators.py","lineno":109}
{"timestamp":"2026-10-08T14:51:13.164173Z","level":"info","event":"Skipping registering function DataSourceManager._bind_asset_factory_method_if_not_present.<locals>._add_asset_factory because it is a closure","logger":"great_expectations._docs_decorators","filename":"_docs_decorators.py","lineno":109}
{"timestamp":"2026-10-08T14:51:13.164566Z","level":"info","event":"Skipping registering function DataSourceManager._bind_asset_factory_method_if_not_present.<locals>._add_asset_factory because it is a closure","logger":"great_expectations._docs_decorators","filename":"_docs_decorators.py","lineno":109}
{"timestamp":"2026-10-08T14:51:13.165030Z","level":"info","event":"Skipping registering function DataSourceManager._bind_asset_factory_method_if_not_present.<locals>._add_asset_factory because it is a closure","logger":"great_expectations._docs_decorators","filename":"_docs_decorators.py","lineno":109}
{"timestamp":"2026-10-08T14:51:13.165440Z","level":"info","event":"Skipping registering function DataSourceManager._bind_asset_factory_method_if_not_present.<locals>._add_asset_factory because it is a closure","logger":"great_expectations._docs_decorators","filename":"_docs_decorators.py","lineno":109}
{"timestamp":"2026-10-08T14:51:13.165859Z","level":"info","event":"Skipping registering function DataSourceManager._bind_asset_factory_method_if_not_present.<locals>._add_asset_factory because it is a closure","logger":"great_expectations._docs_decorators","filename":"_docs_decorators.py","lineno":109}
{"timestamp":"2026-10-08T14:51:13.166359Z","level":"info","event":"Skipping registering function DataSourceManager._bind_asset_factory_method_if_not_present.<locals>._add_asset_factory because it is a closure","logger":"great_expectations._docs_decorators","filename":"_docs_decorators.py","lineno":109}
{"timestamp":"2026-10-08T14:51:13.166699Z","level":"info","event":"Skipping registering function DataSourceManager._bind_asset_factory_method_if_not_present.<locals>._add_asset_factory because it is a closure","logger":"great_expectations._docs_decorators","filename":"_docs_decorators.py","lineno":109}
{"timestamp":"2026-10-08T14:51:13.166990Z","level":"info","event":"Skipping registering function DataSourceManager._bind_asset_factory_method_if_not_present.<locals>._add_asset_factory because it is a closure","logger":"great_expectations._docs_decorators","filename":"_docs_decorators.py","lineno":109}
{"timestamp":"2026-10-08T14:51:13.167362Z","level":"info","event":"Skipping registering function DataSourceManager._register_add_datasource.<locals>.crud_method_info because it is a closure","logger":"great_expectations._docs_decorators","filename":"_docs_decorators.py","lineno":109}
{"timestamp":"2026-10-08T14:51:13.167552Z","level":"info","event":"Skipping registering function DataSourceManager._register_update_datasource.<locals>.crud_method_info because it is a closure","logger":"great_expectations._docs_decorators","filename":"_docs_decorators.py","lineno":109}
{"timestamp":"2026-10-08T14:51:13.167694Z","level":"info","event":"Skipping registering function DataSourceManager._register_add_or_update_datasource.<locals>.crud_method_info because it is a closure","logger":"great_expectations._docs_decorators","filename":"_docs_decorators.py","lineno":109}
{"timestamp":"2026-10-08T14:51:13.167795Z","level":"info","event":"Skipping registering function DataSourceManager._register_delete_datasource.<locals>.crud_method_info because it is a closure","logger":"great_expectations._docs_decorators","filename":"_docs_decorators.py","lineno":109}
{"timestamp":"2026-10-08T14:51:13.171871Z","level":"info","event":"Skipping registering function DataSourceManager._register_add_datasource.<locals>.crud_method_info because it is a closure","logger":"great_expectations._docs_decorators","filename":"_docs_decorators.py","lineno":109}
{"timestamp":"2026-10-08T14:51:13.172149Z","level":"info","event":"Skipping registering function DataSourceManager._register_update_datasource.<locals>.crud_method_info because it is a closure","logger":"great_expectations._docs_decorators","filename":"_docs_decorators.py","lineno":109}
{"timestamp":"2026-10-08T14:51:13.172287Z","level":"info","event":"Skipping registering function DataSourceManager._register_add_or_update_datasource.<locals>.crud_method_info because it is a closure","logger":"great_expectations._docs_decorators","filename":"_docs_decorators.py","lineno":109}
{"timestamp":"2026-10-08T14:51:13.172436Z","level":"info","event":"Skipping registering function DataSourceManager._register_delete_datasource.<locals>.crud_method_info because it is a closure","logger":"great_expectations._docs_decorators","filename":"_docs_decorators.py","lineno":109}
{"timestamp":"2026-10-08T14:51:13.178907Z","level":"info","event":"Skipping registering function DataSourceManager._bind_asset_factory_method_if_not_present.<locals>._add_asset_factory because it is a closure","logger":"great_expectations._docs_decorators","filename":"_docs_decorators.py","lineno":109}
{"timestamp":"2026-10-08T14:51:13.179510Z","level":"info","event":"Skipping registering function DataSourceManager._bind_asset_factory_method_if_not_present.<locals>._add_asset_factory because it is a closure","logger":"great_expectations._docs_decorators","filename":"_docs_decorators.py","lineno":109}
{"timestamp":"2026-10-08T14:51:13.179945Z","level":"info","event":"Skipping registering function DataSourceManager._bind_asset_factory_method_if_not_present.<locals>._add_asset_factory because it is a closure","logger":"great_expectations._docs_decorators","filename":"_docs_decorators.py","lineno":109}
{"timestamp":"2026-10-08T14:51:13.180418Z","level":"info","event":"Skipping registering function DataSourceManager._bind_asset_factory_method_if_not_present.<locals>._add_asset_factory because it is a closure","logger":"great_expectations._docs_decorators","filename":"_docs_decorators.py","lineno":109}
{"timestamp":"2026-10-08T14:51:13.180809Z","level":"info","event":"Skipping registering function DataSourceManager._bind_asset_factory_method_if_not_present.<locals>._add_asset_factory because it is a closure","logger":"great_expectations._docs_decorators","filename":"_docs_decorators.py","lineno":109}
{"timestamp":"2026-10-08T14:51:13.181227Z","level":"info","event":"Skipping registering function DataSourceManager._bind_asset_factory_method_if_not_present.<locals>._add_asset_factory because it is a closure","logger":"great_expectations._docs_decorators","filename":"_docs_decorators.py","lineno":109}
{"timestamp":"2026-10-08T14:51:13.181551Z","level":"info","event":"Skipping registering function DataSourceManager._bind_asset_factory_method_if_not_present.<locals>._add_asset_factory because it is a closure","logger":"great_expectations._docs_decorators","filename":"_docs_decorators.py","lineno":109}
{"timestamp":"2026-10-08T14:51:13.181836Z","level":"info","event":"Skipping registering function DataSourceManager._bind_asset_factory_method_if_not_present.<locals>._add_asset_factory because it is a closure","logger":"great_expectations._docs_decorators","filename":"_docs_decorators.py","lineno":109}
{"timestamp":"2026-10-08T14:51:13.182303Z","level":"info","event":"Skipping registering function DataSourceManager._bind_asset_factory_method_if_not_present.<locals>._add_asset_factory because it is a closure","logger":"great_expectations._docs_decorators","filename":"_docs_decorators.py","lineno":109}
{"timestamp":"2026-10-08T14:51:13.182642Z","level":"info","event":"Skipping registering function DataSourceManager._bind_asset_factory_method_if_not_present.<locals>._add_asset_factory because it is a closure","logger":"great_expectations._docs_decorators","filename":"_docs_decorators.py","lineno":109}
{"timestamp":"2026-10-08T14:51:13.182931Z","level":"info","event":"Skipping registering function DataSourceManager._bind_asset_factory_method_if_not_present.<locals>._add_asset_factory because it is a closure","logger":"great_expectations._docs_decorators","filename":"_docs_decorators.py","lineno":109}
{"timestamp":"2026-10-08T14:51:13.183178Z","level":"info","event":"Skipping registering function DataSourceManager._bind_asset_factory_method_if_not_present.<locals>._add_asset_factory because it is a closure","logger":"great_expectations._docs_decorators","filename":"_docs_decorators.py","lineno":109}
{"timestamp":"2026-10-08T14:51:13.183495Z","level":"info","event":"Skipping registering function DataSourceManager._bind_asset_factory_method_if_not_present.<locals>._add_asset_factory because it is a closure","logger":"great_expectations._docs_decorators","filename":"_docs_decorators.py","lineno":109}
{"timestamp":"2026-10-08T14:51:13.183836Z","level":"info","event":"Skipping registering function DataSourceManager._bind_asset_factory_method_if_not_present.<locals>._add_asset_factory because it is a closure","logger":"great_expectations._docs_decorators","filename":"_docs_decorators.py","lineno":109}
{"timestamp":"2026-10-08T14:51:13.184062Z","level":"info","event":"Skipping registering function DataSourceManager._register_add_datasource.<locals>.crud_method_info because it is a closure","logger":"great_expectations._docs_decorators","filename":"_docs_decorators.py","lineno":109}
{"timestamp":"2026-10-08T14:51:13.184332Z","level":"info","event":"Skipping registering function DataSourceManager._register_update_datasource.<locals>.crud_method_info because it is a closure","logger":"great_expectations._docs_decorators","filename":"_docs_decorators.py","lineno":109}
{"timestamp":"2026-10-08T14:51:13.184555Z","level":"info","event":"Skipping registering function DataSourceManager._register_add_or_update_datasource.<locals>.crud_method_info because it is a closure","logger":"great_expectations._docs_decorators","filename":"_docs_decorators.py","lineno":109}
{"timestamp":"2026-10-08T14:51:13.184724Z","level":"info","event":"Skipping registering function DataSourceManager._register_delete_datasource.<locals>.crud_method_info because it is a closure","logger":"great_expectations._docs_decorators","filename":"_docs_decorators.py","lineno":109}
{"timestamp":"2026-10-08T14:51:13.191227Z","level":"info","event":"Skipping registering function DataSourceManager._bind_asset_factory_method_if_not_present.<locals>._add_asset_factory because it is a closure","logger":"great_expectations._docs_decorators","filename":"_docs_decorators.py","lineno":109}
{"timestamp":"2026-10-08T14:51:13.191592Z","level":"info","event":"Skipping registering function DataSourceManager._bind_asset_factory_method_if_not_present.<locals>._add_asset_factory because it is a closure","logger":"great_expectations._docs_decorators","filename":"_docs_decorators.py","lineno":109}
{"timestamp":"2026-10-08T14:51:13.191832Z","level":"info","event":"Skipping registering function DataSourceManager._bind_asset_factory_method_if_not_present.<locals>._add_asset_factory because it is a closure","logger":"great_expectations._docs_decorators","filename":"_docs_decorators.py","lineno":109}
{"timestamp":"2026-10-08T14:51:13.192073Z","level":"info","event":"Skipping registering function DataSourceManager._bind_asset_factory_method_if_not_present.<locals>._add_asset_factory because it is a closure","logger":"great_expectations._docs_decorators","filename":"_docs_decorators.py","lineno":109}
{"timestamp":"2026-10-08T14:51:13.192429Z","level":"info","event":"Skipping registering function DataSourceManager._bind_asset_factory_method_if_not_present.<locals>._add_asset_factory because it is a closure","logger":"great_expectations._docs_decorators","filename":"_docs_decorators.py","lineno":109}
{"timestamp":"2026-10-08T14:51:13.192808Z","level":"info","event":"Skipping registering function DataSourceManager._bind_asset_factory_method_if_not_present.<locals>._add_asset_factory because it is a closure","logger":"great_expectations._docs_decorators","filename":"_docs_decorators.py","lineno":109}
{"timestamp":"2026-10-08T14:51:13.193296Z","level":"info","event":"Skipping registering function DataSourceManager._bind_asset_factory_method_if_not_present.<locals>._add_asset_factory because it is a closure","logger":"great_expectations._docs_decorators","filename":"_docs_decorators.py","lineno":109}
{"timestamp":"2026-10-08T14:51:13.193628Z","level":"info","event":"Skipping registering function DataSourceManager._bind_asset_factory_method_if_not_present.<locals>._add_asset_factory because it is a closure","logger":"great_expectations._docs_decorators","filename":"_docs_decorators.py","lineno":109}
{"timestamp":"2026-10-08T14:51:13.193932Z","level":"info","event":"Skipping registering function DataSourceManager._bind_asset_factory_method_if_not_present.<locals>._add_asset_factory because it is a closure","logger":"great_expectations._docs_decorators","filename":"_docs_decorators.py","lineno":109}
{"timestamp":"2026-10-08T14:51:13.194243Z","level":"info","event":"Skipping registering function DataSourceManager._bind_asset_factory_method_if_not_present.<locals>._add_asset_factory because it is a closure","logger":"great_expectations._docs_decorators","filename":"_docs_decorators.py","lineno":109}
{"timestamp":"2026-10-08T14:51:13.194608Z","level":"info","event":"Skipping registering function DataSourceManager._bind_asset_factory_method_if_not_present.<locals>._add_asset_factory because it is a closure","logger":"great_expectations._docs_decorators","filename":"_docs_decorators.py","lineno":109}
{"timestamp":"2026-10-08T14:51:13.194924Z","level":"info","event":"Skipping registering function DataSourceManager._bind_asset_factory_method_if_not_present.<locals>._add_asset_factory because it is a closure","logger":"great_expectations._docs_decorators","filename":"_docs_decorators.py","lineno":109}
{"timestamp":"2026-10-08T14:51:13.195196Z","level":"info","event":"Skipping registering function DataSourceManager._bind_asset_factory_method_if_not_present.<locals>._add_asset_factory because it is a closure","logger":"great_expectations._docs_decorators","filename":"_docs_decorators.py","lineno":109}
{"timestamp":"2026-10-08T14:51:13.195464Z","level":"info","event":"Skipping registering function DataSourceManager._bind_asset_factory_method_if_not_present.<locals>._add_asset_factory because it is a closure","logger":"great_expectations._docs_decorators","filename":"_docs_decorators.py","lineno":109}
{"timestamp":"2026-10-08T14:51:13.195613Z","level":"info","event":"Skipping registering function DataSourceManager._register_add_datasource.<locals>.crud_method_info because it is a closure","logger":"great_expectations._docs_decorators","filename":"_docs_decorators.py","lineno":109}
{"timestamp":"2026-10-08T14:51:13.195748Z","level":"info","event":"Skipping registering function DataSourceManager._register_update_datasource.<locals>.crud_method_info because it is a closure","logger":"great_expectations._docs_decorators","filename":"_docs_decorators.py","lineno":109}
{"timestamp":"2026-10-08T14:51:13.195864Z","level":"info","event":"Skipping registering function DataSourceManager._register_add_or_update_datasource.<locals>.crud_method_info because it is a closure","logger":"great_expectations._docs_decorators","filename":"_docs_decorators.py","lineno":109}
{"timestamp":"2026-10-08T14:51:13.195986Z","level":"info","event":"Skipping registering function DataSourceManager._register_delete_datasource.<locals>.crud_method_info because it is a closure","logger":"great_expectations._docs_decorators","filename":"_docs_decorators.py","lineno":109}
{"timestamp":"2026-10-08T14:51:13.199820Z","level":"info","event":"Skipping registering function DataSourceManager._bind_asset_factory_method_if_not_present.<locals>._add_asset_factory because it is a closure","logger":"great_expectations._docs_decorators","filename":"_docs_decorators.py","lineno":109}
{"timestamp":"2026-10-08T14:51:13.200057Z","level":"info","event":"Skipping registering function DataSourceManager._bind_asset_factory_method_if_not_present.<locals>._add_asset_factory because it is a closure","logger":"great_expectations._docs_decorators","filename":"_docs_decorators.py","lineno":109}
{"timestamp":"2026-10-08T14:51:13.200224Z","level":"info","event":"Skipping registering function DataSourceManager._bind_asset_factory_method_if_not_present.<locals>._add_asset_factory because it is a closure","logger":"great_expectations._docs_decorators","filename":"_docs_decorators.py","lineno":109}
{"timestamp":"2026-10-08T14:51:13.200499Z","level":"info","event":"Skipping registering function DataSourceManager._bind_asset_factory_method_if_not_present.<locals>._add_asset_factory because it is a closure","logger":"great_expectations._docs_decorators","filename":"_docs_decorators.py","lineno":109}
{"timestamp":"2026-10-08T14:51:13.200727Z","level":"info","event":"Skipping registering function DataSourceManager._bind_asset_factory_method_if_not_present.<locals>._add_asset_factory because it is a closure","logger":"great_expectations._docs_decorators","filename":"_docs_decorators.py","lineno":109}
{"timestamp":"2026-10-08T14:51:13.200897Z","level":"info","event":"Skipping registering function DataSourceManager._bind_asset_factory_method_if_not_present.<locals>._add_asset_factory because it is a closure","logger":"great_expectations._docs_decorators","filename":"_docs_decorators.py","lineno":109}
{"timestamp":"2026-10-08T14:51:13.201189Z","level":"info","event":"Skipping registering function DataSourceManager._bind_asset_factory_method_if_not_present.<locals>._add_asset_factory because it is a closure","logger":"great_expectations._docs_decorators","filename":"_docs_decorators.py","lineno":109}
{"timestamp":"2026-10-08T14:51:13.201357Z","level":"info","event":"Skipping registering function DataSourceManager._bind_asset_factory_method_if_not_present.<locals>._add_asset_factory because it is a closure","logger":"great_expectations._docs_decorators","filename":"_docs_decorators.py","lineno":109}
{"timestamp":"2026-10-08T14:51:13.201530Z","level":"info","event":"Skipping registering function DataSourceManager._bind_asset_factory_method_if_not_present.<locals>._add_asset_factory because it is a closure","logger":"great_expectations._docs_decorators","filename":"_docs_decorators.py","lineno":109}
{"timestamp":"2026-10-08T14:51:13.201670Z","level":"info","event":"Skipping registering function DataSourceManager._bind_asset_factory_method_if_not_present.<locals>._add_asset_factory because it is a closure","logger":"great_expectations._docs_decorators","filename":"_docs_decorators.py","lineno":109}
{"timestamp":"2026-10-08T14:51:13.201804Z","level":"info","event":"Skipping registering function DataSourceManager._bind_asset_factory_method_if_not_present.<locals>._add_asset_factory because it is a closure","logger":"great_expectations._docs_decorators","filename":"_docs_decorators.py","lineno":109}
{"timestamp":"2026-10-08T14:51:13.201947Z","level":"info","event":"Skipping registering function DataSourceManager._bind_asset_factory_method_if_not_present.<locals>._add_asset_factory because it is a closure","logger":"great_expectations._docs_decorators","filename":"_docs_decorators.py","lineno":109}
{"timestamp":"2026-10-08T14:51:13.202091Z","level":"info","event":"Skipping registering function DataSourceManager._bind_asset_factory_method_if_not_present.<locals>._add_asset_factory because it is a closure","logger":"great_expectations._docs_decorators","filename":"_docs_decorators.py","lineno":109}
{"timestamp":"2026-10-08T14:51:13.202231Z","level":"info","event":"Skipping registering function DataSourceManager._bind_asset_factory_method_if_not_present.<locals>._add_asset_factory because it is a closure","logger":"great_expectations._docs_decorators","filename":"_docs_decorators.py","lineno":109}
{"timestamp":"2026-10-08T14:51:13.202322Z","level":"info","event":"Skipping registering function DataSourceManager._register_add_datasource.<locals>.crud_method_info because it is a closure","logger":"great_expectations._docs_decorators","filename":"_docs_decorators.py","lineno":109}
{"timestamp":"2026-10-08T14:51:13.202504Z","level":"info","event":"Skipping registering function DataSourceManager._register_update_datasource.<locals>.crud_method_info because it is a closure","logger":"great_expectations._docs_decorators","filename":"_docs_decorators.py","lineno":109}
{"timestamp":"2026-10-08T14:51:13.202636Z","level":"info","event":"Skipping registering function DataSourceManager._register_add_or_update_datasource.<locals>.crud_method_info because it is a closure","logger":"great_expectations._docs_decorators","filename":"_docs_decorators.py","lineno":109}
{"timestamp":"2026-10-08T14:51:13.202737Z","level":"info","event":"Skipping registering function DataSourceManager._register_delete_datasource.<locals>.crud_method_info because it is a closure","logger":"great_expectations._docs_decorators","filename":"_docs_decorators.py","lineno":109}
{"timestamp":"2026-10-08T14:51:13.221177Z","level":"info","event":"Skipping registering function DataSourceManager._register_add_datasource.<locals>.crud_method_info because it is a closure","logger":"great_expectations._docs_decorators","filename":"_docs_decorators.py","lineno":109}
{"timestamp":"2026-10-08T14:51:13.221372Z","level":"info","event":"Skipping registering function DataSourceManager._register_update_datasource.<locals>.crud_method_info because it is a closure","logger":"great_expectations._docs_decorators","filename":"_docs_decorators.py","lineno":109}
{"timestamp":"2026-10-08T14:51:13.221474Z","level":"info","event":"Skipping registering function DataSourceManager._register_add_or_update_datasource.<locals>.crud_method_info because it is a closure","logger":"great_expectations._docs_decorators","filename":"_docs_decorators.py","lineno":109}
{"timestamp":"2026-10-08T14:51:13.221636Z","level":"info","event":"Skipping registering function DataSourceManager._register_delete_datasource.<locals>.crud_method_info because it is a closure","logger":"great_expectations._docs_decorators","filename":"_docs_decorators.py","lineno":109}
{"timestamp":"2026-10-08T14:51:13.228830Z","level":"info","event":"Skipping registering function DataSourceManager._register_add_datasource.<locals>.crud_method_info because it is a closure","logger":"great_expectations._docs_decorators","filename":"_docs_decorators.py","lineno":109}
{"timestamp":"2026-10-08T14:51:13.229134Z","level":"info","event":"Skipping registering function DataSourceManager._register_update_datasource.<locals>.crud_method_info because it is a closure","logger":"great_expectations._docs_decorators","filename":"_docs_decorators.py","lineno":109}
{"timestamp":"2026-10-08T14:51:13.229261Z","level":"info","event":"Skipping registering function DataSourceManager._register_add_or_update_datasource.<locals>.crud_method_info because it is a closure","logger":"great_expectations._docs_decorators","filename":"_docs_decorators.py","lineno":109}
{"timestamp":"2026-10-08T14:51:13.229367Z","level":"info","event":"Skipping registering function DataSourceManager._register_delete_datasource.<locals>.crud_method_info because it is a closure","logger":"great_expectations._docs_decorators","filename":"_docs_decorators.py","lineno":109}
{"timestamp":"2026-10-08T14:51:13.235236Z","level":"info","event":"Skipping registering function DataSourceManager._register_add_datasource.<locals>.crud_method_info because it is a closure","logger":"great_expectations._docs_decorators","filename":"_docs_decorators.py","lineno":109}
{"timestamp":"2026-10-08T14:51:13.235644Z","level":"info","event":"Skipping registering function DataSourceManager._register_update_datasource.<locals>.crud_method_info because it is a closure","logger":"great_expectations._docs_decorators","filename":"_docs_decorators.py","lineno":109}
{"timestamp":"2026-10-08T14:51:13.235918Z","level":"info","event":"Skipping registering function DataSourceManager._register_add_or_update_datasource.<locals>.crud_method_info because it is a closure","logger":"great_expectations._docs_decorators","filename":"_docs_decorators.py","lineno":109}
{"timestamp":"2026-10-08T14:51:13.236183Z","level":"info","event":"Skipping registering function DataSourceManager._register_delete_datasource.<locals>.crud_method_info because it is a closure","logger":"great_expectations._docs_decorators","filename":"_docs_decorators.py","lineno":109}
{"timestamp":"2026-10-08T14:51:13.302631Z","level":"info","event":"Multiple declarations of metric table.column_types for engine PandasExecutionEngine.","logger":"great_expectations.expectations.registry","filename":"registry.py","lineno":290}
{"timestamp":"2026-10-08T14:51:13.302884Z","level":"info","event":"Multiple declarations of metric table.column_types for engine SparkDFExecutionEngine.","logger":"great_expectations.expectations.registry","filename":"registry.py","lineno":290}
{"timestamp":"2026-10-08T14:51:13.309971Z","level":"info","event":"Skipping registering function DataSourceManager._register_add_datasource.<locals>.crud_method_info because it is a closure","logger":"great_expectations._docs_decorators","filename":"_docs_decorators.py","lineno":109}
{"timestamp":"2026-10-08T14:51:13.310304Z","level":"info","event":"Skipping registering function DataSourceManager._register_update_datasource.<locals>.crud_method_info because it is a closure","logger":"great_expectations._docs_decorators","filename":"_docs_decorators.py","lineno":109}
{"timestamp":"2026-10-08T14:51:13.310456Z","level":"info","event":"Skipping registering function DataSourceManager._register_add_or_update_datasource.<locals>.crud_method_info because it is a closure","logger":"great_expectations._docs_decorators","filename":"_docs_decorators.py","lineno":109}
{"timestamp":"2026-10-08T14:51:13.310569Z","level":"info","event":"Skipping registering function DataSourceManager._register_delete_datasource.<locals>.crud_method_info because it is a closure","logger":"great_expectations._docs_decorators","filename":"_docs_decorators.py","lineno":109}
{"timestamp":"2026-10-08T14:51:13.319518Z","level":"info","event":"Skipping registering function DataSourceManager._register_add_datasource.<locals>.crud_method_info because it is a closure","logger":"great_expectations._docs_decorators","filename":"_docs_decorators.py","lineno":109}
{"timestamp":"2026-10-08T14:51:13.319778Z","level":"info","event":"Skipping registering function DataSourceManager._register_update_datasource.<locals>.crud_method_info because it is a closure","logger":"great_expectations._docs_decorators","filename":"_docs_decorators.py","lineno":109}
{"timestamp":"2026-10-08T14:51:13.319915Z","level":"info","event":"Skipping registering function DataSourceManager._register_add_or_update_datasource.<locals>.crud_method_info because it is a closure","logger":"great_expectations._docs_decorators","filename":"_docs_decorators.py","lineno":109}
{"timestamp":"2026-10-08T14:51:13.320014Z","level":"info","event":"Skipping registering function DataSourceManager._register_delete_datasource.<locals>.crud_method_info because it is a closure","logger":"great_expectations._docs_decorators","filename":"_docs_decorators.py","lineno":109}
{"timestamp":"2026-10-08T14:51:13.640005Z","level":"info","event":"Skipping registering function DataSourceManager._bind_asset_factory_method_if_not_present.<locals>._add_asset_factory because it is a closure","logger":"great_expectations._docs_decorators","filename":"_docs_decorators.py","lineno":109}
{"timestamp":"2026-10-08T14:51:13.640695Z","level":"info","event":"Skipping registering function DataSourceManager._bind_asset_factory_method_if_not_present.<locals>._add_asset_factory because it is a closure","logger":"great_expectations._docs_decorators","filename":"_docs_decorators.py","lineno":109}
{"timestamp":"2026-10-08T14:51:13.641391Z","level":"info","event":"Skipping registering function DataSourceManager._bind_asset_factory_method_if_not_present.<locals>._add_asset_factory because it is a closure","logger":"great_expectations._docs_decorators","filename":"_docs_decorators.py","lineno":109}
{"timestamp":"2026-10-08T14:51:13.641912Z","level":"info","event":"Skipping registering function DataSourceManager._bind_asset_factory_method_if_not_present.<locals>._add_asset_factory because it is a closure","logger":"great_expectations._docs_decorators","filename":"_docs_decorators.py","lineno":109}
{"timestamp":"2026-10-08T14:51:13.642774Z","level":"info","event":"Skipping registering function DataSourceManager._bind_asset_factory_method_if_not_present.<locals>._add_asset_factory because it is a closure","logger":"great_expectations._docs_decorators","filename":"_docs_decorators.py","lineno":109}
{"timestamp":"2026-10-08T14:51:13.643460Z","level":"info","event":"Skipping registering function DataSourceManager._bind_asset_factory_method_if_not_present.<locals>._add_asset_factory because it is a closure","logger":"great_expectations._docs_decorators","filename":"_docs_decorators.py","lineno":109}
{"timestamp":"2026-10-08T14:51:13.644696Z","level":"info","event":"Skipping registering function DataSourceManager._bind_asset_factory_method_if_not_present.<locals>._add_asset_factory because it is a closure","logger":"great_expectations._docs_decorators","filename":"_docs_decorators.py","lineno":109}
{"timestamp":"2026-10-08T14:51:13.645494Z","level":"info","event":"Skipping registering function DataSourceManager._bind_asset_factory_method_if_not_present.<locals>._add_asset_factory because it is a closure","logger":"great_expectations._docs_decorators","filename":"_docs_decorators.py","lineno":109}
{"timestamp":"2026-10-08T14:51:13.645921Z","level":"info","event":"Skipping registering function DataSourceManager._bind_asset_factory_method_if_not_present.<locals>._add_asset_factory because it is a closure","logger":"great_expectations._docs_decorators","filename":"_docs_decorators.py","lineno":109}
{"timestamp":"2026-10-08T14:51:13.646415Z","level":"info","event":"Skipping registering function DataSourceManager._bind_asset_factory_method_if_not_present.<locals>._add_asset_factory because it is a closure","logger":"great_expectations._docs_decorators","filename":"_docs_decorators.py","lineno":109}
{"timestamp":"2026-10-08T14:51:13.646767Z","level":"info","event":"Skipping registering function DataSourceManager._bind_asset_factory_method_if_not_present.<locals>._add_asset_factory because it is a closure","logger":"great_expectations._docs_decorators","filename":"_docs_decorators.py","lineno":109}
{"timestamp":"2026-10-08T14:51:13.647068Z","level":"info","event":"Skipping registering function DataSourceManager._bind_asset_factory_method_if_not_present.<locals>._add_asset_factory because it is a closure","logger":"great_expectations._docs_decorators","filename":"_docs_decorators.py","lineno":109}
{"timestamp":"2026-10-08T14:51:13.647233Z","level":"info","event":"Skipping registering function DataSourceManager._register_add_datasource.<locals>.crud_method_info because it is a closure","logger":"great_expectations._docs_decorators","filename":"_docs_decorators.py","lineno":109}
{"timestamp":"2026-10-08T14:51:13.647371Z","level":"info","event":"Skipping registering function DataSourceManager._register_update_datasource.<locals>.crud_method_info because it is a closure","logger":"great_expectations._docs_decorators","filename":"_docs_decorators.py","lineno":109}
{"timestamp":"2026-10-08T14:51:13.647498Z","level":"info","event":"Skipping registering function DataSourceManager._register_add_or_update_datasource.<locals>.crud_method_info because it is a closure","logger":"great_expectations._docs_decorators","filename":"_docs_decorators.py","lineno":109}
{"timestamp":"2026-10-08T14:51:13.647605Z","level":"info","event":"Skipping registering function DataSourceManager._register_delete_datasource.<locals>.crud_method_info because it is a closure","logger":"great_expectations._docs_decorators","filename":"_docs_decorators.py","lineno":109}
{"timestamp":"2026-10-08T14:51:13.654268Z","level":"info","event":"Skipping registering function DataSourceManager._register_add_datasource.<locals>.crud_method_info because it is a closure","logger":"great_expectations._docs_decorators","filename":"_docs_decorators.py","lineno":109}
{"timestamp":"2026-10-08T14:51:13.654502Z","level":"info","event":"Skipping registering function DataSourceManager._register_update_datasource.<locals>.crud_method_info because it is a closure","logger":"great_expectations._docs_decorators","filename":"_docs_decorators.py","lineno":109}
{"timestamp":"2026-10-08T14:51:13.654772Z","level":"info","event":"Skipping registering function DataSourceManager._register_add_or_update_datasource.<locals>.crud_method_info because it is a closure","logger":"great_expectations._docs_decorators","filename":"_docs_decorators.py","lineno":109}
{"timestamp":"2026-10-08T14:51:13.655231Z","level":"info","event":"Skipping registering function DataSourceManager._register_delete_datasource.<locals>.crud_method_info because it is a closure","logger":"great_expectations._docs_decorators","filename":"_docs_decorators.py","lineno":109}
{"timestamp":"2026-10-08T14:51:13.667381Z","level":"info","event":"Skipping registering function DataSourceManager._bind_asset_factory_method_if_not_present.<locals>._add_asset_factory because it is a closure","logger":"great_expectations._docs_decorators","filename":"_docs_decorators.py","lineno":109}
{"timestamp":"2026-10-08T14:51:13.667925Z","level":"info","event":"Skipping registering function DataSourceManager._bind_asset_factory_method_if_not_present.<locals>._add_asset_factory because it is a closure","logger":"great_expectations._docs_decorators","filename":"_docs_decorators.py","lineno":109}
{"timestamp":"2026-10-08T14:51:13.668299Z","level":"info","event":"Skipping registering function DataSourceManager._bind_asset_factory_method_if_not_present.<locals>._add_asset_factory because it is a closure","logger":"great_expectations._docs_decorators","filename":"_docs_decorators.py","lineno":109}
{"timestamp":"2026-10-08T14:51:13.668616Z","level":"info","event":"Skipping registering function DataSourceManager._bind_asset_factory_method_if_not_present.<locals>._add_asset_factory because it is a closure","logger":"great_expectations._docs_decorators","filename":"_docs_decorators.py","lineno":109}
{"timestamp":"2026-10-08T14:51:13.669223Z","level":"info","event":"Skipping registering function DataSourceManager._bind_asset_factory_method_if_not_present.<locals>._add_asset_factory because it is a closure","logger":"great_expectations._docs_decorators","filename":"_docs_decorators.py","lineno":109}
{"timestamp":"2026-10-08T14:51:13.669591Z","level":"info","event":"Skipping registering function DataSourceManager._bind_asset_factory_method_if_not_present.<locals>._add_asset_factory because it is a closure","logger":"great_expectations._docs_decorators","filename":"_docs_decorators.py","lineno":109}
{"timestamp":"2026-10-08T14:51:13.669932Z","level":"info","event":"Skipping registering function DataSourceManager._bind_asset_factory_method_if_not_present.<locals>._add_asset_factory because it is a closure","logger":"great_expectations._docs_decorators","filename":"_docs_decorators.py","lineno":109}
{"timestamp":"2026-10-08T14:51:13.670232Z","level":"info","event":"Skipping registering function DataSourceManager._bind_asset_factory_method_if_not_present.<locals>._add_asset_factory because it is a closure","logger":"great_expectations._docs_decorators","filename":"_docs_decorators.py","lineno":109}
{"timestamp":"2026-10-08T14:51:13.670480Z","level":"info","event":"Skipping registering function DataSourceManager._bind_asset_factory_method_if_not_present.<locals>._add_asset_factory because it is a closure","logger":"great_expectations._docs_decorators","filename":"_docs_decorators.py","lineno":109}
{"timestamp":"2026-10-08T14:51:13.670724Z","level":"info","event":"Skipping registering function DataSourceManager._bind_asset_factory_method_if_not_present.<locals>._add_asset_factory because it is a closure","logger":"great_expectations._docs_decorators","filename":"_docs_decorators.py","lineno":109}
{"timestamp":"2026-10-08T14:51:13.671003Z","level":"info","event":"Skipping registering function DataSourceManager._bind_asset_factory_method_if_not_present.<locals>._add_asset_factory because it is a closure","logger":"great_expectations._docs_decorators","filename":"_docs_decorators.py","lineno":109}
{"timestamp":"2026-10-08T14:51:13.671184Z","level":"info","event":"Skipping registering function DataSourceManager._bind_asset_factory_method_if_not_present.<locals>._add_asset_factory because it is a closure","logger":"great_expectations._docs_decorators","filename":"_docs_decorators.py","lineno":109}
{"timestamp":"2026-10-08T14:51:13.671289Z","level":"info","event":"Skipping registering function DataSourceManager._register_add_datasource.<locals>.crud_method_info because it is a closure","logger":"great_expectations._docs_decorators","filename":"_docs_decorators.py","lineno":109}
{"timestamp":"2026-10-08T14:51:13.671392Z","level":"info","event":"Skipping registering function DataSourceManager._register_update_datasource.<locals>.crud_method_info because it is a closure","logger":"great_expectations._docs_decorators","filename":"_docs_decorators.py","lineno":109}
{"timestamp":"2026-10-08T14:51:13.671477Z","level":"info","event":"Skipping registering function DataSourceManager._register_add_or_update_datasource.<locals>.crud_method_info because it is a closure","logger":"great_expectations._docs_decorators","filename":"_docs_decorators.py","lineno":109}
{"timestamp":"2026-10-08T14:51:13.671554Z","level":"info","event":"Skipping registering function DataSourceManager._register_delete_datasource.<locals>.crud_method_info because it is a closure","logger":"great_expectations._docs_decorators","filename":"_docs_decorators.py","lineno":109}
{"timestamp":"2026-10-08T14:51:13.678717Z","level":"info","event":"Skipping registering function DataSourceManager._bind_asset_factory_method_if_not_present.<locals>._add_asset_factory because it is a closure","logger":"great_expectations._docs_decorators","filename":"_docs_decorators.py","lineno":109}
{"timestamp":"2026-10-08T14:51:13.678975Z","level":"info","event":"Skipping registering function DataSourceManager._bind_asset_factory_method_if_not_present.<locals>._add_asset_factory because it is a closure","logger":"great_expectations._docs_decorators","filename":"_docs_decorators.py","lineno":109}
{"timestamp":"2026-10-08T14:51:13.679141Z","level":"info","event":"Skipping registering function DataSourceManager._bind_asset_factory_method_if_not_present.<locals>._add_asset_factory because it is a closure","logger":"great_expectations._docs_decorators","filename":"_docs_decorators.py","lineno":109}
{"timestamp":"2026-10-08T14:51:13.679351Z","level":"info","event":"Skipping registering function DataSourceManager._bind_asset_factory_method_if_not_present.<locals>._add_asset_factory because it is a closure","logger":"great_expectations._docs_decorators","filename":"_docs_decorators.py","lineno":109}
{"timestamp":"2026-10-08T14:51:13.679562Z","level":"info","event":"Skipping registering function DataSourceManager._bind_asset_factory_method_if_not_present.<locals>._add_asset_factory because it is a closure","logger":"great_expectations._docs_decorators","filename":"_docs_decorators.py","lineno":109}
{"timestamp":"2026-10-08T14:51:13.679738Z","level":"info","event":"Skipping registering function DataSourceManager._bind_asset_factory_method_if_not_present.<locals>._add_asset_factory because it is a closure","logger":"great_expectations._docs_decorators","filename":"_docs_decorators.py","lineno":109}
{"timestamp":"2026-10-08T14:51:13.679895Z","level":"info","event":"Skipping registering function DataSourceManager._bind_asset_factory_method_if_not_present.<locals>._add_asset_factory because it is a closure","logger":"great_expectations._docs_decorators","filename":"_docs_decorators.py","lineno":109}
{"timestamp":"2026-10-08T14:51:13.680058Z","level":"info","event":"Skipping registering function DataSourceManager._bind_asset_factory_method_if_not_present.<locals>._add_asset_factory because it is a closure","logger":"great_expectations._docs_decorators","filename":"_docs_decorators.py","lineno":109}
{"timestamp":"2026-10-08T14:51:13.680275Z","level":"info","event":"Skipping registering function DataSourceManager._bind_asset_factory_method_if_not_present.<locals>._add_asset_factory because it is a closure","logger":"great_expectations._docs_decorators","filename":"_docs_decorators.py","lineno":109}
{"timestamp":"2026-10-08T14:51:13.680448Z","level":"info","event":"Skipping registering function DataSourceManager._bind_asset_factory_method_if_not_present.<locals>._add_asset_factory because it is a closure","logger":"great_expectations._docs_decorators","filename":"_docs_decorators.py","lineno":109}
{"timestamp":"2026-10-08T14:51:13.680599Z","level":"info","event":"Skipping registering function DataSourceManager._bind_asset_factory_method_if_not_present.<locals>._add_asset_factory because it is a closure","logger":"great_expectations._docs_decorators","filename":"_docs_decorators.py","lineno":109}
{"timestamp":"2026-10-08T14:51:13.680758Z","level":"info","event":"Skipping registering function DataSourceManager._bind_asset_factory_method_if_not_present.<locals>._add_asset_factory because it is a closure","logger":"great_expectations._docs_decorators","filename":"_docs_decorators.py","lineno":109}
{"timestamp":"2026-10-08T14:51:13.680858Z","level":"info","event":"Skipping registering function DataSourceManager._register_add_datasource.<locals>.crud_method_info because it is a closure","logger":"great_expectations._docs_decorators","filename":"_docs_decorators.py","lineno":109}
{"timestamp":"2026-10-08T14:51:13.681144Z","level":"info","event":"Skipping registering function DataSourceManager._register_update_datasource.<locals>.crud_method_info because it is a closure","logger":"great_expectations._docs_decorators","filename":"_docs_decorators.py","lineno":109}
{"timestamp":"2026-10-08T14:51:13.681262Z","level":"info","event":"Skipping registering function DataSourceManager._register_add_or_update_datasource.<locals>.crud_method_info because it is a closure","logger":"great_expectations._docs_decorators","filename":"_docs_decorators.py","lineno":109}
{"timestamp":"2026-10-08T14:51:13.681413Z","level":"info","event":"Skipping registering function DataSourceManager._register_delete_datasource.<locals>.crud_method_info because it is a closure","logger":"great_expectations._docs_decorators","filename":"_docs_decorators.py","lineno":109}
{"timestamp":"2026-10-08T14:51:13.688469Z","level":"info","event":"Skipping registering function DataSourceManager._bind_asset_factory_method_if_not_present.<locals>._add_asset_factory because it is a closure","logger":"great_expectations._docs_decorators","filename":"_docs_decorators.py","lineno":109}
{"timestamp":"2026-10-08T14:51:13.688770Z","level":"info","event":"Skipping registering function DataSourceManager._bind_asset_factory_method_if_not_present.<locals>._add_asset_factory because it is a closure","logger":"great_expectations._docs_decorators","filename":"_docs_decorators.py","lineno":109}
{"timestamp":"2026-10-08T14:51:13.689085Z","level":"info","event":"Skipping registering function DataSourceManager._bind_asset_factory_method_if_not_present.<locals>._add_asset_factory because it is a closure","logger":"great_expectations._docs_decorators","filename":"_docs_decorators.py","lineno":109}
{"timestamp":"2026-10-08T14:51:13.689287Z","level":"info","event":"Skipping registering function DataSourceManager._bind_asset_factory_method_if_not_present.<locals>._add_asset_factory because it is a closure","logger":"great_expectations._docs_decorators","filename":"_docs_decorators.py","lineno":109}
{"timestamp":"2026-10-08T14:51:13.689547Z","level":"info","event":"Skipping registering function DataSourceManager._bind_asset_factory_method_if_not_present.<locals>._add_asset_factory because it is a closure","logger":"great_expectations._docs_decorators","filename":"_docs_decorators.py","lineno":109}
{"timestamp":"2026-10-08T14:51:13.689765Z","level":"info","event":"Skipping registering function DataSourceManager._bind_asset_factory_method_if_not_present.<locals>._add_asset_factory because it is a closure","logger":"great_expectations._docs_decorators","filename":"_docs_decorators.py","lineno":109}
{"timestamp":"2026-10-08T14:51:13.690022Z","level":"info","event":"Skipping registering function DataSourceManager._bind_asset_factory_method_if_not_present.<locals>._add_asset_factory because it is a closure","logger":"great_expectations._docs_decorators","filename":"_docs_decorators.py","lineno":109}
{"timestamp":"2026-10-08T14:51:13.690272Z","level":"info","event":"Skipping registering function DataSourceManager._bind_asset_factory_method_if_not_present.<locals>._add_asset_factory because it is a closure","logger":"great_expectations._docs_decorators","filename":"_docs_decorators.py","lineno":109}
{"timestamp":"2026-10-08T14:51:13.690452Z","level":"info","event":"Skipping registering function DataSourceManager._bind_asset_factory_method_if_not_present.<locals>._add_asset_factory because it is a closure","logger":"great_expectations._docs_decorators","filename":"_docs_decorators.py","lineno":109}
{"timestamp":"2026-10-08T14:51:13.690605Z","level":"info","event":"Skipping registering function DataSourceManager._bind_asset_factory_method_if_not_present.<locals>._add_asset_factory because it is a closure","logger":"great_expectations._docs_decorators","filename":"_docs_decorators.py","lineno":109}
{"timestamp":"2026-10-08T14:51:13.690755Z","level":"info","event":"Skipping registering function DataSourceManager._bind_asset_factory_method_if_not_present.<locals>._add_asset_factory because it is a closure","logger":"great_expectations._docs_decorators","filename":"_docs_decorators.py","lineno":109}
{"timestamp":"2026-10-08T14:51:13.690897Z","level":"info","event":"Skipping registering function DataSourceManager._bind_asset_factory_method_if_not_present.<locals>._add_asset_factory because it is a closure","logger":"great_expectations._docs_decorators","filename":"_docs_decorators.py","lineno":109}
{"timestamp":"2026-10-08T14:51:13.690988Z","level":"info","event":"Skipping registering function DataSourceManager._register_add_datasource.<locals>.crud_method_info because it is a closure","logger":"great_expectations._docs_decorators","filename":"_docs_decorators.py","lineno":109}
{"timestamp":"2026-10-08T14:51:13.691065Z","level":"info","event":"Skipping registering function DataSourceManager._register_update_datasource.<locals>.crud_method_info because it is a closure","logger":"great_expectations._docs_decorators","filename":"_docs_decorators.py","lineno":109}
{"timestamp":"2026-10-08T14:51:13.691139Z","level":"info","event":"Skipping registering function DataSourceManager._register_add_or_update_datasource.<locals>.crud_method_info because it is a closure","logger":"great_expectations._docs_decorators","filename":"_docs_decorators.py","lineno":109}
{"timestamp":"2026-10-08T14:51:13.691211Z","level":"info","event":"Skipping registering function DataSourceManager._register_delete_datasource.<locals>.crud_method_info because it is a closure","logger":"great_expectations._docs_decorators","filename":"_docs_decorators.py","lineno":109}
{"timestamp":"2026-10-08T14:51:13.692504Z","level":"info","event":"Multiple declarations of metric column.standard_deviation for engine PandasExecutionEngine.","logger":"great_expectations.expectations.registry","filename":"registry.py","lineno":290}
{"timestamp":"2026-10-08T14:51:13.692656Z","level":"info","event":"Multiple declarations of metric column.standard_deviation.aggregate_fn for engine SparkDFExecutionEngine.","logger":"great_expectations.expectations.registry","filename":"registry.py","lineno":290}
{"timestamp":"2026-10-08T14:51:13.692736Z","level":"info","event":"Multiple declarations of metric column.standard_deviation for engine SparkDFExecutionEngine.","logger":"great_expectations.expectations.registry","filename":"registry.py","lineno":290}
{"timestamp":"2026-10-08T14:51:13.704843Z","level":"info","event":"Skipping registering function DataSourceManager._register_add_datasource.<locals>.crud_method_info because it is a closure","logger":"great_expectations._docs_decorators","filename":"_docs_decorators.py","lineno":109}
{"timestamp":"2026-10-08T14:51:13.705276Z","level":"info","event":"Skipping registering function DataSourceManager._register_update_datasource.<locals>.crud_method_info because it is a closure","logger":"great_expectations._docs_decorators","filename":"_docs_decorators.py","lineno":109}
{"timestamp":"2026-10-08T14:51:13.705428Z","level":"info","event":"Skipping registering function DataSourceManager._register_add_or_update_datasource.<locals>.crud_method_info because it is a closure","logger":"great_expectations._docs_decorators","filename":"_docs_decorators.py","lineno":109}
{"timestamp":"2026-10-08T14:51:13.705532Z","level":"info","event":"Skipping registering function DataSourceManager._register_delete_datasource.<locals>.crud_method_info because it is a closure","logger":"great_expectations._docs_decorators","filename":"_docs_decorators.py","lineno":109}
{"timestamp":"2026-10-08T14:51:13.715335Z","level":"info","event":"Skipping registering function DataSourceManager._register_add_datasource.<locals>.crud_method_info because it is a closure","logger":"great_expectations._docs_decorators","filename":"_docs_decorators.py","lineno":109}
{"timestamp":"2026-10-08T14:51:13.715570Z","level":"info","event":"Skipping registering function DataSourceManager._register_update_datasource.<locals>.crud_method_info because it is a closure","logger":"great_expectations._docs_decorators","filename":"_docs_decorators.py","lineno":109}
{"timestamp":"2026-10-08T14:51:13.715839Z","level":"info","event":"Skipping registering function DataSourceManager._register_add_or_update_datasource.<locals>.crud_method_info because it is a closure","logger":"great_expectations._docs_decorators","filename":"_docs_decorators.py","lineno":109}
{"timestamp":"2026-10-08T14:51:13.716126Z","level":"info","event":"Skipping registering function DataSourceManager._register_delete_datasource.<locals>.crud_method_info because it is a closure","logger":"great_expectations._docs_decorators","filename":"_docs_decorators.py","lineno":109}
{"timestamp":"2026-10-08T14:51:13.730763Z","level":"info","event":"Skipping registering function DataSourceManager._register_add_datasource.<locals>.crud_method_info because it is a closure","logger":"great_expectations._docs_decorators","filename":"_docs_decorators.py","lineno":109}
{"timestamp":"2026-10-08T14:51:13.730985Z","level":"info","event":"Skipping registering function DataSourceManager._register_update_datasource.<locals>.crud_method_info because it is a closure","logger":"great_expectations._docs_decorators","filename":"_docs_decorators.py","lineno":109}
{"timestamp":"2026-10-08T14:51:13.731100Z","level":"info","event":"Skipping registering function DataSourceManager._register_add_or_update_datasource.<locals>.crud_method_info because it is a closure","logger":"great_expectations._docs_decorators","filename":"_docs_decorators.py","lineno":109}
{"timestamp":"2026-10-08T14:51:13.731189Z","level":"info","event":"Skipping registering function DataSourceManager._register_delete_datasource.<locals>.crud_method_info because it is a closure","logger":"great_expectations._docs_decorators","filename":"_docs_decorators.py","lineno":109}
{"timestamp":"2026-10-08T14:51:13.884355Z","level":"info","event":"Created temporary directory '/tmp/tmp_dxvan36' for ephemeral docs site","logger":"great_expectations.data_context.types.base","filename":"base.py","lineno":1510}
{"timestamp":"2026-10-08T14:51:13.885474Z","level":"info","event":"Loading 'datasources' ->\n[]","logger":"great_expectations.datasource.fluent.config","filename":"config.py","lineno":191}
{"timestamp":"2026-10-08T14:51:14.065510Z","level":"error","event":"\rCalculating Metrics:   0%|          | 0/95 [00:00<?, ?it/s]\rCalculating Metrics:   0%|          | 0/95 [00:00<?, ?it/s]\rCalculating Metrics:   4%|▍         | 4/95 [00:00<00:00, 4238.81it/s]\rCalculating Metrics:   4%|▍         | 4/95 [00:00<00:00, 2523.27it/s]\rCalculating Metrics:   6%|▋         | 6/95 [00:00<00:00, 3304.34it/s]\rCalculating Metrics:   6%|▋         | 6/95 [00:00<00:00, 2705.71it/s]\rCalculating Metrics:  28%|██▊       | 27/95 [00:00<00:00, 2632.16it/s]\rCalculating Metrics:  28%|██▊       | 27/95 [00:00<00:00, 2477.98it/s]\rCalculating Metrics: 100%|██████████| 95/95 [00:00<00:00, 3078.92it/s]\rCalculating Metrics: 100%|██████████| 95/95 [00:00<00:00, 3045.11it/s]\rCalculating Metrics: 100%|██████████| 95/95 [00:00<00:00, 3034.17it/s]\rCalculating Metrics: 100%|██████████| 95/95 [00:00<00:00, 3021.49it/s]","logger":"task.stderr"}
{"timestamp":"2026-10-08T14:51:14.143499Z","level":"warning","event":"GX layer=prepared rule=P10 severity=Warning result={'element_count': 82, 'unexpected_count': 70, 'unexpected_percent': np.float64(85.36585365853658), 'partial_unexpected_list': ['ambiguous', 'unmatched', 'unmatched', 'unmatched', 'unmatched', 'ambiguous', 'unmatched', 'ambiguous', 'unmatched', 'ambiguous', 'unmatched', 'unmatched', 'unmatched', 'unmatched', 'ambiguous', 'ambiguous', 'unmatched', 'unmatched', 'unmatched', 'unmatched'], 'missing_count': 0, 'missing_percent': np.float64(0.0), 'unexpected_percent_total': np.float64(85.36585365853658), 'unexpected_percent_nonmissing': np.float64(85.36585365853658), 'partial_unexpected_counts': [{'value': 'unmatched', 'count': 14}, {'value': 'ambiguous', 'count': 6}], 'partial_unexpected_index_list': [0, 1, 3, 4, 5, 6, 7, 8, 9, 10, 12, 13, 14, 15, 17, 18, 19, 20, 21, 22]}","logger":"music_pipeline","filename":"validation.py","lineno":104}
{"timestamp":"2026-10-08T14:51:14.164608Z","level":"info","event":"GX layer=prepared accepted rows=82 report=/opt/airflow/project/data/runs/7a0fe46609ca1ddf4725c8fd/gx_prepared.json","logger":"music_pipeline","filename":"validation.py","lineno":113}
{"timestamp":"2026-10-08T14:51:14.551958Z","level":"info","event":"DW committed {\"run_id\": \"baseline_20261008T144933Z\", \"before\": {\"fact_count\": 0, \"matched_count\": 0, \"popularity_sum\": 0.0, \"energy_sum\": 0.0}, \"after\": {\"fact_count\": 82, \"matched_count\": 12, \"popularity_sum\": 838.0, \"energy_sum\": 5.748}, \"strategy\": \"transactional_full_snapshot\"}","logger":"music_pipeline","filename":"load.py","lineno":51}
{"timestamp":"2026-10-08T14:51:14.552874Z","level":"info","event":"Done. Returned value was: {'run_id': 'baseline_20261008T144933Z', 'before': {'fact_count': 0, 'matched_count': 0, 'popularity_sum': 0.0, 'energy_sum': 0.0}, 'after': {'fact_count': 82, 'matched_count': 12, 'popularity_sum': 838.0, 'energy_sum': 5.748}, 'strategy': 'transactional_full_snapshot'}","logger":"airflow.task.operators.airflow.providers.standard.decorators.python._PythonDecoratedOperator","filename":"python.py","lineno":230}
{"timestamp":"2026-10-08T14:51:14.553844Z","level":"info","event":"Pushing xcom","ti":"RuntimeTaskInstance(id=UUID('01a11bfd-e174-7a6b-a9ea-7394f628115a'), task_id='load_dw', dag_id='reliable_music_pipeline', run_id='baseline_20261008T144933Z', try_number=1, dag_version_id=UUID('01a11bfc-accf-79ed-b0b0-374f17a95112'), map_index=-1, hostname='2ce0a0264a34', context_carrier={}, task=<Task(_PythonDecoratedOperator): load_dw>, bundle_instance=LocalDagBundle(name=dags-folder), max_tries=2, start_date=datetime.datetime(2026, 10, 8, 14, 51, 4, 786288, tzinfo=datetime.timezone.utc), end_date=None, state=<TaskInstanceState.RUNNING: 'running'>, is_mapped=False, rendered_map_index=None)","logger":"task","filename":"task_runner.py","lineno":1573}
