{"timestamp":"2026-10-08T15:57:19.345742Z","level":"info","event":"DAG bundles loaded: dags-folder","logger":"airflow.dag_processing.bundles.manager.DagBundlesManager","filename":"manager.py","lineno":179}
{"timestamp":"2026-10-08T15:57:19.349964Z","level":"info","event":"Filling up the DagBag from /opt/airflow/dags/reliable_music_pipeline.py","logger":"airflow.models.dagbag.BundleDagBag","filename":"dagbag.py","lineno":593}
{"timestamp":"2026-10-08T15:57:19.440954Z","level":"info","event":"Stats instance was created in PID 7 but accessed in PID 309. Re-initializing.","logger":"airflow.stats","filename":"stats.py","lineno":57}
{"timestamp":"2026-10-08T15:57:21.793924Z","level":"info","event":"Skipping registering function get_context because it does not have a class","logger":"great_expectations._docs_decorators","filename":"_docs_decorators.py","lineno":115}
{"timestamp":"2026-10-08T15:57:30.113657Z","level":"warning","event":"/home/airflow/.local/lib/python3.12/site-packages/requests/__init__.py:113: RequestsDependencyWarning: urllib3 (2.6.3) or chardet (6.0.0.post1)/charset_normalizer (3.4.5) doesn't match a supported version!\n  warnings.warn(\n","logger":"py.warnings","filename":"warnings.py","lineno":112}
{"timestamp":"2026-10-08T15:57:37.399235Z","level":"warning","event":"/home/airflow/.local/lib/python3.12/site-packages/snowflake/connector/vendored/requests/__init__.py:113: RequestsDependencyWarning: urllib3 (2.5.0) or chardet (6.0.0.post1)/charset_normalizer (3.4.5) doesn't match a supported version!\n  warnings.warn(\n","logger":"py.warnings","filename":"warnings.py","lineno":112}
{"timestamp":"2026-10-08T15:57:38.106335Z","level":"info","event":"Skipping registering function DataSourceManager._register_add_datasource.<locals>.crud_method_info because it is a closure","logger":"great_expectations._docs_decorators","filename":"_docs_decorators.py","lineno":109}
{"timestamp":"2026-10-08T15:57:38.106790Z","level":"info","event":"Skipping registering function DataSourceManager._register_update_datasource.<locals>.crud_method_info because it is a closure","logger":"great_expectations._docs_decorators","filename":"_docs_decorators.py","lineno":109}
{"timestamp":"2026-10-08T15:57:38.107010Z","level":"info","event":"Skipping registering function DataSourceManager._register_add_or_update_datasource.<locals>.crud_method_info because it is a closure","logger":"great_expectations._docs_decorators","filename":"_docs_decorators.py","lineno":109}
{"timestamp":"2026-10-08T15:57:38.107310Z","level":"info","event":"Skipping registering function DataSourceManager._register_delete_datasource.<locals>.crud_method_info because it is a closure","logger":"great_expectations._docs_decorators","filename":"_docs_decorators.py","lineno":109}
{"timestamp":"2026-10-08T15:57:38.115024Z","level":"info","event":"Skipping registering function DataSourceManager._register_add_datasource.<locals>.crud_method_info because it is a closure","logger":"great_expectations._docs_decorators","filename":"_docs_decorators.py","lineno":109}
{"timestamp":"2026-10-08T15:57:38.115798Z","level":"info","event":"Skipping registering function DataSourceManager._register_update_datasource.<locals>.crud_method_info because it is a closure","logger":"great_expectations._docs_decorators","filename":"_docs_decorators.py","lineno":109}
{"timestamp":"2026-10-08T15:57:38.116153Z","level":"info","event":"Skipping registering function DataSourceManager._register_add_or_update_datasource.<locals>.crud_method_info because it is a closure","logger":"great_expectations._docs_decorators","filename":"_docs_decorators.py","lineno":109}
{"timestamp":"2026-10-08T15:57:38.116588Z","level":"info","event":"Skipping registering function DataSourceManager._register_delete_datasource.<locals>.crud_method_info because it is a closure","logger":"great_expectations._docs_decorators","filename":"_docs_decorators.py","lineno":109}
{"timestamp":"2026-10-08T15:57:38.130881Z","level":"info","event":"Skipping registering function DataSourceManager._register_add_datasource.<locals>.crud_method_info because it is a closure","logger":"great_expectations._docs_decorators","filename":"_docs_decorators.py","lineno":109}
{"timestamp":"2026-10-08T15:57:38.131416Z","level":"info","event":"Skipping registering function DataSourceManager._register_update_datasource.<locals>.crud_method_info because it is a closure","logger":"great_expectations._docs_decorators","filename":"_docs_decorators.py","lineno":109}
{"timestamp":"2026-10-08T15:57:38.131757Z","level":"info","event":"Skipping registering function DataSourceManager._register_add_or_update_datasource.<locals>.crud_method_info because it is a closure","logger":"great_expectations._docs_decorators","filename":"_docs_decorators.py","lineno":109}
{"timestamp":"2026-10-08T15:57:38.132044Z","level":"info","event":"Skipping registering function DataSourceManager._register_delete_datasource.<locals>.crud_method_info because it is a closure","logger":"great_expectations._docs_decorators","filename":"_docs_decorators.py","lineno":109}
{"timestamp":"2026-10-08T15:57:38.142007Z","level":"info","event":"Skipping registering function DataSourceManager._register_add_datasource.<locals>.crud_method_info because it is a closure","logger":"great_expectations._docs_decorators","filename":"_docs_decorators.py","lineno":109}
{"timestamp":"2026-10-08T15:57:38.142513Z","level":"info","event":"Skipping registering function DataSourceManager._register_update_datasource.<locals>.crud_method_info because it is a closure","logger":"great_expectations._docs_decorators","filename":"_docs_decorators.py","lineno":109}
{"timestamp":"2026-10-08T15:57:38.142861Z","level":"info","event":"Skipping registering function DataSourceManager._register_add_or_update_datasource.<locals>.crud_method_info because it is a closure","logger":"great_expectations._docs_decorators","filename":"_docs_decorators.py","lineno":109}
{"timestamp":"2026-10-08T15:57:38.143102Z","level":"info","event":"Skipping registering function DataSourceManager._register_delete_datasource.<locals>.crud_method_info because it is a closure","logger":"great_expectations._docs_decorators","filename":"_docs_decorators.py","lineno":109}
{"timestamp":"2026-10-08T15:57:38.152416Z","level":"info","event":"Skipping registering function DataSourceManager._register_add_datasource.<locals>.crud_method_info because it is a closure","logger":"great_expectations._docs_decorators","filename":"_docs_decorators.py","lineno":109}
{"timestamp":"2026-10-08T15:57:38.152976Z","level":"info","event":"Skipping registering function DataSourceManager._register_update_datasource.<locals>.crud_method_info because it is a closure","logger":"great_expectations._docs_decorators","filename":"_docs_decorators.py","lineno":109}
{"timestamp":"2026-10-08T15:57:38.153253Z","level":"info","event":"Skipping registering function DataSourceManager._register_add_or_update_datasource.<locals>.crud_method_info because it is a closure","logger":"great_expectations._docs_decorators","filename":"_docs_decorators.py","lineno":109}
{"timestamp":"2026-10-08T15:57:38.153443Z","level":"info","event":"Skipping registering function DataSourceManager._register_delete_datasource.<locals>.crud_method_info because it is a closure","logger":"great_expectations._docs_decorators","filename":"_docs_decorators.py","lineno":109}
{"timestamp":"2026-10-08T15:57:38.418290Z","level":"info","event":"Skipping registering function DataSourceManager._register_add_datasource.<locals>.crud_method_info because it is a closure","logger":"great_expectations._docs_decorators","filename":"_docs_decorators.py","lineno":109}
{"timestamp":"2026-10-08T15:57:38.418763Z","level":"info","event":"Skipping registering function DataSourceManager._register_update_datasource.<locals>.crud_method_info because it is a closure","logger":"great_expectations._docs_decorators","filename":"_docs_decorators.py","lineno":109}
{"timestamp":"2026-10-08T15:57:38.419002Z","level":"info","event":"Skipping registering function DataSourceManager._register_add_or_update_datasource.<locals>.crud_method_info because it is a closure","logger":"great_expectations._docs_decorators","filename":"_docs_decorators.py","lineno":109}
{"timestamp":"2026-10-08T15:57:38.419209Z","level":"info","event":"Skipping registering function DataSourceManager._register_delete_datasource.<locals>.crud_method_info because it is a closure","logger":"great_expectations._docs_decorators","filename":"_docs_decorators.py","lineno":109}
{"timestamp":"2026-10-08T15:57:38.669019Z","level":"info","event":"Skipping registering function DataSourceManager._bind_asset_factory_method_if_not_present.<locals>._add_asset_factory because it is a closure","logger":"great_expectations._docs_decorators","filename":"_docs_decorators.py","lineno":109}
{"timestamp":"2026-10-08T15:57:38.670184Z","level":"info","event":"Skipping registering function DataSourceManager._bind_asset_factory_method_if_not_present.<locals>._add_asset_factory because it is a closure","logger":"great_expectations._docs_decorators","filename":"_docs_decorators.py","lineno":109}
{"timestamp":"2026-10-08T15:57:38.670797Z","level":"info","event":"Skipping registering function DataSourceManager._bind_asset_factory_method_if_not_present.<locals>._add_asset_factory because it is a closure","logger":"great_expectations._docs_decorators","filename":"_docs_decorators.py","lineno":109}
{"timestamp":"2026-10-08T15:57:38.671261Z","level":"info","event":"Skipping registering function DataSourceManager._bind_asset_factory_method_if_not_present.<locals>._add_asset_factory because it is a closure","logger":"great_expectations._docs_decorators","filename":"_docs_decorators.py","lineno":109}
{"timestamp":"2026-10-08T15:57:38.671935Z","level":"info","event":"Skipping registering function DataSourceManager._bind_asset_factory_method_if_not_present.<locals>._add_asset_factory because it is a closure","logger":"great_expectations._docs_decorators","filename":"_docs_decorators.py","lineno":109}
{"timestamp":"2026-10-08T15:57:38.672991Z","level":"info","event":"Skipping registering function DataSourceManager._bind_asset_factory_method_if_not_present.<locals>._add_asset_factory because it is a closure","logger":"great_expectations._docs_decorators","filename":"_docs_decorators.py","lineno":109}
{"timestamp":"2026-10-08T15:57:38.673707Z","level":"info","event":"Skipping registering function DataSourceManager._bind_asset_factory_method_if_not_present.<locals>._add_asset_factory because it is a closure","logger":"great_expectations._docs_decorators","filename":"_docs_decorators.py","lineno":109}
{"timestamp":"2026-10-08T15:57:38.674307Z","level":"info","event":"Skipping registering function DataSourceManager._bind_asset_factory_method_if_not_present.<locals>._add_asset_factory because it is a closure","logger":"great_expectations._docs_decorators","filename":"_docs_decorators.py","lineno":109}
{"timestamp":"2026-10-08T15:57:38.675171Z","level":"info","event":"Skipping registering function DataSourceManager._bind_asset_factory_method_if_not_present.<locals>._add_asset_factory because it is a closure","logger":"great_expectations._docs_decorators","filename":"_docs_decorators.py","lineno":109}
{"timestamp":"2026-10-08T15:57:38.676280Z","level":"info","event":"Skipping registering function DataSourceManager._bind_asset_factory_method_if_not_present.<locals>._add_asset_factory because it is a closure","logger":"great_expectations._docs_decorators","filename":"_docs_decorators.py","lineno":109}
{"timestamp":"2026-10-08T15:57:38.677194Z","level":"info","event":"Skipping registering function DataSourceManager._bind_asset_factory_method_if_not_present.<locals>._add_asset_factory because it is a closure","logger":"great_expectations._docs_decorators","filename":"_docs_decorators.py","lineno":109}
{"timestamp":"2026-10-08T15:57:38.678168Z","level":"info","event":"Skipping registering function DataSourceManager._bind_asset_factory_method_if_not_present.<locals>._add_asset_factory because it is a closure","logger":"great_expectations._docs_decorators","filename":"_docs_decorators.py","lineno":109}
{"timestamp":"2026-10-08T15:57:38.679195Z","level":"info","event":"Skipping registering function DataSourceManager._bind_asset_factory_method_if_not_present.<locals>._add_asset_factory because it is a closure","logger":"great_expectations._docs_decorators","filename":"_docs_decorators.py","lineno":109}
{"timestamp":"2026-10-08T15:57:38.680245Z","level":"info","event":"Skipping registering function DataSourceManager._bind_asset_factory_method_if_not_present.<locals>._add_asset_factory because it is a closure","logger":"great_expectations._docs_decorators","filename":"_docs_decorators.py","lineno":109}
{"timestamp":"2026-10-08T15:57:38.680776Z","level":"info","event":"Skipping registering function DataSourceManager._register_add_datasource.<locals>.crud_method_info because it is a closure","logger":"great_expectations._docs_decorators","filename":"_docs_decorators.py","lineno":109}
{"timestamp":"2026-10-08T15:57:38.681182Z","level":"info","event":"Skipping registering function DataSourceManager._register_update_datasource.<locals>.crud_method_info because it is a closure","logger":"great_expectations._docs_decorators","filename":"_docs_decorators.py","lineno":109}
{"timestamp":"2026-10-08T15:57:38.681531Z","level":"info","event":"Skipping registering function DataSourceManager._register_add_or_update_datasource.<locals>.crud_method_info because it is a closure","logger":"great_expectations._docs_decorators","filename":"_docs_decorators.py","lineno":109}
{"timestamp":"2026-10-08T15:57:38.681782Z","level":"info","event":"Skipping registering function DataSourceManager._register_delete_datasource.<locals>.crud_method_info because it is a closure","logger":"great_expectations._docs_decorators","filename":"_docs_decorators.py","lineno":109}
{"timestamp":"2026-10-08T15:57:38.691109Z","level":"info","event":"Skipping registering function DataSourceManager._register_add_datasource.<locals>.crud_method_info because it is a closure","logger":"great_expectations._docs_decorators","filename":"_docs_decorators.py","lineno":109}
{"timestamp":"2026-10-08T15:57:38.691752Z","level":"info","event":"Skipping registering function DataSourceManager._register_update_datasource.<locals>.crud_method_info because it is a closure","logger":"great_expectations._docs_decorators","filename":"_docs_decorators.py","lineno":109}
{"timestamp":"2026-10-08T15:57:38.692193Z","level":"info","event":"Skipping registering function DataSourceManager._register_add_or_update_datasource.<locals>.crud_method_info because it is a closure","logger":"great_expectations._docs_decorators","filename":"_docs_decorators.py","lineno":109}
{"timestamp":"2026-10-08T15:57:38.692518Z","level":"info","event":"Skipping registering function DataSourceManager._register_delete_datasource.<locals>.crud_method_info because it is a closure","logger":"great_expectations._docs_decorators","filename":"_docs_decorators.py","lineno":109}
{"timestamp":"2026-10-08T15:57:38.702901Z","level":"info","event":"Skipping registering function DataSourceManager._bind_asset_factory_method_if_not_present.<locals>._add_asset_factory because it is a closure","logger":"great_expectations._docs_decorators","filename":"_docs_decorators.py","lineno":109}
{"timestamp":"2026-10-08T15:57:38.703943Z","level":"info","event":"Skipping registering function DataSourceManager._bind_asset_factory_method_if_not_present.<locals>._add_asset_factory because it is a closure","logger":"great_expectations._docs_decorators","filename":"_docs_decorators.py","lineno":109}
{"timestamp":"2026-10-08T15:57:38.704818Z","level":"info","event":"Skipping registering function DataSourceManager._bind_asset_factory_method_if_not_present.<locals>._add_asset_factory because it is a closure","logger":"great_expectations._docs_decorators","filename":"_docs_decorators.py","lineno":109}
{"timestamp":"2026-10-08T15:57:38.705325Z","level":"info","event":"Skipping registering function DataSourceManager._bind_asset_factory_method_if_not_present.<locals>._add_asset_factory because it is a closure","logger":"great_expectations._docs_decorators","filename":"_docs_decorators.py","lineno":109}
{"timestamp":"2026-10-08T15:57:38.705891Z","level":"info","event":"Skipping registering function DataSourceManager._bind_asset_factory_method_if_not_present.<locals>._add_asset_factory because it is a closure","logger":"great_expectations._docs_decorators","filename":"_docs_decorators.py","lineno":109}
{"timestamp":"2026-10-08T15:57:38.706695Z","level":"info","event":"Skipping registering function DataSourceManager._bind_asset_factory_method_if_not_present.<locals>._add_asset_factory because it is a closure","logger":"great_expectations._docs_decorators","filename":"_docs_decorators.py","lineno":109}
{"timestamp":"2026-10-08T15:57:38.707463Z","level":"info","event":"Skipping registering function DataSourceManager._bind_asset_factory_method_if_not_present.<locals>._add_asset_factory because it is a closure","logger":"great_expectations._docs_decorators","filename":"_docs_decorators.py","lineno":109}
{"timestamp":"2026-10-08T15:57:38.708288Z","level":"info","event":"Skipping registering function DataSourceManager._bind_asset_factory_method_if_not_present.<locals>._add_asset_factory because it is a closure","logger":"great_expectations._docs_decorators","filename":"_docs_decorators.py","lineno":109}
{"timestamp":"2026-10-08T15:57:38.709112Z","level":"info","event":"Skipping registering function DataSourceManager._bind_asset_factory_method_if_not_present.<locals>._add_asset_factory because it is a closure","logger":"great_expectations._docs_decorators","filename":"_docs_decorators.py","lineno":109}
{"timestamp":"2026-10-08T15:57:38.710011Z","level":"info","event":"Skipping registering function DataSourceManager._bind_asset_factory_method_if_not_present.<locals>._add_asset_factory because it is a closure","logger":"great_expectations._docs_decorators","filename":"_docs_decorators.py","lineno":109}
{"timestamp":"2026-10-08T15:57:38.711137Z","level":"info","event":"Skipping registering function DataSourceManager._bind_asset_factory_method_if_not_present.<locals>._add_asset_factory because it is a closure","logger":"great_expectations._docs_decorators","filename":"_docs_decorators.py","lineno":109}
{"timestamp":"2026-10-08T15:57:38.712063Z","level":"info","event":"Skipping registering function DataSourceManager._bind_asset_factory_method_if_not_present.<locals>._add_asset_factory because it is a closure","logger":"great_expectations._docs_decorators","filename":"_docs_decorators.py","lineno":109}
{"timestamp":"2026-10-08T15:57:38.712821Z","level":"info","event":"Skipping registering function DataSourceManager._bind_asset_factory_method_if_not_present.<locals>._add_asset_factory because it is a closure","logger":"great_expectations._docs_decorators","filename":"_docs_decorators.py","lineno":109}
{"timestamp":"2026-10-08T15:57:38.713697Z","level":"info","event":"Skipping registering function DataSourceManager._bind_asset_factory_method_if_not_present.<locals>._add_asset_factory because it is a closure","logger":"great_expectations._docs_decorators","filename":"_docs_decorators.py","lineno":109}
{"timestamp":"2026-10-08T15:57:38.714180Z","level":"info","event":"Skipping registering function DataSourceManager._register_add_datasource.<locals>.crud_method_info because it is a closure","logger":"great_expectations._docs_decorators","filename":"_docs_decorators.py","lineno":109}
{"timestamp":"2026-10-08T15:57:38.714479Z","level":"info","event":"Skipping registering function DataSourceManager._register_update_datasource.<locals>.crud_method_info because it is a closure","logger":"great_expectations._docs_decorators","filename":"_docs_decorators.py","lineno":109}
{"timestamp":"2026-10-08T15:57:38.714765Z","level":"info","event":"Skipping registering function DataSourceManager._register_add_or_update_datasource.<locals>.crud_method_info because it is a closure","logger":"great_expectations._docs_decorators","filename":"_docs_decorators.py","lineno":109}
{"timestamp":"2026-10-08T15:57:38.715049Z","level":"info","event":"Skipping registering function DataSourceManager._register_delete_datasource.<locals>.crud_method_info because it is a closure","logger":"great_expectations._docs_decorators","filename":"_docs_decorators.py","lineno":109}
{"timestamp":"2026-10-08T15:57:38.732229Z","level":"info","event":"Skipping registering function DataSourceManager._bind_asset_factory_method_if_not_present.<locals>._add_asset_factory because it is a closure","logger":"great_expectations._docs_decorators","filename":"_docs_decorators.py","lineno":109}
{"timestamp":"2026-10-08T15:57:38.734455Z","level":"info","event":"Skipping registering function DataSourceManager._bind_asset_factory_method_if_not_present.<locals>._add_asset_factory because it is a closure","logger":"great_expectations._docs_decorators","filename":"_docs_decorators.py","lineno":109}
{"timestamp":"2026-10-08T15:57:38.735761Z","level":"info","event":"Skipping registering function DataSourceManager._bind_asset_factory_method_if_not_present.<locals>._add_asset_factory because it is a closure","logger":"great_expectations._docs_decorators","filename":"_docs_decorators.py","lineno":109}
{"timestamp":"2026-10-08T15:57:38.736604Z","level":"info","event":"Skipping registering function DataSourceManager._bind_asset_factory_method_if_not_present.<locals>._add_asset_factory because it is a closure","logger":"great_expectations._docs_decorators","filename":"_docs_decorators.py","lineno":109}
{"timestamp":"2026-10-08T15:57:38.737346Z","level":"info","event":"Skipping registering function DataSourceManager._bind_asset_factory_method_if_not_present.<locals>._add_asset_factory because it is a closure","logger":"great_expectations._docs_decorators","filename":"_docs_decorators.py","lineno":109}
{"timestamp":"2026-10-08T15:57:38.738145Z","level":"info","event":"Skipping registering function DataSourceManager._bind_asset_factory_method_if_not_present.<locals>._add_asset_factory because it is a closure","logger":"great_expectations._docs_decorators","filename":"_docs_decorators.py","lineno":109}
{"timestamp":"2026-10-08T15:57:38.738817Z","level":"info","event":"Skipping registering function DataSourceManager._bind_asset_factory_method_if_not_present.<locals>._add_asset_factory because it is a closure","logger":"great_expectations._docs_decorators","filename":"_docs_decorators.py","lineno":109}
{"timestamp":"2026-10-08T15:57:38.739584Z","level":"info","event":"Skipping registering function DataSourceManager._bind_asset_factory_method_if_not_present.<locals>._add_asset_factory because it is a closure","logger":"great_expectations._docs_decorators","filename":"_docs_decorators.py","lineno":109}
{"timestamp":"2026-10-08T15:57:38.740063Z","level":"info","event":"Skipping registering function DataSourceManager._bind_asset_factory_method_if_not_present.<locals>._add_asset_factory because it is a closure","logger":"great_expectations._docs_decorators","filename":"_docs_decorators.py","lineno":109}
{"timestamp":"2026-10-08T15:57:38.740429Z","level":"info","event":"Skipping registering function DataSourceManager._bind_asset_factory_method_if_not_present.<locals>._add_asset_factory because it is a closure","logger":"great_expectations._docs_decorators","filename":"_docs_decorators.py","lineno":109}
{"timestamp":"2026-10-08T15:57:38.740814Z","level":"info","event":"Skipping registering function DataSourceManager._bind_asset_factory_method_if_not_present.<locals>._add_asset_factory because it is a closure","logger":"great_expectations._docs_decorators","filename":"_docs_decorators.py","lineno":109}
{"timestamp":"2026-10-08T15:57:38.741174Z","level":"info","event":"Skipping registering function DataSourceManager._bind_asset_factory_method_if_not_present.<locals>._add_asset_factory because it is a closure","logger":"great_expectations._docs_decorators","filename":"_docs_decorators.py","lineno":109}
{"timestamp":"2026-10-08T15:57:38.741701Z","level":"info","event":"Skipping registering function DataSourceManager._bind_asset_factory_method_if_not_present.<locals>._add_asset_factory because it is a closure","logger":"great_expectations._docs_decorators","filename":"_docs_decorators.py","lineno":109}
{"timestamp":"2026-10-08T15:57:38.742302Z","level":"info","event":"Skipping registering function DataSourceManager._bind_asset_factory_method_if_not_present.<locals>._add_asset_factory because it is a closure","logger":"great_expectations._docs_decorators","filename":"_docs_decorators.py","lineno":109}
{"timestamp":"2026-10-08T15:57:38.742703Z","level":"info","event":"Skipping registering function DataSourceManager._register_add_datasource.<locals>.crud_method_info because it is a closure","logger":"great_expectations._docs_decorators","filename":"_docs_decorators.py","lineno":109}
{"timestamp":"2026-10-08T15:57:38.742982Z","level":"info","event":"Skipping registering function DataSourceManager._register_update_datasource.<locals>.crud_method_info because it is a closure","logger":"great_expectations._docs_decorators","filename":"_docs_decorators.py","lineno":109}
{"timestamp":"2026-10-08T15:57:38.743350Z","level":"info","event":"Skipping registering function DataSourceManager._register_add_or_update_datasource.<locals>.crud_method_info because it is a closure","logger":"great_expectations._docs_decorators","filename":"_docs_decorators.py","lineno":109}
{"timestamp":"2026-10-08T15:57:38.743712Z","level":"info","event":"Skipping registering function DataSourceManager._register_delete_datasource.<locals>.crud_method_info because it is a closure","logger":"great_expectations._docs_decorators","filename":"_docs_decorators.py","lineno":109}
{"timestamp":"2026-10-08T15:57:38.753194Z","level":"info","event":"Skipping registering function DataSourceManager._bind_asset_factory_method_if_not_present.<locals>._add_asset_factory because it is a closure","logger":"great_expectations._docs_decorators","filename":"_docs_decorators.py","lineno":109}
{"timestamp":"2026-10-08T15:57:38.753741Z","level":"info","event":"Skipping registering function DataSourceManager._bind_asset_factory_method_if_not_present.<locals>._add_asset_factory because it is a closure","logger":"great_expectations._docs_decorators","filename":"_docs_decorators.py","lineno":109}
{"timestamp":"2026-10-08T15:57:38.754131Z","level":"info","event":"Skipping registering function DataSourceManager._bind_asset_factory_method_if_not_present.<locals>._add_asset_factory because it is a closure","logger":"great_expectations._docs_decorators","filename":"_docs_decorators.py","lineno":109}
{"timestamp":"2026-10-08T15:57:38.754862Z","level":"info","event":"Skipping registering function DataSourceManager._bind_asset_factory_method_if_not_present.<locals>._add_asset_factory because it is a closure","logger":"great_expectations._docs_decorators","filename":"_docs_decorators.py","lineno":109}
{"timestamp":"2026-10-08T15:57:38.755446Z","level":"info","event":"Skipping registering function DataSourceManager._bind_asset_factory_method_if_not_present.<locals>._add_asset_factory because it is a closure","logger":"great_expectations._docs_decorators","filename":"_docs_decorators.py","lineno":109}
{"timestamp":"2026-10-08T15:57:38.755868Z","level":"info","event":"Skipping registering function DataSourceManager._bind_asset_factory_method_if_not_present.<locals>._add_asset_factory because it is a closure","logger":"great_expectations._docs_decorators","filename":"_docs_decorators.py","lineno":109}
{"timestamp":"2026-10-08T15:57:38.756317Z","level":"info","event":"Skipping registering function DataSourceManager._bind_asset_factory_method_if_not_present.<locals>._add_asset_factory because it is a closure","logger":"great_expectations._docs_decorators","filename":"_docs_decorators.py","lineno":109}
{"timestamp":"2026-10-08T15:57:38.756659Z","level":"info","event":"Skipping registering function DataSourceManager._bind_asset_factory_method_if_not_present.<locals>._add_asset_factory because it is a closure","logger":"great_expectations._docs_decorators","filename":"_docs_decorators.py","lineno":109}
{"timestamp":"2026-10-08T15:57:38.757095Z","level":"info","event":"Skipping registering function DataSourceManager._bind_asset_factory_method_if_not_present.<locals>._add_asset_factory because it is a closure","logger":"great_expectations._docs_decorators","filename":"_docs_decorators.py","lineno":109}
{"timestamp":"2026-10-08T15:57:38.757461Z","level":"info","event":"Skipping registering function DataSourceManager._bind_asset_factory_method_if_not_present.<locals>._add_asset_factory because it is a closure","logger":"great_expectations._docs_decorators","filename":"_docs_decorators.py","lineno":109}
{"timestamp":"2026-10-08T15:57:38.757775Z","level":"info","event":"Skipping registering function DataSourceManager._bind_asset_factory_method_if_not_present.<locals>._add_asset_factory because it is a closure","logger":"great_expectations._docs_decorators","filename":"_docs_decorators.py","lineno":109}
{"timestamp":"2026-10-08T15:57:38.758233Z","level":"info","event":"Skipping registering function DataSourceManager._bind_asset_factory_method_if_not_present.<locals>._add_asset_factory because it is a closure","logger":"great_expectations._docs_decorators","filename":"_docs_decorators.py","lineno":109}
{"timestamp":"2026-10-08T15:57:38.758825Z","level":"info","event":"Skipping registering function DataSourceManager._bind_asset_factory_method_if_not_present.<locals>._add_asset_factory because it is a closure","logger":"great_expectations._docs_decorators","filename":"_docs_decorators.py","lineno":109}
{"timestamp":"2026-10-08T15:57:38.759260Z","level":"info","event":"Skipping registering function DataSourceManager._bind_asset_factory_method_if_not_present.<locals>._add_asset_factory because it is a closure","logger":"great_expectations._docs_decorators","filename":"_docs_decorators.py","lineno":109}
{"timestamp":"2026-10-08T15:57:38.759735Z","level":"info","event":"Skipping registering function DataSourceManager._register_add_datasource.<locals>.crud_method_info because it is a closure","logger":"great_expectations._docs_decorators","filename":"_docs_decorators.py","lineno":109}
{"timestamp":"2026-10-08T15:57:38.759975Z","level":"info","event":"Skipping registering function DataSourceManager._register_update_datasource.<locals>.crud_method_info because it is a closure","logger":"great_expectations._docs_decorators","filename":"_docs_decorators.py","lineno":109}
{"timestamp":"2026-10-08T15:57:38.760174Z","level":"info","event":"Skipping registering function DataSourceManager._register_add_or_update_datasource.<locals>.crud_method_info because it is a closure","logger":"great_expectations._docs_decorators","filename":"_docs_decorators.py","lineno":109}
{"timestamp":"2026-10-08T15:57:38.760342Z","level":"info","event":"Skipping registering function DataSourceManager._register_delete_datasource.<locals>.crud_method_info because it is a closure","logger":"great_expectations._docs_decorators","filename":"_docs_decorators.py","lineno":109}
{"timestamp":"2026-10-08T15:57:38.805934Z","level":"info","event":"Skipping registering function DataSourceManager._register_add_datasource.<locals>.crud_method_info because it is a closure","logger":"great_expectations._docs_decorators","filename":"_docs_decorators.py","lineno":109}
{"timestamp":"2026-10-08T15:57:38.806364Z","level":"info","event":"Skipping registering function DataSourceManager._register_update_datasource.<locals>.crud_method_info because it is a closure","logger":"great_expectations._docs_decorators","filename":"_docs_decorators.py","lineno":109}
{"timestamp":"2026-10-08T15:57:38.806628Z","level":"info","event":"Skipping registering function DataSourceManager._register_add_or_update_datasource.<locals>.crud_method_info because it is a closure","logger":"great_expectations._docs_decorators","filename":"_docs_decorators.py","lineno":109}
{"timestamp":"2026-10-08T15:57:38.806950Z","level":"info","event":"Skipping registering function DataSourceManager._register_delete_datasource.<locals>.crud_method_info because it is a closure","logger":"great_expectations._docs_decorators","filename":"_docs_decorators.py","lineno":109}
{"timestamp":"2026-10-08T15:57:38.824766Z","level":"info","event":"Skipping registering function DataSourceManager._register_add_datasource.<locals>.crud_method_info because it is a closure","logger":"great_expectations._docs_decorators","filename":"_docs_decorators.py","lineno":109}
{"timestamp":"2026-10-08T15:57:38.825406Z","level":"info","event":"Skipping registering function DataSourceManager._register_update_datasource.<locals>.crud_method_info because it is a closure","logger":"great_expectations._docs_decorators","filename":"_docs_decorators.py","lineno":109}
{"timestamp":"2026-10-08T15:57:38.825823Z","level":"info","event":"Skipping registering function DataSourceManager._register_add_or_update_datasource.<locals>.crud_method_info because it is a closure","logger":"great_expectations._docs_decorators","filename":"_docs_decorators.py","lineno":109}
{"timestamp":"2026-10-08T15:57:38.826144Z","level":"info","event":"Skipping registering function DataSourceManager._register_delete_datasource.<locals>.crud_method_info because it is a closure","logger":"great_expectations._docs_decorators","filename":"_docs_decorators.py","lineno":109}
{"timestamp":"2026-10-08T15:57:38.841666Z","level":"info","event":"Skipping registering function DataSourceManager._register_add_datasource.<locals>.crud_method_info because it is a closure","logger":"great_expectations._docs_decorators","filename":"_docs_decorators.py","lineno":109}
{"timestamp":"2026-10-08T15:57:38.842170Z","level":"info","event":"Skipping registering function DataSourceManager._register_update_datasource.<locals>.crud_method_info because it is a closure","logger":"great_expectations._docs_decorators","filename":"_docs_decorators.py","lineno":109}
{"timestamp":"2026-10-08T15:57:38.842754Z","level":"info","event":"Skipping registering function DataSourceManager._register_add_or_update_datasource.<locals>.crud_method_info because it is a closure","logger":"great_expectations._docs_decorators","filename":"_docs_decorators.py","lineno":109}
{"timestamp":"2026-10-08T15:57:38.843179Z","level":"info","event":"Skipping registering function DataSourceManager._register_delete_datasource.<locals>.crud_method_info because it is a closure","logger":"great_expectations._docs_decorators","filename":"_docs_decorators.py","lineno":109}
{"timestamp":"2026-10-08T15:57:38.949471Z","level":"info","event":"Multiple declarations of metric table.column_types for engine PandasExecutionEngine.","logger":"great_expectations.expectations.registry","filename":"registry.py","lineno":290}
{"timestamp":"2026-10-08T15:57:38.950073Z","level":"info","event":"Multiple declarations of metric table.column_types for engine SparkDFExecutionEngine.","logger":"great_expectations.expectations.registry","filename":"registry.py","lineno":290}
{"timestamp":"2026-10-08T15:57:38.966372Z","level":"info","event":"Skipping registering function DataSourceManager._register_add_datasource.<locals>.crud_method_info because it is a closure","logger":"great_expectations._docs_decorators","filename":"_docs_decorators.py","lineno":109}
{"timestamp":"2026-10-08T15:57:38.966801Z","level":"info","event":"Skipping registering function DataSourceManager._register_update_datasource.<locals>.crud_method_info because it is a closure","logger":"great_expectations._docs_decorators","filename":"_docs_decorators.py","lineno":109}
{"timestamp":"2026-10-08T15:57:38.967028Z","level":"info","event":"Skipping registering function DataSourceManager._register_add_or_update_datasource.<locals>.crud_method_info because it is a closure","logger":"great_expectations._docs_decorators","filename":"_docs_decorators.py","lineno":109}
{"timestamp":"2026-10-08T15:57:38.967427Z","level":"info","event":"Skipping registering function DataSourceManager._register_delete_datasource.<locals>.crud_method_info because it is a closure","logger":"great_expectations._docs_decorators","filename":"_docs_decorators.py","lineno":109}
{"timestamp":"2026-10-08T15:57:38.989894Z","level":"info","event":"Skipping registering function DataSourceManager._register_add_datasource.<locals>.crud_method_info because it is a closure","logger":"great_expectations._docs_decorators","filename":"_docs_decorators.py","lineno":109}
{"timestamp":"2026-10-08T15:57:38.990385Z","level":"info","event":"Skipping registering function DataSourceManager._register_update_datasource.<locals>.crud_method_info because it is a closure","logger":"great_expectations._docs_decorators","filename":"_docs_decorators.py","lineno":109}
{"timestamp":"2026-10-08T15:57:38.990708Z","level":"info","event":"Skipping registering function DataSourceManager._register_add_or_update_datasource.<locals>.crud_method_info because it is a closure","logger":"great_expectations._docs_decorators","filename":"_docs_decorators.py","lineno":109}
{"timestamp":"2026-10-08T15:57:38.990950Z","level":"info","event":"Skipping registering function DataSourceManager._register_delete_datasource.<locals>.crud_method_info because it is a closure","logger":"great_expectations._docs_decorators","filename":"_docs_decorators.py","lineno":109}
{"timestamp":"2026-10-08T15:57:39.412843Z","level":"info","event":"Skipping registering function DataSourceManager._bind_asset_factory_method_if_not_present.<locals>._add_asset_factory because it is a closure","logger":"great_expectations._docs_decorators","filename":"_docs_decorators.py","lineno":109}
{"timestamp":"2026-10-08T15:57:39.413515Z","level":"info","event":"Skipping registering function DataSourceManager._bind_asset_factory_method_if_not_present.<locals>._add_asset_factory because it is a closure","logger":"great_expectations._docs_decorators","filename":"_docs_decorators.py","lineno":109}
{"timestamp":"2026-10-08T15:57:39.413884Z","level":"info","event":"Skipping registering function DataSourceManager._bind_asset_factory_method_if_not_present.<locals>._add_asset_factory because it is a closure","logger":"great_expectations._docs_decorators","filename":"_docs_decorators.py","lineno":109}
{"timestamp":"2026-10-08T15:57:39.414185Z","level":"info","event":"Skipping registering function DataSourceManager._bind_asset_factory_method_if_not_present.<locals>._add_asset_factory because it is a closure","logger":"great_expectations._docs_decorators","filename":"_docs_decorators.py","lineno":109}
{"timestamp":"2026-10-08T15:57:39.414460Z","level":"info","event":"Skipping registering function DataSourceManager._bind_asset_factory_method_if_not_present.<locals>._add_asset_factory because it is a closure","logger":"great_expectations._docs_decorators","filename":"_docs_decorators.py","lineno":109}
{"timestamp":"2026-10-08T15:57:39.414825Z","level":"info","event":"Skipping registering function DataSourceManager._bind_asset_factory_method_if_not_present.<locals>._add_asset_factory because it is a closure","logger":"great_expectations._docs_decorators","filename":"_docs_decorators.py","lineno":109}
{"timestamp":"2026-10-08T15:57:39.415171Z","level":"info","event":"Skipping registering function DataSourceManager._bind_asset_factory_method_if_not_present.<locals>._add_asset_factory because it is a closure","logger":"great_expectations._docs_decorators","filename":"_docs_decorators.py","lineno":109}
{"timestamp":"2026-10-08T15:57:39.415523Z","level":"info","event":"Skipping registering function DataSourceManager._bind_asset_factory_method_if_not_present.<locals>._add_asset_factory because it is a closure","logger":"great_expectations._docs_decorators","filename":"_docs_decorators.py","lineno":109}
{"timestamp":"2026-10-08T15:57:39.416035Z","level":"info","event":"Skipping registering function DataSourceManager._bind_asset_factory_method_if_not_present.<locals>._add_asset_factory because it is a closure","logger":"great_expectations._docs_decorators","filename":"_docs_decorators.py","lineno":109}
{"timestamp":"2026-10-08T15:57:39.416606Z","level":"info","event":"Skipping registering function DataSourceManager._bind_asset_factory_method_if_not_present.<locals>._add_asset_factory because it is a closure","logger":"great_expectations._docs_decorators","filename":"_docs_decorators.py","lineno":109}
{"timestamp":"2026-10-08T15:57:39.417201Z","level":"info","event":"Skipping registering function DataSourceManager._bind_asset_factory_method_if_not_present.<locals>._add_asset_factory because it is a closure","logger":"great_expectations._docs_decorators","filename":"_docs_decorators.py","lineno":109}
{"timestamp":"2026-10-08T15:57:39.417705Z","level":"info","event":"Skipping registering function DataSourceManager._bind_asset_factory_method_if_not_present.<locals>._add_asset_factory because it is a closure","logger":"great_expectations._docs_decorators","filename":"_docs_decorators.py","lineno":109}
{"timestamp":"2026-10-08T15:57:39.418044Z","level":"info","event":"Skipping registering function DataSourceManager._register_add_datasource.<locals>.crud_method_info because it is a closure","logger":"great_expectations._docs_decorators","filename":"_docs_decorators.py","lineno":109}
{"timestamp":"2026-10-08T15:57:39.418316Z","level":"info","event":"Skipping registering function DataSourceManager._register_update_datasource.<locals>.crud_method_info because it is a closure","logger":"great_expectations._docs_decorators","filename":"_docs_decorators.py","lineno":109}
{"timestamp":"2026-10-08T15:57:39.418501Z","level":"info","event":"Skipping registering function DataSourceManager._register_add_or_update_datasource.<locals>.crud_method_info because it is a closure","logger":"great_expectations._docs_decorators","filename":"_docs_decorators.py","lineno":109}
{"timestamp":"2026-10-08T15:57:39.418800Z","level":"info","event":"Skipping registering function DataSourceManager._register_delete_datasource.<locals>.crud_method_info because it is a closure","logger":"great_expectations._docs_decorators","filename":"_docs_decorators.py","lineno":109}
{"timestamp":"2026-10-08T15:57:39.428904Z","level":"info","event":"Skipping registering function DataSourceManager._register_add_datasource.<locals>.crud_method_info because it is a closure","logger":"great_expectations._docs_decorators","filename":"_docs_decorators.py","lineno":109}
{"timestamp":"2026-10-08T15:57:39.429192Z","level":"info","event":"Skipping registering function DataSourceManager._register_update_datasource.<locals>.crud_method_info because it is a closure","logger":"great_expectations._docs_decorators","filename":"_docs_decorators.py","lineno":109}
{"timestamp":"2026-10-08T15:57:39.429367Z","level":"info","event":"Skipping registering function DataSourceManager._register_add_or_update_datasource.<locals>.crud_method_info because it is a closure","logger":"great_expectations._docs_decorators","filename":"_docs_decorators.py","lineno":109}
{"timestamp":"2026-10-08T15:57:39.429520Z","level":"info","event":"Skipping registering function DataSourceManager._register_delete_datasource.<locals>.crud_method_info because it is a closure","logger":"great_expectations._docs_decorators","filename":"_docs_decorators.py","lineno":109}
{"timestamp":"2026-10-08T15:57:39.445190Z","level":"info","event":"Skipping registering function DataSourceManager._bind_asset_factory_method_if_not_present.<locals>._add_asset_factory because it is a closure","logger":"great_expectations._docs_decorators","filename":"_docs_decorators.py","lineno":109}
{"timestamp":"2026-10-08T15:57:39.445911Z","level":"info","event":"Skipping registering function DataSourceManager._bind_asset_factory_method_if_not_present.<locals>._add_asset_factory because it is a closure","logger":"great_expectations._docs_decorators","filename":"_docs_decorators.py","lineno":109}
{"timestamp":"2026-10-08T15:57:39.446543Z","level":"info","event":"Skipping registering function DataSourceManager._bind_asset_factory_method_if_not_present.<locals>._add_asset_factory because it is a closure","logger":"great_expectations._docs_decorators","filename":"_docs_decorators.py","lineno":109}
{"timestamp":"2026-10-08T15:57:39.447520Z","level":"info","event":"Skipping registering function DataSourceManager._bind_asset_factory_method_if_not_present.<locals>._add_asset_factory because it is a closure","logger":"great_expectations._docs_decorators","filename":"_docs_decorators.py","lineno":109}
{"timestamp":"2026-10-08T15:57:39.448701Z","level":"info","event":"Skipping registering function DataSourceManager._bind_asset_factory_method_if_not_present.<locals>._add_asset_factory because it is a closure","logger":"great_expectations._docs_decorators","filename":"_docs_decorators.py","lineno":109}
{"timestamp":"2026-10-08T15:57:39.449363Z","level":"info","event":"Skipping registering function DataSourceManager._bind_asset_factory_method_if_not_present.<locals>._add_asset_factory because it is a closure","logger":"great_expectations._docs_decorators","filename":"_docs_decorators.py","lineno":109}
{"timestamp":"2026-10-08T15:57:39.449940Z","level":"info","event":"Skipping registering function DataSourceManager._bind_asset_factory_method_if_not_present.<locals>._add_asset_factory because it is a closure","logger":"great_expectations._docs_decorators","filename":"_docs_decorators.py","lineno":109}
{"timestamp":"2026-10-08T15:57:39.450385Z","level":"info","event":"Skipping registering function DataSourceManager._bind_asset_factory_method_if_not_present.<locals>._add_asset_factory because it is a closure","logger":"great_expectations._docs_decorators","filename":"_docs_decorators.py","lineno":109}
{"timestamp":"2026-10-08T15:57:39.450819Z","level":"info","event":"Skipping registering function DataSourceManager._bind_asset_factory_method_if_not_present.<locals>._add_asset_factory because it is a closure","logger":"great_expectations._docs_decorators","filename":"_docs_decorators.py","lineno":109}
{"timestamp":"2026-10-08T15:57:39.452377Z","level":"info","event":"Skipping registering function DataSourceManager._bind_asset_factory_method_if_not_present.<locals>._add_asset_factory because it is a closure","logger":"great_expectations._docs_decorators","filename":"_docs_decorators.py","lineno":109}
{"timestamp":"2026-10-08T15:57:39.453516Z","level":"info","event":"Skipping registering function DataSourceManager._bind_asset_factory_method_if_not_present.<locals>._add_asset_factory because it is a closure","logger":"great_expectations._docs_decorators","filename":"_docs_decorators.py","lineno":109}
{"timestamp":"2026-10-08T15:57:39.454198Z","level":"info","event":"Skipping registering function DataSourceManager._bind_asset_factory_method_if_not_present.<locals>._add_asset_factory because it is a closure","logger":"great_expectations._docs_decorators","filename":"_docs_decorators.py","lineno":109}
{"timestamp":"2026-10-08T15:57:39.454862Z","level":"info","event":"Skipping registering function DataSourceManager._register_add_datasource.<locals>.crud_method_info because it is a closure","logger":"great_expectations._docs_decorators","filename":"_docs_decorators.py","lineno":109}
{"timestamp":"2026-10-08T15:57:39.455939Z","level":"info","event":"Skipping registering function DataSourceManager._register_update_datasource.<locals>.crud_method_info because it is a closure","logger":"great_expectations._docs_decorators","filename":"_docs_decorators.py","lineno":109}
{"timestamp":"2026-10-08T15:57:39.456392Z","level":"info","event":"Skipping registering function DataSourceManager._register_add_or_update_datasource.<locals>.crud_method_info because it is a closure","logger":"great_expectations._docs_decorators","filename":"_docs_decorators.py","lineno":109}
{"timestamp":"2026-10-08T15:57:39.456903Z","level":"info","event":"Skipping registering function DataSourceManager._register_delete_datasource.<locals>.crud_method_info because it is a closure","logger":"great_expectations._docs_decorators","filename":"_docs_decorators.py","lineno":109}
{"timestamp":"2026-10-08T15:57:39.471719Z","level":"info","event":"Skipping registering function DataSourceManager._bind_asset_factory_method_if_not_present.<locals>._add_asset_factory because it is a closure","logger":"great_expectations._docs_decorators","filename":"_docs_decorators.py","lineno":109}
{"timestamp":"2026-10-08T15:57:39.472284Z","level":"info","event":"Skipping registering function DataSourceManager._bind_asset_factory_method_if_not_present.<locals>._add_asset_factory because it is a closure","logger":"great_expectations._docs_decorators","filename":"_docs_decorators.py","lineno":109}
{"timestamp":"2026-10-08T15:57:39.472729Z","level":"info","event":"Skipping registering function DataSourceManager._bind_asset_factory_method_if_not_present.<locals>._add_asset_factory because it is a closure","logger":"great_expectations._docs_decorators","filename":"_docs_decorators.py","lineno":109}
{"timestamp":"2026-10-08T15:57:39.473243Z","level":"info","event":"Skipping registering function DataSourceManager._bind_asset_factory_method_if_not_present.<locals>._add_asset_factory because it is a closure","logger":"great_expectations._docs_decorators","filename":"_docs_decorators.py","lineno":109}
{"timestamp":"2026-10-08T15:57:39.473648Z","level":"info","event":"Skipping registering function DataSourceManager._bind_asset_factory_method_if_not_present.<locals>._add_asset_factory because it is a closure","logger":"great_expectations._docs_decorators","filename":"_docs_decorators.py","lineno":109}
{"timestamp":"2026-10-08T15:57:39.474187Z","level":"info","event":"Skipping registering function DataSourceManager._bind_asset_factory_method_if_not_present.<locals>._add_asset_factory because it is a closure","logger":"great_expectations._docs_decorators","filename":"_docs_decorators.py","lineno":109}
{"timestamp":"2026-10-08T15:57:39.474585Z","level":"info","event":"Skipping registering function DataSourceManager._bind_asset_factory_method_if_not_present.<locals>._add_asset_factory because it is a closure","logger":"great_expectations._docs_decorators","filename":"_docs_decorators.py","lineno":109}
{"timestamp":"2026-10-08T15:57:39.474995Z","level":"info","event":"Skipping registering function DataSourceManager._bind_asset_factory_method_if_not_present.<locals>._add_asset_factory because it is a closure","logger":"great_expectations._docs_decorators","filename":"_docs_decorators.py","lineno":109}
{"timestamp":"2026-10-08T15:57:39.475607Z","level":"info","event":"Skipping registering function DataSourceManager._bind_asset_factory_method_if_not_present.<locals>._add_asset_factory because it is a closure","logger":"great_expectations._docs_decorators","filename":"_docs_decorators.py","lineno":109}
{"timestamp":"2026-10-08T15:57:39.476038Z","level":"info","event":"Skipping registering function DataSourceManager._bind_asset_factory_method_if_not_present.<locals>._add_asset_factory because it is a closure","logger":"great_expectations._docs_decorators","filename":"_docs_decorators.py","lineno":109}
{"timestamp":"2026-10-08T15:57:39.476372Z","level":"info","event":"Skipping registering function DataSourceManager._bind_asset_factory_method_if_not_present.<locals>._add_asset_factory because it is a closure","logger":"great_expectations._docs_decorators","filename":"_docs_decorators.py","lineno":109}
{"timestamp":"2026-10-08T15:57:39.476690Z","level":"info","event":"Skipping registering function DataSourceManager._bind_asset_factory_method_if_not_present.<locals>._add_asset_factory because it is a closure","logger":"great_expectations._docs_decorators","filename":"_docs_decorators.py","lineno":109}
{"timestamp":"2026-10-08T15:57:39.476882Z","level":"info","event":"Skipping registering function DataSourceManager._register_add_datasource.<locals>.crud_method_info because it is a closure","logger":"great_expectations._docs_decorators","filename":"_docs_decorators.py","lineno":109}
{"timestamp":"2026-10-08T15:57:39.477206Z","level":"info","event":"Skipping registering function DataSourceManager._register_update_datasource.<locals>.crud_method_info because it is a closure","logger":"great_expectations._docs_decorators","filename":"_docs_decorators.py","lineno":109}
{"timestamp":"2026-10-08T15:57:39.477446Z","level":"info","event":"Skipping registering function DataSourceManager._register_add_or_update_datasource.<locals>.crud_method_info because it is a closure","logger":"great_expectations._docs_decorators","filename":"_docs_decorators.py","lineno":109}
{"timestamp":"2026-10-08T15:57:39.477622Z","level":"info","event":"Skipping registering function DataSourceManager._register_delete_datasource.<locals>.crud_method_info because it is a closure","logger":"great_expectations._docs_decorators","filename":"_docs_decorators.py","lineno":109}
{"timestamp":"2026-10-08T15:57:39.494624Z","level":"info","event":"Skipping registering function DataSourceManager._bind_asset_factory_method_if_not_present.<locals>._add_asset_factory because it is a closure","logger":"great_expectations._docs_decorators","filename":"_docs_decorators.py","lineno":109}
{"timestamp":"2026-10-08T15:57:39.495674Z","level":"info","event":"Skipping registering function DataSourceManager._bind_asset_factory_method_if_not_present.<locals>._add_asset_factory because it is a closure","logger":"great_expectations._docs_decorators","filename":"_docs_decorators.py","lineno":109}
{"timestamp":"2026-10-08T15:57:39.496632Z","level":"info","event":"Skipping registering function DataSourceManager._bind_asset_factory_method_if_not_present.<locals>._add_asset_factory because it is a closure","logger":"great_expectations._docs_decorators","filename":"_docs_decorators.py","lineno":109}
{"timestamp":"2026-10-08T15:57:39.497497Z","level":"info","event":"Skipping registering function DataSourceManager._bind_asset_factory_method_if_not_present.<locals>._add_asset_factory because it is a closure","logger":"great_expectations._docs_decorators","filename":"_docs_decorators.py","lineno":109}
{"timestamp":"2026-10-08T15:57:39.498195Z","level":"info","event":"Skipping registering function DataSourceManager._bind_asset_factory_method_if_not_present.<locals>._add_asset_factory because it is a closure","logger":"great_expectations._docs_decorators","filename":"_docs_decorators.py","lineno":109}
{"timestamp":"2026-10-08T15:57:39.498643Z","level":"info","event":"Skipping registering function DataSourceManager._bind_asset_factory_method_if_not_present.<locals>._add_asset_factory because it is a closure","logger":"great_expectations._docs_decorators","filename":"_docs_decorators.py","lineno":109}
{"timestamp":"2026-10-08T15:57:39.499189Z","level":"info","event":"Skipping registering function DataSourceManager._bind_asset_factory_method_if_not_present.<locals>._add_asset_factory because it is a closure","logger":"great_expectations._docs_decorators","filename":"_docs_decorators.py","lineno":109}
{"timestamp":"2026-10-08T15:57:39.500122Z","level":"info","event":"Skipping registering function DataSourceManager._bind_asset_factory_method_if_not_present.<locals>._add_asset_factory because it is a closure","logger":"great_expectations._docs_decorators","filename":"_docs_decorators.py","lineno":109}
{"timestamp":"2026-10-08T15:57:39.500808Z","level":"info","event":"Skipping registering function DataSourceManager._bind_asset_factory_method_if_not_present.<locals>._add_asset_factory because it is a closure","logger":"great_expectations._docs_decorators","filename":"_docs_decorators.py","lineno":109}
{"timestamp":"2026-10-08T15:57:39.501334Z","level":"info","event":"Skipping registering function DataSourceManager._bind_asset_factory_method_if_not_present.<locals>._add_asset_factory because it is a closure","logger":"great_expectations._docs_decorators","filename":"_docs_decorators.py","lineno":109}
{"timestamp":"2026-10-08T15:57:39.501815Z","level":"info","event":"Skipping registering function DataSourceManager._bind_asset_factory_method_if_not_present.<locals>._add_asset_factory because it is a closure","logger":"great_expectations._docs_decorators","filename":"_docs_decorators.py","lineno":109}
{"timestamp":"2026-10-08T15:57:39.502432Z","level":"info","event":"Skipping registering function DataSourceManager._bind_asset_factory_method_if_not_present.<locals>._add_asset_factory because it is a closure","logger":"great_expectations._docs_decorators","filename":"_docs_decorators.py","lineno":109}
{"timestamp":"2026-10-08T15:57:39.503023Z","level":"info","event":"Skipping registering function DataSourceManager._register_add_datasource.<locals>.crud_method_info because it is a closure","logger":"great_expectations._docs_decorators","filename":"_docs_decorators.py","lineno":109}
{"timestamp":"2026-10-08T15:57:39.503579Z","level":"info","event":"Skipping registering function DataSourceManager._register_update_datasource.<locals>.crud_method_info because it is a closure","logger":"great_expectations._docs_decorators","filename":"_docs_decorators.py","lineno":109}
{"timestamp":"2026-10-08T15:57:39.504041Z","level":"info","event":"Skipping registering function DataSourceManager._register_add_or_update_datasource.<locals>.crud_method_info because it is a closure","logger":"great_expectations._docs_decorators","filename":"_docs_decorators.py","lineno":109}
{"timestamp":"2026-10-08T15:57:39.504390Z","level":"info","event":"Skipping registering function DataSourceManager._register_delete_datasource.<locals>.crud_method_info because it is a closure","logger":"great_expectations._docs_decorators","filename":"_docs_decorators.py","lineno":109}
{"timestamp":"2026-10-08T15:57:39.506956Z","level":"info","event":"Multiple declarations of metric column.standard_deviation for engine PandasExecutionEngine.","logger":"great_expectations.expectations.registry","filename":"registry.py","lineno":290}
{"timestamp":"2026-10-08T15:57:39.507499Z","level":"info","event":"Multiple declarations of metric column.standard_deviation.aggregate_fn for engine SparkDFExecutionEngine.","logger":"great_expectations.expectations.registry","filename":"registry.py","lineno":290}
{"timestamp":"2026-10-08T15:57:39.507807Z","level":"info","event":"Multiple declarations of metric column.standard_deviation for engine SparkDFExecutionEngine.","logger":"great_expectations.expectations.registry","filename":"registry.py","lineno":290}
{"timestamp":"2026-10-08T15:57:39.551945Z","level":"info","event":"Skipping registering function DataSourceManager._register_add_datasource.<locals>.crud_method_info because it is a closure","logger":"great_expectations._docs_decorators","filename":"_docs_decorators.py","lineno":109}
{"timestamp":"2026-10-08T15:57:39.552487Z","level":"info","event":"Skipping registering function DataSourceManager._register_update_datasource.<locals>.crud_method_info because it is a closure","logger":"great_expectations._docs_decorators","filename":"_docs_decorators.py","lineno":109}
{"timestamp":"2026-10-08T15:57:39.553075Z","level":"info","event":"Skipping registering function DataSourceManager._register_add_or_update_datasource.<locals>.crud_method_info because it is a closure","logger":"great_expectations._docs_decorators","filename":"_docs_decorators.py","lineno":109}
{"timestamp":"2026-10-08T15:57:39.553690Z","level":"info","event":"Skipping registering function DataSourceManager._register_delete_datasource.<locals>.crud_method_info because it is a closure","logger":"great_expectations._docs_decorators","filename":"_docs_decorators.py","lineno":109}
{"timestamp":"2026-10-08T15:57:39.598292Z","level":"info","event":"Skipping registering function DataSourceManager._register_add_datasource.<locals>.crud_method_info because it is a closure","logger":"great_expectations._docs_decorators","filename":"_docs_decorators.py","lineno":109}
{"timestamp":"2026-10-08T15:57:39.599026Z","level":"info","event":"Skipping registering function DataSourceManager._register_update_datasource.<locals>.crud_method_info because it is a closure","logger":"great_expectations._docs_decorators","filename":"_docs_decorators.py","lineno":109}
{"timestamp":"2026-10-08T15:57:39.600003Z","level":"info","event":"Skipping registering function DataSourceManager._register_add_or_update_datasource.<locals>.crud_method_info because it is a closure","logger":"great_expectations._docs_decorators","filename":"_docs_decorators.py","lineno":109}
{"timestamp":"2026-10-08T15:57:39.600472Z","level":"info","event":"Skipping registering function DataSourceManager._register_delete_datasource.<locals>.crud_method_info because it is a closure","logger":"great_expectations._docs_decorators","filename":"_docs_decorators.py","lineno":109}
{"timestamp":"2026-10-08T15:57:39.640152Z","level":"info","event":"Skipping registering function DataSourceManager._register_add_datasource.<locals>.crud_method_info because it is a closure","logger":"great_expectations._docs_decorators","filename":"_docs_decorators.py","lineno":109}
{"timestamp":"2026-10-08T15:57:39.640747Z","level":"info","event":"Skipping registering function DataSourceManager._register_update_datasource.<locals>.crud_method_info because it is a closure","logger":"great_expectations._docs_decorators","filename":"_docs_decorators.py","lineno":109}
{"timestamp":"2026-10-08T15:57:39.641395Z","level":"info","event":"Skipping registering function DataSourceManager._register_add_or_update_datasource.<locals>.crud_method_info because it is a closure","logger":"great_expectations._docs_decorators","filename":"_docs_decorators.py","lineno":109}
{"timestamp":"2026-10-08T15:57:39.641861Z","level":"info","event":"Skipping registering function DataSourceManager._register_delete_datasource.<locals>.crud_method_info because it is a closure","logger":"great_expectations._docs_decorators","filename":"_docs_decorators.py","lineno":109}
{"timestamp":"2026-10-08T15:57:39.863613Z","level":"info","event":"Created temporary directory '/tmp/tmp5huj4x4q' for ephemeral docs site","logger":"great_expectations.data_context.types.base","filename":"base.py","lineno":1510}
{"timestamp":"2026-10-08T15:57:39.865543Z","level":"info","event":"Loading 'datasources' ->\n[]","logger":"great_expectations.datasource.fluent.config","filename":"config.py","lineno":191}
{"timestamp":"2026-10-08T15:57:40.180076Z","level":"error","event":"\rCalculating Metrics:   0%|          | 0/95 [00:00<?, ?it/s]\rCalculating Metrics:   0%|          | 0/95 [00:00<?, ?it/s]\rCalculating Metrics:   4%|▍         | 4/95 [00:00<00:00, 4723.32it/s]\rCalculating Metrics:   4%|▍         | 4/95 [00:00<00:00, 2341.22it/s]\rCalculating Metrics:   6%|▋         | 6/95 [00:00<00:00, 3103.06it/s]\rCalculating Metrics:   6%|▋         | 6/95 [00:00<00:00, 2526.94it/s]\rCalculating Metrics:  28%|██▊       | 27/95 [00:00<00:00, 1409.99it/s]\rCalculating Metrics:  28%|██▊       | 27/95 [00:00<00:00, 1342.50it/s]\rCalculating Metrics: 100%|██████████| 95/95 [00:00<00:00, 1468.04it/s]\rCalculating Metrics: 100%|██████████| 95/95 [00:00<00:00, 1457.50it/s]\rCalculating Metrics: 100%|██████████| 95/95 [00:00<00:00, 1450.22it/s]\rCalculating Metrics: 100%|██████████| 95/95 [00:00<00:00, 1445.81it/s]","logger":"task.stderr"}
{"timestamp":"2026-10-08T15:57:40.323676Z","level":"warning","event":"GX layer=prepared rule=P10 severity=Warning result={'element_count': 82, 'unexpected_count': 70, 'unexpected_percent': np.float64(85.36585365853658), 'partial_unexpected_list': ['ambiguous', 'unmatched', 'unmatched', 'unmatched', 'unmatched', 'ambiguous', 'unmatched', 'ambiguous', 'unmatched', 'ambiguous', 'unmatched', 'unmatched', 'unmatched', 'unmatched', 'ambiguous', 'ambiguous', 'unmatched', 'unmatched', 'unmatched', 'unmatched'], 'missing_count': 0, 'missing_percent': np.float64(0.0), 'unexpected_percent_total': np.float64(85.36585365853658), 'unexpected_percent_nonmissing': np.float64(85.36585365853658), 'partial_unexpected_counts': [{'value': 'unmatched', 'count': 14}, {'value': 'ambiguous', 'count': 6}], 'partial_unexpected_index_list': [0, 1, 3, 4, 5, 6, 7, 8, 9, 10, 12, 13, 14, 15, 17, 18, 19, 20, 21, 22]}","logger":"music_pipeline","filename":"validation.py","lineno":104}
{"timestamp":"2026-10-08T15:57:40.352234Z","level":"info","event":"GX layer=prepared accepted rows=82 report=/opt/airflow/project/data/runs/223b3644bce08da3d185f044/gx_prepared.json","logger":"music_pipeline","filename":"validation.py","lineno":113}
{"timestamp":"2026-10-08T15:57:40.787225Z","level":"info","event":"DW committed {\"run_id\": \"baseline_20261008T155343Z\", \"before\": {\"fact_count\": 82, \"matched_count\": 12, \"popularity_sum\": 838.0, \"energy_sum\": 5.748}, \"after\": {\"fact_count\": 82, \"matched_count\": 12, \"popularity_sum\": 838.0, \"energy_sum\": 5.748}, \"strategy\": \"transactional_full_snapshot\"}","logger":"music_pipeline","filename":"load.py","lineno":51}
{"timestamp":"2026-10-08T15:57:40.788250Z","level":"info","event":"Done. Returned value was: {'run_id': 'baseline_20261008T155343Z', 'before': {'fact_count': 82, 'matched_count': 12, 'popularity_sum': 838.0, 'energy_sum': 5.748}, 'after': {'fact_count': 82, 'matched_count': 12, 'popularity_sum': 838.0, 'energy_sum': 5.748}, 'strategy': 'transactional_full_snapshot'}","logger":"airflow.task.operators.airflow.providers.standard.decorators.python._PythonDecoratedOperator","filename":"python.py","lineno":230}
{"timestamp":"2026-10-08T15:57:40.788938Z","level":"info","event":"Pushing xcom","ti":"RuntimeTaskInstance(id=UUID('01a11c38-d96e-7968-8213-d90f0ec9ce9b'), task_id='load_dw', dag_id='reliable_music_pipeline', run_id='baseline_20261008T155343Z', try_number=1, dag_version_id=UUID('01a11bfc-accf-79ed-b0b0-374f17a95112'), map_index=-1, hostname='15475303eb1a', context_carrier={}, task=<Task(_PythonDecoratedOperator): load_dw>, bundle_instance=LocalDagBundle(name=dags-folder), max_tries=2, start_date=datetime.datetime(2026, 10, 8, 15, 57, 19, 250998, tzinfo=datetime.timezone.utc), end_date=None, state=<TaskInstanceState.RUNNING: 'running'>, is_mapped=False, rendered_map_index=None)","logger":"task","filename":"task_runner.py","lineno":1573}
